Archive member included to satisfy reference by file (symbol)

c:/st/stm32cubeide_1.7.0/stm32cubeide/plugins/com.st.stm32cube.ide.mcu.externaltools.gnu-tools-for-stm32.9-2020-q2-update.win32_2.0.0.202105311346/tools/bin/../lib/gcc/arm-none-eabi/9.3.1/../../../../arm-none-eabi/lib/thumb/v7-m/nofp\libstdc++_nano.a(pure.o)
                              ./Core/Src/main.o (__cxa_pure_virtual)
c:/st/stm32cubeide_1.7.0/stm32cubeide/plugins/com.st.stm32cube.ide.mcu.externaltools.gnu-tools-for-stm32.9-2020-q2-update.win32_2.0.0.202105311346/tools/bin/../lib/gcc/arm-none-eabi/9.3.1/../../../../arm-none-eabi/lib/thumb/v7-m/nofp\libstdc++_nano.a(eh_terminate.o)
                              c:/st/stm32cubeide_1.7.0/stm32cubeide/plugins/com.st.stm32cube.ide.mcu.externaltools.gnu-tools-for-stm32.9-2020-q2-update.win32_2.0.0.202105311346/tools/bin/../lib/gcc/arm-none-eabi/9.3.1/../../../../arm-none-eabi/lib/thumb/v7-m/nofp\libstdc++_nano.a(pure.o) (std::terminate())
c:/st/stm32cubeide_1.7.0/stm32cubeide/plugins/com.st.stm32cube.ide.mcu.externaltools.gnu-tools-for-stm32.9-2020-q2-update.win32_2.0.0.202105311346/tools/bin/../lib/gcc/arm-none-eabi/9.3.1/../../../../arm-none-eabi/lib/thumb/v7-m/nofp\libstdc++_nano.a(eh_unex_handler.o)
                              c:/st/stm32cubeide_1.7.0/stm32cubeide/plugins/com.st.stm32cube.ide.mcu.externaltools.gnu-tools-for-stm32.9-2020-q2-update.win32_2.0.0.202105311346/tools/bin/../lib/gcc/arm-none-eabi/9.3.1/../../../../arm-none-eabi/lib/thumb/v7-m/nofp\libstdc++_nano.a(eh_terminate.o) (__cxxabiv1::__unexpected_handler)
c:/st/stm32cubeide_1.7.0/stm32cubeide/plugins/com.st.stm32cube.ide.mcu.externaltools.gnu-tools-for-stm32.9-2020-q2-update.win32_2.0.0.202105311346/tools/bin/../lib/gcc/arm-none-eabi/9.3.1/../../../../arm-none-eabi/lib/thumb/v7-m/nofp\libstdc++_nano.a(eh_term_handler.o)
                              c:/st/stm32cubeide_1.7.0/stm32cubeide/plugins/com.st.stm32cube.ide.mcu.externaltools.gnu-tools-for-stm32.9-2020-q2-update.win32_2.0.0.202105311346/tools/bin/../lib/gcc/arm-none-eabi/9.3.1/../../../../arm-none-eabi/lib/thumb/v7-m/nofp\libstdc++_nano.a(eh_terminate.o) (__cxxabiv1::__terminate_handler)
c:/st/stm32cubeide_1.7.0/stm32cubeide/plugins/com.st.stm32cube.ide.mcu.externaltools.gnu-tools-for-stm32.9-2020-q2-update.win32_2.0.0.202105311346/tools/bin/../lib/gcc/arm-none-eabi/9.3.1/../../../../arm-none-eabi/lib/thumb/v7-m/nofp\libm.a(lib_a-sf_log1p.o)
                              ./Core/Src/main.o (log1pf)
c:/st/stm32cubeide_1.7.0/stm32cubeide/plugins/com.st.stm32cube.ide.mcu.externaltools.gnu-tools-for-stm32.9-2020-q2-update.win32_2.0.0.202105311346/tools/bin/../lib/gcc/arm-none-eabi/9.3.1/../../../../arm-none-eabi/lib/thumb/v7-m/nofp\libm.a(lib_a-w_pow.o)
                              ./Core/Src/main.o (pow)
c:/st/stm32cubeide_1.7.0/stm32cubeide/plugins/com.st.stm32cube.ide.mcu.externaltools.gnu-tools-for-stm32.9-2020-q2-update.win32_2.0.0.202105311346/tools/bin/../lib/gcc/arm-none-eabi/9.3.1/../../../../arm-none-eabi/lib/thumb/v7-m/nofp\libm.a(lib_a-w_sqrt.o)
                              ./Core/Src/main.o (sqrt)
c:/st/stm32cubeide_1.7.0/stm32cubeide/plugins/com.st.stm32cube.ide.mcu.externaltools.gnu-tools-for-stm32.9-2020-q2-update.win32_2.0.0.202105311346/tools/bin/../lib/gcc/arm-none-eabi/9.3.1/../../../../arm-none-eabi/lib/thumb/v7-m/nofp\libm.a(lib_a-e_pow.o)
                              c:/st/stm32cubeide_1.7.0/stm32cubeide/plugins/com.st.stm32cube.ide.mcu.externaltools.gnu-tools-for-stm32.9-2020-q2-update.win32_2.0.0.202105311346/tools/bin/../lib/gcc/arm-none-eabi/9.3.1/../../../../arm-none-eabi/lib/thumb/v7-m/nofp\libm.a(lib_a-w_pow.o) (__ieee754_pow)
c:/st/stm32cubeide_1.7.0/stm32cubeide/plugins/com.st.stm32cube.ide.mcu.externaltools.gnu-tools-for-stm32.9-2020-q2-update.win32_2.0.0.202105311346/tools/bin/../lib/gcc/arm-none-eabi/9.3.1/../../../../arm-none-eabi/lib/thumb/v7-m/nofp\libm.a(lib_a-e_sqrt.o)
                              c:/st/stm32cubeide_1.7.0/stm32cubeide/plugins/com.st.stm32cube.ide.mcu.externaltools.gnu-tools-for-stm32.9-2020-q2-update.win32_2.0.0.202105311346/tools/bin/../lib/gcc/arm-none-eabi/9.3.1/../../../../arm-none-eabi/lib/thumb/v7-m/nofp\libm.a(lib_a-w_sqrt.o) (__ieee754_sqrt)
c:/st/stm32cubeide_1.7.0/stm32cubeide/plugins/com.st.stm32cube.ide.mcu.externaltools.gnu-tools-for-stm32.9-2020-q2-update.win32_2.0.0.202105311346/tools/bin/../lib/gcc/arm-none-eabi/9.3.1/../../../../arm-none-eabi/lib/thumb/v7-m/nofp\libm.a(lib_a-math_errf.o)
                              c:/st/stm32cubeide_1.7.0/stm32cubeide/plugins/com.st.stm32cube.ide.mcu.externaltools.gnu-tools-for-stm32.9-2020-q2-update.win32_2.0.0.202105311346/tools/bin/../lib/gcc/arm-none-eabi/9.3.1/../../../../arm-none-eabi/lib/thumb/v7-m/nofp\libm.a(lib_a-sf_log1p.o) (__math_divzerof)
[...]
Memory Configuration

Name             Origin             Length             Attributes
RAM              0x0000000020000000 0x0000000000010000 xrw
FLASH            0x0000000008000000 0x0000000000080000 xr
*default*        0x0000000000000000 0xffffffffffffffff

Linker script and memory map

LOAD c:/st/stm32cubeide_1.7.0/stm32cubeide/plugins/com.st.stm32cube.ide.mcu.externaltools.gnu-tools-for-stm32.9-2020-q2-update.win32_2.0.0.202105311346/tools/bin/../lib/gcc/arm-none-eabi/9.3.1/thumb/v7-m/nofp/crti.o
LOAD c:/st/stm32cubeide_1.7.0/stm32cubeide/plugins/com.st.stm32cube.ide.mcu.externaltools.gnu-tools-for-stm32.9-2020-q2-update.win32_2.0.0.202105311346/tools/bin/../lib/gcc/arm-none-eabi/9.3.1/thumb/v7-m/nofp/crtbegin.o
LOAD c:/st/stm32cubeide_1.7.0/stm32cubeide/plugins/com.st.stm32cube.ide.mcu.externaltools.gnu-tools-for-stm32.9-2020-q2-update.win32_2.0.0.202105311346/tools/bin/../lib/gcc/arm-none-eabi/9.3.1/../../../../arm-none-eabi/lib/thumb/v7-m/nofp/crt0.o
LOAD ./Core/Src/main.o
LOAD ./Core/Src/stm32f1xx_hal_msp.o
LOAD ./Core/Src/stm32f1xx_it.o
LOAD ./Core/Src/syscalls.o
LOAD ./Core/Src/sysmem.o
LOAD ./Core/Src/system_stm32f1xx.o
LOAD ./Core/Startup/startup_stm32f103retx.o
LOAD ./Drivers/STM32F1xx_HAL_Driver/Src/stm32f1xx_hal.o
LOAD ./Drivers/STM32F1xx_HAL_Driver/Src/stm32f1xx_hal_adc.o
LOAD ./Drivers/STM32F1xx_HAL_Driver/Src/stm32f1xx_hal_adc_ex.o
LOAD ./Drivers/STM32F1xx_HAL_Driver/Src/stm32f1xx_hal_can.o
LOAD ./Drivers/STM32F1xx_HAL_Driver/Src/stm32f1xx_hal_cortex.o
LOAD ./Drivers/STM32F1xx_HAL_Driver/Src/stm32f1xx_hal_dma.o
LOAD ./Drivers/STM32F1xx_HAL_Driver/Src/stm32f1xx_hal_exti.o
LOAD ./Drivers/STM32F1xx_HAL_Driver/Src/stm32f1xx_hal_flash.o
LOAD ./Drivers/STM32F1xx_HAL_Driver/Src/stm32f1xx_hal_flash_ex.o
LOAD ./Drivers/STM32F1xx_HAL_Driver/Src/stm32f1xx_hal_gpio.o
LOAD ./Drivers/STM32F1xx_HAL_Driver/Src/stm32f1xx_hal_gpio_ex.o
LOAD ./Drivers/STM32F1xx_HAL_Driver/Src/stm32f1xx_hal_pwr.o
LOAD ./Drivers/STM32F1xx_HAL_Driver/Src/stm32f1xx_hal_rcc.o
LOAD ./Drivers/STM32F1xx_HAL_Driver/Src/stm32f1xx_hal_rcc_ex.o
LOAD ./Drivers/STM32F1xx_HAL_Driver/Src/stm32f1xx_hal_tim.o
LOAD ./Drivers/STM32F1xx_HAL_Driver/Src/stm32f1xx_hal_tim_ex.o
LOAD ./Drivers/STM32F1xx_HAL_Driver/Src/stm32f1xx_hal_uart.o
START GROUP
LOAD c:/st/stm32cubeide_1.7.0/stm32cubeide/plugins/com.st.stm32cube.ide.mcu.externaltools.gnu-tools-for-stm32.9-2020-q2-update.win32_2.0.0.202105311346/tools/bin/../lib/gcc/arm-none-eabi/9.3.1/../../../../arm-none-eabi/lib/thumb/v7-m/nofp\libstdc++_nano.a
LOAD c:/st/stm32cubeide_1.7.0/stm32cubeide/plugins/com.st.stm32cube.ide.mcu.externaltools.gnu-tools-for-stm32.9-2020-q2-update.win32_2.0.0.202105311346/tools/bin/../lib/gcc/arm-none-eabi/9.3.1/../../../../arm-none-eabi/lib/thumb/v7-m/nofp\libsupc++_nano.a
END GROUP
LOAD c:/st/stm32cubeide_1.7.0/stm32cubeide/plugins/com.st.stm32cube.ide.mcu.externaltools.gnu-tools-for-stm32.9-2020-q2-update.win32_2.0.0.202105311346/tools/bin/../lib/gcc/arm-none-eabi/9.3.1/../../../../arm-none-eabi/lib/thumb/v7-m/nofp\libstdc++_nano.a
LOAD c:/st/stm32cubeide_1.7.0/stm32cubeide/plugins/com.st.stm32cube.ide.mcu.externaltools.gnu-tools-for-stm32.9-2020-q2-update.win32_2.0.0.202105311346/tools/bin/../lib/gcc/arm-none-eabi/9.3.1/../../../../arm-none-eabi/lib/thumb/v7-m/nofp\libm.a
LOAD c:/st/stm32cubeide_1.7.0/stm32cubeide/plugins/com.st.stm32cube.ide.mcu.externaltools.gnu-tools-for-stm32.9-2020-q2-update.win32_2.0.0.202105311346/tools/bin/../lib/gcc/arm-none-eabi/9.3.1/../../../../arm-none-eabi/lib/thumb/v7-m/nofp\libc_nano.a
START GROUP
LOAD c:/st/stm32cubeide_1.7.0/stm32cubeide/plugins/com.st.stm32cube.ide.mcu.externaltools.gnu-tools-for-stm32.9-2020-q2-update.win32_2.0.0.202105311346/tools/bin/../lib/gcc/arm-none-eabi/9.3.1/thumb/v7-m/nofp\libgcc.a
LOAD c:/st/stm32cubeide_1.7.0/stm32cubeide/plugins/com.st.stm32cube.ide.mcu.externaltools.gnu-tools-for-stm32.9-2020-q2-update.win32_2.0.0.202105311346/tools/bin/../lib/gcc/arm-none-eabi/9.3.1/../../../../arm-none-eabi/lib/thumb/v7-m/nofp\libc_nano.a
END GROUP
START GROUP
LOAD c:/st/stm32cubeide_1.7.0/stm32cubeide/plugins/com.st.stm32cube.ide.mcu.externaltools.gnu-tools-for-stm32.9-2020-q2-update.win32_2.0.0.202105311346/tools/bin/../lib/gcc/arm-none-eabi/9.3.1/thumb/v7-m/nofp\libgcc.a
LOAD c:/st/stm32cubeide_1.7.0/stm32cubeide/plugins/com.st.stm32cube.ide.mcu.externaltools.gnu-tools-for-stm32.9-2020-q2-update.win32_2.0.0.202105311346/tools/bin/../lib/gcc/arm-none-eabi/9.3.1/../../../../arm-none-eabi/lib/thumb/v7-m/nofp\libc_nano.a
LOAD c:/st/stm32cubeide_1.7.0/stm32cubeide/plugins/com.st.stm32cube.ide.mcu.externaltools.gnu-tools-for-stm32.9-2020-q2-update.win32_2.0.0.202105311346/tools/bin/../lib/gcc/arm-none-eabi/9.3.1/../../../../arm-none-eabi/lib/thumb/v7-m/nofp\libnosys.a
END GROUP
START GROUP
LOAD c:/st/stm32cubeide_1.7.0/stm32cubeide/plugins/com.st.stm32cube.ide.mcu.externaltools.gnu-tools-for-stm32.9-2020-q2-update.win32_2.0.0.202105311346/tools/bin/../lib/gcc/arm-none-eabi/9.3.1/thumb/v7-m/nofp\libgcc.a
LOAD c:/st/stm32cubeide_1.7.0/stm32cubeide/plugins/com.st.stm32cube.ide.mcu.externaltools.gnu-tools-for-stm32.9-2020-q2-update.win32_2.0.0.202105311346/tools/bin/../lib/gcc/arm-none-eabi/9.3.1/../../../../arm-none-eabi/lib/thumb/v7-m/nofp\libc_nano.a
LOAD c:/st/stm32cubeide_1.7.0/stm32cubeide/plugins/com.st.stm32cube.ide.mcu.externaltools.gnu-tools-for-stm32.9-2020-q2-update.win32_2.0.0.202105311346/tools/bin/../lib/gcc/arm-none-eabi/9.3.1/../../../../arm-none-eabi/lib/thumb/v7-m/nofp\libnosys.a
END GROUP
LOAD c:/st/stm32cubeide_1.7.0/stm32cubeide/plugins/com.st.stm32cube.ide.mcu.externaltools.gnu-tools-for-stm32.9-2020-q2-update.win32_2.0.0.202105311346/tools/bin/../lib/gcc/arm-none-eabi/9.3.1/thumb/v7-m/nofp/crtend.o
LOAD c:/st/stm32cubeide_1.7.0/stm32cubeide/plugins/com.st.stm32cube.ide.mcu.externaltools.gnu-tools-for-stm32.9-2020-q2-update.win32_2.0.0.202105311346/tools/bin/../lib/gcc/arm-none-eabi/9.3.1/thumb/v7-m/nofp/crtn.o
                0x0000000020010000                _estack = (ORIGIN (RAM) + LENGTH (RAM))
                0x0000000000000200                _Min_Heap_Size = 0x200
                0x0000000000000400                _Min_Stack_Size = 0x400

.isr_vector     0x0000000008000000      0x1e4
                0x0000000008000000                . = ALIGN (0x4)
 *(.isr_vector)
 .isr_vector    0x0000000008000000      0x1e4 ./Core/Startup/startup_stm32f103retx.o
                0x0000000008000000                g_pfnVectors
                0x00000000080001e4                . = ALIGN (0x4)

.text           0x00000000080001e8     0xae1c
                0x00000000080001e8                . = ALIGN (0x4)
 *(.text)
 .text          0x00000000080001e8       0x40 c:/st/stm32cubeide_1.7.0/stm32cubeide/plugins/com.st.stm32cube.ide.mcu.externaltools.gnu-tools-for-stm32.9-2020-q2-update.win32_2.0.0.202105311346/tools/bin/../lib/gcc/arm-none-eabi/9.3.1/thumb/v7-m/nofp/crtbegin.o
 .text          0x0000000008000228      0x378 c:/st/stm32cubeide_1.7.0/stm32cubeide/plugins/com.st.stm32cube.ide.mcu.externaltools.gnu-tools-for-stm32.9-2020-q2-update.win32_2.0.0.202105311346/tools/bin/../lib/gcc/arm-none-eabi/9.3.1/thumb/v7-m/nofp\libgcc.a(_arm_addsubdf3.o)
                0x0000000008000228                __aeabi_drsub
                0x0000000008000230                __aeabi_dsub
                0x0000000008000230                __subdf3
                0x0000000008000234                __aeabi_dadd
                0x0000000008000234                __adddf3
                0x00000000080004ac                __floatunsidf
                0x00000000080004ac                __aeabi_ui2d
                0x00000000080004cc                __floatsidf
                0x00000000080004cc                __aeabi_i2d
                0x00000000080004f0                __aeabi_f2d
                0x00000000080004f0                __extendsfdf2
                0x0000000008000534                __floatundidf
                0x0000000008000534                __aeabi_ul2d
                0x0000000008000544                __floatdidf
                0x0000000008000544                __aeabi_l2d
 .text          0x00000000080005a0      0x424 c:/st/stm32cubeide_1.7.0/stm32cubeide/plugins/com.st.stm32cube.ide.mcu.externaltools.gnu-tools-for-stm32.9-2020-q2-update.win32_2.0.0.202105311346/tools/bin/../lib/gcc/arm-none-eabi/9.3.1/thumb/v7-m/nofp\libgcc.a(_arm_muldivdf3.o)
                0x00000000080005a0                __aeabi_dmul
                0x00000000080005a0                __muldf3
                0x00000000080007f4                __divdf3
                0x00000000080007f4                __aeabi_ddiv
 .text          0x00000000080009c4      0x110 c:/st/stm32cubeide_1.7.0/stm32cubeide/plugins/com.st.stm32cube.ide.mcu.externaltools.gnu-tools-for-stm32.9-2020-q2-update.win32_2.0.0.202105311346/tools/bin/../lib/gcc/arm-none-eabi/9.3.1/thumb/v7-m/nofp\libgcc.a(_arm_cmpdf2.o)
                0x00000000080009c4                __gtdf2
                0x00000000080009c4                __gedf2
                0x00000000080009cc                __ltdf2
                0x00000000080009cc                __ledf2
                0x00000000080009d4                __nedf2
                0x00000000080009d4                __eqdf2
                0x00000000080009d4                __cmpdf2
                0x0000000008000a50                __aeabi_cdrcmple
                0x0000000008000a60                __aeabi_cdcmpeq
                0x0000000008000a60                __aeabi_cdcmple
                0x0000000008000a70                __aeabi_dcmpeq
                0x0000000008000a84                __aeabi_dcmplt
                0x0000000008000a98                __aeabi_dcmple
                0x0000000008000aac                __aeabi_dcmpge
                0x0000000008000ac0                __aeabi_dcmpgt
 .text          0x0000000008000ad4       0x2c c:/st/stm32cubeide_1.7.0/stm32cubeide/plugins/com.st.stm32cube.ide.mcu.externaltools.gnu-tools-for-stm32.9-2020-q2-update.win32_2.0.0.202105311346/tools/bin/../lib/gcc/arm-none-eabi/9.3.1/thumb/v7-m/nofp\libgcc.a(_arm_unorddf2.o)
                0x0000000008000ad4                __unorddf2
                0x0000000008000ad4                __aeabi_dcmpun
 .text          0x0000000008000b00       0x50 c:/st/stm32cubeide_1.7.0/stm32cubeide/plugins/com.st.stm32cube.ide.mcu.externaltools.gnu-tools-for-stm32.9-2020-q2-update.win32_2.0.0.202105311346/tools/bin/../lib/gcc/arm-none-eabi/9.3.1/thumb/v7-m/nofp\libgcc.a(_arm_fixdfsi.o)
                0x0000000008000b00                __aeabi_d2iz
                0x0000000008000b00                __fixdfsi
 .text          0x0000000008000b50      0x21c c:/st/stm32cubeide_1.7.0/stm32cubeide/plugins/com.st.stm32cube.ide.mcu.externaltools.gnu-tools-for-stm32.9-2020-q2-update.win32_2.0.0.202105311346/tools/bin/../lib/gcc/arm-none-eabi/9.3.1/thumb/v7-m/nofp\libgcc.a(_arm_addsubsf3.o)
                0x0000000008000b50                __aeabi_frsub
                0x0000000008000b58                __subsf3
                0x0000000008000b58                __aeabi_fsub
                0x0000000008000b5c                __aeabi_fadd
                0x0000000008000b5c                __addsf3
                0x0000000008000cbc                __aeabi_ui2f
                0x0000000008000cbc                __floatunsisf
                0x0000000008000cc4                __aeabi_i2f
                0x0000000008000cc4                __floatsisf
                0x0000000008000ce0                __aeabi_ul2f
                0x0000000008000ce0                __floatundisf
                0x0000000008000cf0                __aeabi_l2f
                0x0000000008000cf0                __floatdisf
 .text          0x0000000008000d6c      0x2a0 c:/st/stm32cubeide_1.7.0/stm32cubeide/plugins/com.st.stm32cube.ide.mcu.externaltools.gnu-tools-for-stm32.9-2020-q2-update.win32_2.0.0.202105311346/tools/bin/../lib/gcc/arm-none-eabi/9.3.1/thumb/v7-m/nofp\libgcc.a(_arm_muldivsf3.o)
                0x0000000008000d6c                __mulsf3
                0x0000000008000d6c                __aeabi_fmul
                0x0000000008000ed4                __aeabi_fdiv
                0x0000000008000ed4                __divsf3
 .text          0x000000000800100c       0xec c:/st/stm32cubeide_1.7.0/stm32cubeide/plugins/com.st.stm32cube.ide.mcu.externaltools.gnu-tools-for-stm32.9-2020-q2-update.win32_2.0.0.202105311346/tools/bin/../lib/gcc/arm-none-eabi/9.3.1/thumb/v7-m/nofp\libgcc.a(_arm_cmpsf2.o)
                0x000000000800100c                __gesf2
                0x000000000800100c                __gtsf2
                0x0000000008001014                __lesf2
                0x0000000008001014                __ltsf2
                0x000000000800101c                __nesf2
                0x000000000800101c                __eqsf2
                0x000000000800101c                __cmpsf2
                0x000000000800107c                __aeabi_cfrcmple
                0x0000000008001084                __aeabi_cfcmpeq
                0x0000000008001084                __aeabi_cfcmple
                0x0000000008001094                __aeabi_fcmpeq
                0x00000000080010a8                __aeabi_fcmplt
                0x00000000080010bc                __aeabi_fcmple
                0x00000000080010d0                __aeabi_fcmpge
                0x00000000080010e4                __aeabi_fcmpgt
 .text          0x00000000080010f8       0x2c c:/st/stm32cubeide_1.7.0/stm32cubeide/plugins/com.st.stm32cube.ide.mcu.externaltools.gnu-tools-for-stm32.9-2020-q2-update.win32_2.0.0.202105311346/tools/bin/../lib/gcc/arm-none-eabi/9.3.1/thumb/v7-m/nofp\libgcc.a(_arm_unordsf2.o)
                0x00000000080010f8                __unordsf2
                0x00000000080010f8                __aeabi_fcmpun
 .text          0x0000000008001124       0x4c c:/st/stm32cubeide_1.7.0/stm32cubeide/plugins/com.st.stm32cube.ide.mcu.externaltools.gnu-tools-for-stm32.9-2020-q2-update.win32_2.0.0.202105311346/tools/bin/../lib/gcc/arm-none-eabi/9.3.1/thumb/v7-m/nofp\libgcc.a(_arm_fixsfsi.o)
                0x0000000008001124                __aeabi_f2iz
                0x0000000008001124                __fixsfsi
 .text          0x0000000008001170       0x40 c:/st/stm32cubeide_1.7.0/stm32cubeide/plugins/com.st.stm32cube.ide.mcu.externaltools.gnu-tools-for-stm32.9-2020-q2-update.win32_2.0.0.202105311346/tools/bin/../lib/gcc/arm-none-eabi/9.3.1/thumb/v7-m/nofp\libgcc.a(_arm_fixunssfsi.o)
                0x0000000008001170                __fixunssfsi
                0x0000000008001170                __aeabi_f2uiz
 *(.text*)
 .text._ZN9Publisher9subscribeEP10Subscriber
                0x00000000080011b0       0x1c ./Core/Src/main.o
                0x00000000080011b0                Publisher::subscribe(Subscriber*)
 .text._ZN9Publisher11unsubscribeEP10Subscriber
                0x00000000080011cc       0x1c ./Core/Src/main.o
                0x00000000080011cc                Publisher::unsubscribe(Subscriber*)
 .text._ZN9Publisher6notifyEv
                0x00000000080011e8       0x6c ./Core/Src/main.o
                0x00000000080011e8                Publisher::notify()
 .text._ZN9PublisherC2Ev
                0x0000000008001254       0x1a ./Core/Src/main.o
                0x0000000008001254                Publisher::Publisher()
                0x0000000008001254                Publisher::Publisher()
 .text._ZN11TickUpdater7SubtickC2Ev
                0x000000000800126e       0x1a ./Core/Src/main.o
                0x000000000800126e                TickUpdater::Subtick::Subtick()
                0x000000000800126e                TickUpdater::Subtick::Subtick()
 .text._ZN11TickUpdaterC2Ev
                0x0000000008001288       0x48 ./Core/Src/main.o
                0x0000000008001288                TickUpdater::TickUpdater()
                0x0000000008001288                TickUpdater::TickUpdater()
 .text.HAL_IncTick
                0x00000000080012d0       0x14 ./Core/Src/main.o
                0x00000000080012d0                HAL_IncTick
 .text._ZN14TickSubscriber9subscribeEv
                0x00000000080012e4       0x34 ./Core/Src/main.o
                0x00000000080012e4                TickSubscriber::subscribe()
 .text._ZN14TickSubscriber11unsubscribeEv
                0x0000000008001318       0x2c ./Core/Src/main.o
                0x0000000008001318                TickSubscriber::unsubscribe()
 .text._ZN10SubscriberC2Ev
                0x0000000008001344       0x20 ./Core/Src/main.o
                0x0000000008001344                Subscriber::Subscriber()
                0x0000000008001344                Subscriber::Subscriber()
 .text._ZN14TickSubscriberC2Ev
                0x0000000008001364       0x24 ./Core/Src/main.o
                0x0000000008001364                TickSubscriber::TickSubscriber()
                0x0000000008001364                TickSubscriber::TickSubscriber()
 .text._ZN5TimerC2Ev
                0x0000000008001388       0x30 ./Core/Src/main.o
                0x0000000008001388                Timer::Timer()
                0x0000000008001388                Timer::Timer()
 .text._ZN5TimerC2Em
                0x00000000080013b8       0x3c ./Core/Src/main.o
                0x00000000080013b8                Timer::Timer(unsigned long)
                0x00000000080013b8                Timer::Timer(unsigned long)
 .text._ZN5Timer6notifyEv
                0x00000000080013f4       0x1c ./Core/Src/main.o
                0x00000000080013f4                Timer::notify()
 .text._ZN11TickUpdater9interruptEv
                0x0000000008001410       0x18 ./Core/Src/main.o
                0x0000000008001410                TickUpdater::interrupt()
 .text._ZN5Timer5startEm
                0x0000000008001428       0x26 ./Core/Src/main.o
                0x0000000008001428                Timer::start(unsigned long)
 .text._ZN5Timer5eventEv
                0x000000000800144e       0x34 ./Core/Src/main.o
                0x000000000800144e                Timer::event()
 .text._ZN5Timer4stopEv
                0x0000000008001482       0x1e ./Core/Src/main.o
                0x0000000008001482                Timer::stop()
 .text._ZN5Timer4doneEv
                0x00000000080014a0       0x24 ./Core/Src/main.o
                0x00000000080014a0                Timer::done()
 .text._ZN5Timer5startEv
                0x00000000080014c4       0x18 ./Core/Src/main.o
                0x00000000080014c4                Timer::start()
 .text._ZN5Timer7isCountEv
                0x00000000080014dc       0x16 ./Core/Src/main.o
                0x00000000080014dc                Timer::isCount()
 .text._ZN9Interrupt9subscribeEP12Interrupting
                0x00000000080014f2       0x1a ./Core/Src/main.o
                0x00000000080014f2                Interrupt::subscribe(Interrupting*)
 .text._ZN9Interrupt9interruptEv
                0x000000000800150c       0x20 ./Core/Src/main.o
                0x000000000800150c                Interrupt::interrupt()
 .text._ZN4ADC_13adc_interruptEv
                0x000000000800152c       0x48 ./Core/Src/main.o
                0x000000000800152c                ADC_::adc_interrupt()
 .text._ZN4ADC_22adc_injected_interruptEv
                0x0000000008001574      0x6c0 ./Core/Src/main.o
                0x0000000008001574                ADC_::adc_injected_interrupt()
 .text._ZN12InterruptingC2Ev
                0x0000000008001c34       0x20 ./Core/Src/main.o
                0x0000000008001c34                Interrupting::Interrupting()
                0x0000000008001c34                Interrupting::Interrupting()
 .text._ZN4ADC_13ADC_interruptC2ERS_
                0x0000000008001c54       0x3c ./Core/Src/main.o
                0x0000000008001c54                ADC_::ADC_interrupt::ADC_interrupt(ADC_&)
                0x0000000008001c54                ADC_::ADC_interrupt::ADC_interrupt(ADC_&)
 .text._ZN4ADC_13ADC_interrupt9interruptEv
                0x0000000008001c90       0x1a ./Core/Src/main.o
                0x0000000008001c90                ADC_::ADC_interrupt::interrupt()
 *fill*         0x0000000008001caa        0x2 
 .text._ZN4ADC_17ADC_INJ_interruptC2ERS_
                0x0000000008001cac       0x3c ./Core/Src/main.o
                0x0000000008001cac                ADC_::ADC_INJ_interrupt::ADC_INJ_interrupt(ADC_&)
                0x0000000008001cac                ADC_::ADC_INJ_interrupt::ADC_INJ_interrupt(ADC_&)
 .text._ZN4ADC_17ADC_INJ_interrupt9interruptEv
                0x0000000008001ce8       0x1a ./Core/Src/main.o
                0x0000000008001ce8                ADC_::ADC_INJ_interrupt::interrupt()
 *fill*         0x0000000008001d02        0x2 
 .text._ZN4ADC_C2ER9InterruptS1_ht
                0x0000000008001d04      0x1ec ./Core/Src/main.o
                0x0000000008001d04                ADC_::ADC_(Interrupt&, Interrupt&, unsigned char, unsigned short)
                0x0000000008001d04                ADC_::ADC_(Interrupt&, Interrupt&, unsigned char, unsigned short)
 .text._ZN4ADC_14measure_offsetEv
                0x0000000008001ef0       0x1a ./Core/Src/main.o
                0x0000000008001ef0                ADC_::measure_offset()
 .text._ZN4ADC_13measure_valueEv
                0x0000000008001f0a       0x1a ./Core/Src/main.o
                0x0000000008001f0a                ADC_::measure_value()
 .text._ZN4ADC_ixEh
                0x0000000008001f24       0x22 ./Core/Src/main.o
                0x0000000008001f24                ADC_::operator[](unsigned char)
 .text._ZN4ADC_5valueEh
                0x0000000008001f46       0x6a ./Core/Src/main.o
                0x0000000008001f46                ADC_::value(unsigned char)
 .text._ZN4ADC_7currentEv
                0x0000000008001fb0       0x1a ./Core/Src/main.o
                0x0000000008001fb0                ADC_::current()
 .text._ZN4ADC_8value_HVEv
                0x0000000008001fca       0x18 ./Core/Src/main.o
                0x0000000008001fca                ADC_::value_HV()
 .text._ZN4ADC_13reset_measureEv
                0x0000000008001fe2       0x1a ./Core/Src/main.o
                0x0000000008001fe2                ADC_::reset_measure()
 .text._ZN4ADC_11reset_errorEv
                0x0000000008001ffc       0x1a ./Core/Src/main.o
                0x0000000008001ffc                ADC_::reset_error()
 .text._ZN4ADC_9is_over_sEv
                0x0000000008002016       0x18 ./Core/Src/main.o
                0x0000000008002016                ADC_::is_over_s()
 .text._ZN4ADC_12reset_over_sEv
                0x000000000800202e       0x1a ./Core/Src/main.o
                0x000000000800202e                ADC_::reset_over_s()
 .text._ZN4ADC_9is_over_aEv
                0x0000000008002048       0x18 ./Core/Src/main.o
                0x0000000008002048                ADC_::is_over_a()
 .text._ZN4ADC_12reset_over_aEv
                0x0000000008002060       0x1a ./Core/Src/main.o
                0x0000000008002060                ADC_::reset_over_a()
 .text._ZN4ADC_9is_over_cEv
                0x000000000800207a       0x18 ./Core/Src/main.o
                0x000000000800207a                ADC_::is_over_c()
 .text._ZN4ADC_12reset_over_cEv
                0x0000000008002092       0x1a ./Core/Src/main.o
                0x0000000008002092                ADC_::reset_over_c()
 .text._ZN4ADC_11is_error_HVEv
                0x00000000080020ac       0x18 ./Core/Src/main.o
                0x00000000080020ac                ADC_::is_error_HV()
 .text._ZN4ADC_14reset_error_HVEv
                0x00000000080020c4       0x1a ./Core/Src/main.o
                0x00000000080020c4                ADC_::reset_error_HV()
 .text._ZN4ADC_7what_KmEt
                0x00000000080020de       0x28 ./Core/Src/main.o
                0x00000000080020de                ADC_::what_Km(unsigned short)
 *fill*         0x0000000008002106        0x2 
 .text._ZN4ADC_6notifyEv
                0x0000000008002108       0x78 ./Core/Src/main.o
                0x0000000008002108                ADC_::notify()
 .text._ZN4ADC_15set_max_currentEt
                0x0000000008002180       0x1e ./Core/Src/main.o
                0x0000000008002180                ADC_::set_max_current(unsigned short)
 .text._ZN4ADC_21set_max_current_phaseEt
                0x000000000800219e       0x1e ./Core/Src/main.o
                0x000000000800219e                ADC_::set_max_current_phase(unsigned short)
 .text.HAL_ADC_ConvCpltCallback
                0x00000000080021bc       0x28 ./Core/Src/main.o
                0x00000000080021bc                HAL_ADC_ConvCpltCallback
 .text.HAL_ADCEx_InjectedConvCpltCallback
                0x00000000080021e4       0x28 ./Core/Src/main.o
                0x00000000080021e4                HAL_ADCEx_InjectedConvCpltCallback
 .text._ZN3PinC2EP12GPIO_TypeDeft
                0x000000000800220c       0x26 ./Core/Src/main.o
                0x000000000800220c                Pin::Pin(GPIO_TypeDef*, unsigned short)
                0x000000000800220c                Pin::Pin(GPIO_TypeDef*, unsigned short)
 .text._ZN3Pin3setEv
                0x0000000008002232       0x20 ./Core/Src/main.o
                0x0000000008002232                Pin::set()
 .text._ZN3Pin5clearEv
                0x0000000008002252       0x20 ./Core/Src/main.o
                0x0000000008002252                Pin::clear()
 .text._ZN3Pin6is_setEv
                0x0000000008002272       0x2c ./Core/Src/main.o
                0x0000000008002272                Pin::is_set()
 .text._ZN3PinaSEb
                0x000000000800229e       0x2a ./Core/Src/main.o
                0x000000000800229e                Pin::operator=(bool)
 .text._ZN3PincvbEv
                0x00000000080022c8       0x18 ./Core/Src/main.o
                0x00000000080022c8                Pin::operator bool()
 .text._ZN3NTCC2Ev
                0x00000000080022e0       0x28 ./Core/Src/main.o
                0x00000000080022e0                NTC::NTC()
                0x00000000080022e0                NTC::NTC()
 .text._ZN3NTCclEt
                0x0000000008002308       0xdc ./Core/Src/main.o
                0x0000000008002308                NTC::operator()(unsigned short)
 .text.HAL_UART_TxCpltCallback
                0x00000000080023e4       0x28 ./Core/Src/main.o
                0x00000000080023e4                HAL_UART_TxCpltCallback
 .text.HAL_UARTEx_RxEventCallback
                0x000000000800240c       0x2c ./Core/Src/main.o
                0x000000000800240c                HAL_UARTEx_RxEventCallback
 .text._ZN9ContactorC2ER4ADC_R7ServiceI7In_data8Out_dataE
                0x0000000008002438       0x3e ./Core/Src/main.o
                0x0000000008002438                Contactor::Contactor(ADC_&, Service<In_data, Out_data>&)
                0x0000000008002438                Contactor::Contactor(ADC_&, Service<In_data, Out_data>&)
 .text._ZN9Contactor5startEv
                0x0000000008002476       0x26 ./Core/Src/main.o
                0x0000000008002476                Contactor::start()
 .text._ZN9Contactor4stopEv
                0x000000000800249c       0x3c ./Core/Src/main.o
                0x000000000800249c                Contactor::stop()
 .text._ZN9Contactor5is_onEv
                0x00000000080024d8       0x16 ./Core/Src/main.o
                0x00000000080024d8                Contactor::is_on()
 *fill*         0x00000000080024ee        0x2 
 .text._ZN9ContactorclEv
                0x00000000080024f0      0x114 ./Core/Src/main.o
                0x00000000080024f0                Contactor::operator()()
 .text._ZN9Convertor14TIM3_interruptC2ERS_
                0x0000000008002604       0x3c ./Core/Src/main.o
                0x0000000008002604                Convertor::TIM3_interrupt::TIM3_interrupt(Convertor&)
                0x0000000008002604                Convertor::TIM3_interrupt::TIM3_interrupt(Convertor&)
 .text._ZN9Convertor14TIM3_interrupt9interruptEv
                0x0000000008002640       0x1a ./Core/Src/main.o
                0x0000000008002640                Convertor::TIM3_interrupt::interrupt()
 *fill*         0x000000000800265a        0x2 
 .text._ZN9Convertor16period_interruptEv
                0x000000000800265c      0x128 ./Core/Src/main.o
                0x000000000800265c                Convertor::period_interrupt()
 .text._ZN9ConvertorC2ER4ADC_R7ServiceI7In_data8Out_dataER9ContactorR9InterruptR3PinSC_SC_SC_SC_SC_SC_SC_SC_
                0x0000000008002784      0x1f4 ./Core/Src/main.o
                0x0000000008002784                Convertor::Convertor(ADC_&, Service<In_data, Out_data>&, Contactor&, Interrupt&, Pin&, Pin&, Pin&, Pin&, Pin&, Pin&, Pin&, Pin&, Pin&)
                0x0000000008002784                Convertor::Convertor(ADC_&, Service<In_data, Out_data>&, Contactor&, Interrupt&, Pin&, Pin&, Pin&, Pin&, Pin&, Pin&, Pin&, Pin&, Pin&)
 .text._ZN9ConvertorclEv
                0x0000000008002978      0xbbc ./Core/Src/main.o
                0x0000000008002978                Convertor::operator()()
 .text._ZN9Convertor4puskEv
                0x0000000008003534      0x15c ./Core/Src/main.o
                0x0000000008003534                Convertor::pusk()
 .text._ZN9Convertor4stopEv
                0x0000000008003690       0xa0 ./Core/Src/main.o
                0x0000000008003690                Convertor::stop()
 .text._ZN9Convertor5alarmEv
                0x0000000008003730      0x470 ./Core/Src/main.o
                0x0000000008003730                Convertor::alarm()
 .text.HAL_TIM_PeriodElapsedCallback
                0x0000000008003ba0       0x28 ./Core/Src/main.o
                0x0000000008003ba0                HAL_TIM_PeriodElapsedCallback
 .text.main     0x0000000008003bc8      0x198 ./Core/Src/main.o
                0x0000000008003bc8                main
 .text._Z18SystemClock_Configv
                0x0000000008003d60       0xda ./Core/Src/main.o
                0x0000000008003d60                SystemClock_Config()
 *fill*         0x0000000008003e3a        0x2 
 .text._ZL12MX_ADC1_Initv
                0x0000000008003e3c      0x104 ./Core/Src/main.o
 .text._ZL12MX_ADC2_Initv
                0x0000000008003f40      0x144 ./Core/Src/main.o
 .text._ZL12MX_TIM1_Initv
                0x0000000008004084      0x174 ./Core/Src/main.o
 .text._ZL12MX_TIM3_Initv
                0x00000000080041f8       0xcc ./Core/Src/main.o
 .text._ZL12MX_TIM4_Initv
                0x00000000080042c4       0xd0 ./Core/Src/main.o
 .text._ZL19MX_USART3_UART_Initv
                0x0000000008004394       0x5c ./Core/Src/main.o
 .text._ZL11MX_DMA_Initv
                0x00000000080043f0       0x5c ./Core/Src/main.o
 .text._ZL12MX_GPIO_Initv
                0x000000000800444c      0x154 ./Core/Src/main.o
 .text.Error_Handler
                0x00000000080045a0        0xa ./Core/Src/main.o
                0x00000000080045a0                Error_Handler
 .text._ZN13Static_vectorIP10SubscriberLj12EE9push_backES1_
                0x00000000080045aa       0x2e ./Core/Src/main.o
                0x00000000080045aa                Static_vector<Subscriber*, 12u>::push_back(Subscriber*)
 .text._ZN13Static_vectorIP10SubscriberLj12EE6removeES1_
                0x00000000080045d8       0x74 ./Core/Src/main.o
                0x00000000080045d8                Static_vector<Subscriber*, 12u>::remove(Subscriber*)
 .text._ZNK13Static_vectorIP10SubscriberLj12EE4cendEv
                0x000000000800464c       0x18 ./Core/Src/main.o
                0x000000000800464c                Static_vector<Subscriber*, 12u>::cend() const
 .text._ZNK13Static_vectorIP10SubscriberLj12EEixEj
                0x0000000008004664       0x1c ./Core/Src/main.o
                0x0000000008004664                Static_vector<Subscriber*, 12u>::operator[](unsigned int) const
 .text._ZN13Static_vectorIP10SubscriberLj12EEC2Ev
                0x0000000008004680       0x14 ./Core/Src/main.o
                0x0000000008004680                Static_vector<Subscriber*, 12u>::Static_vector()
                0x0000000008004680                Static_vector<Subscriber*, 12u>::Static_vector()
 .text._ZN10SystemTick13initInterruptILt1000EEEvv
                0x0000000008004694       0x2c ./Core/Src/main.o
                0x0000000008004694                void SystemTick::initInterrupt<(unsigned short)1000>()
 .text._ZSt3powIiiEN9__gnu_cxx11__promote_2IT_T0_NS0_9__promoteIS2_XsrSt12__is_integerIS2_E7__valueEE6__typeENS4_IS3_XsrS5_IS3_E7__valueEE6__typeEE6__typeES2_S3_
                0x00000000080046c0       0x34 ./Core/Src/main.o
                0x00000000080046c0                __gnu_cxx::__promote_2<int, int, __gnu_cxx::__promote<int, std::__is_integer<int>::__value>::__type, __gnu_cxx::__promote<int, std::__is_integer<int>::__value>::__type>::__type std::pow<int, int>(int, int)
 .text._ZN7ServiceI7In_data8Out_dataEclEv
                0x00000000080046f4      0x3c8 ./Core/Src/main.o
                0x00000000080046f4                Service<In_data, Out_data>::operator()()
 .text._ZN5UART_ILj26EEC2ER3Pin
                0x0000000008004abc       0x24 ./Core/Src/main.o
                0x0000000008004abc                UART_<26u>::UART_(Pin&)
                0x0000000008004abc                UART_<26u>::UART_(Pin&)
 .text._ZN7ServiceI7In_data8Out_dataEC2ER4ADC_R3NTCR5UART_ILj26EER9InterruptSB_
                0x0000000008004ae0       0xd0 ./Core/Src/main.o
                0x0000000008004ae0                Service<In_data, Out_data>::Service(ADC_&, NTC&, UART_<26u>&, Interrupt&, Interrupt&)
                0x0000000008004ae0                Service<In_data, Out_data>::Service(ADC_&, NTC&, UART_<26u>&, Interrupt&, Interrupt&)
 .text._ZN10Net_bufferILh26EEixEi
                0x0000000008004bb0       0x1e ./Core/Src/main.o
                0x0000000008004bb0                Net_buffer<(unsigned char)26>::operator[](int)
 .text._ZN10Net_bufferILh26EE5clearEv
                0x0000000008004bce       0x1e ./Core/Src/main.o
                0x0000000008004bce                Net_buffer<(unsigned char)26>::clear()
 .text._ZN10Net_bufferILh26EElsEt
                0x0000000008004bec       0x3c ./Core/Src/main.o
                0x0000000008004bec                Net_buffer<(unsigned char)26>::operator<<(unsigned short)
 .text._ZN10Net_bufferILh26EElsEs
                0x0000000008004c28       0x3c ./Core/Src/main.o
                0x0000000008004c28                Net_buffer<(unsigned char)26>::operator<<(short)
 .text._ZN10Net_bufferILh26EElsEc
                0x0000000008004c64       0x3a ./Core/Src/main.o
                0x0000000008004c64                Net_buffer<(unsigned char)26>::operator<<(char)
 .text._ZN10Net_bufferILh26EE4sizeEv
                0x0000000008004c9e       0x1e ./Core/Src/main.o
                0x0000000008004c9e                Net_buffer<(unsigned char)26>::size()
 .text._ZN5UART_ILj26EE8transmitEv
                0x0000000008004cbc       0x44 ./Core/Src/main.o
                0x0000000008004cbc                UART_<26u>::transmit()
 .text._ZN5UART_ILj26EE7receiveEv
                0x0000000008004d00       0x38 ./Core/Src/main.o
                0x0000000008004d00                UART_<26u>::receive()
 .text._ZN10Net_bufferILh26EEC2Ev
                0x0000000008004d38       0x18 ./Core/Src/main.o
                0x0000000008004d38                Net_buffer<(unsigned char)26>::Net_buffer()
                0x0000000008004d38                Net_buffer<(unsigned char)26>::Net_buffer()
 .text._ZN7ServiceI7In_data8Out_dataE14uart_interruptC2ERS2_
                0x0000000008004d50       0x3c ./Core/Src/main.o
                0x0000000008004d50                Service<In_data, Out_data>::uart_interrupt::uart_interrupt(Service<In_data, Out_data>&)
                0x0000000008004d50                Service<In_data, Out_data>::uart_interrupt::uart_interrupt(Service<In_data, Out_data>&)
 .text._ZN7ServiceI7In_data8Out_dataE13dma_interruptC2ERS2_
                0x0000000008004d8c       0x3c ./Core/Src/main.o
                0x0000000008004d8c                Service<In_data, Out_data>::dma_interrupt::dma_interrupt(Service<In_data, Out_data>&)
                0x0000000008004d8c                Service<In_data, Out_data>::dma_interrupt::dma_interrupt(Service<In_data, Out_data>&)
 .text._ZN10Net_bufferILh26EE8to_bytesEtRhS1_
                0x0000000008004dc8       0x2a ./Core/Src/main.o
                0x0000000008004dc8                Net_buffer<(unsigned char)26>::to_bytes(unsigned short, unsigned char&, unsigned char&)
 .text._ZN10Net_bufferILh26EElsEh
                0x0000000008004df2       0x3a ./Core/Src/main.o
                0x0000000008004df2                Net_buffer<(unsigned char)26>::operator<<(unsigned char)
 .text._ZN10Net_bufferILh26EE3ptrEv
                0x0000000008004e2c       0x16 ./Core/Src/main.o
                0x0000000008004e2c                Net_buffer<(unsigned char)26>::ptr()
 *fill*         0x0000000008004e42        0x2 
 .text._Z41__static_initialization_and_destruction_0ii
                0x0000000008004e44       0x2c ./Core/Src/main.o
 .text._ZN7ServiceI7In_data8Out_dataE13dma_interrupt9interruptEv
                0x0000000008004e70       0x1a ./Core/Src/main.o
                0x0000000008004e70                Service<In_data, Out_data>::dma_interrupt::interrupt()
 .text._ZN7ServiceI7In_data8Out_dataE14uart_interrupt9interruptEv
                0x0000000008004e8a       0x1a ./Core/Src/main.o
                0x0000000008004e8a                Service<In_data, Out_data>::uart_interrupt::interrupt()
 .text._ZN7ServiceI7In_data8Out_dataE12dmaInterruptEv
                0x0000000008004ea4       0x1a ./Core/Src/main.o
                0x0000000008004ea4                Service<In_data, Out_data>::dmaInterrupt()
 .text._ZN7ServiceI7In_data8Out_dataE13uartInterruptEv
                0x0000000008004ebe       0x22 ./Core/Src/main.o
                0x0000000008004ebe                Service<In_data, Out_data>::uartInterrupt()
 .text._GLOBAL__sub_I_systemtick
                0x0000000008004ee0       0x10 ./Core/Src/main.o
 .text.HAL_MspInit
                0x0000000008004ef0       0x64 ./Core/Src/stm32f1xx_hal_msp.o
                0x0000000008004ef0                HAL_MspInit
 .text.HAL_ADC_MspInit
                0x0000000008004f54      0x144 ./Core/Src/stm32f1xx_hal_msp.o
                0x0000000008004f54                HAL_ADC_MspInit
 .text.HAL_TIM_PWM_MspInit
                0x0000000008005098       0x64 ./Core/Src/stm32f1xx_hal_msp.o
                0x0000000008005098                HAL_TIM_PWM_MspInit
 .text.HAL_TIM_OC_MspInit
                0x00000000080050fc       0x4c ./Core/Src/stm32f1xx_hal_msp.o
                0x00000000080050fc                HAL_TIM_OC_MspInit
 .text.HAL_TIM_MspPostInit
                0x0000000008005148       0xdc ./Core/Src/stm32f1xx_hal_msp.o
                0x0000000008005148                HAL_TIM_MspPostInit
 .text.HAL_UART_MspInit
                0x0000000008005224      0x17c ./Core/Src/stm32f1xx_hal_msp.o
                0x0000000008005224                HAL_UART_MspInit
 .text.NMI_Handler
                0x00000000080053a0        0x6 ./Core/Src/stm32f1xx_it.o
                0x00000000080053a0                NMI_Handler
 *fill*         0x00000000080053a6        0x2 
 .text.HardFault_Handler
                0x00000000080053a8       0x8c ./Core/Src/stm32f1xx_it.o
                0x00000000080053a8                HardFault_Handler
 .text.MemManage_Handler
                0x0000000008005434        0x6 ./Core/Src/stm32f1xx_it.o
                0x0000000008005434                MemManage_Handler
 .text.BusFault_Handler
                0x000000000800543a        0x6 ./Core/Src/stm32f1xx_it.o
                0x000000000800543a                BusFault_Handler
 .text.UsageFault_Handler
                0x0000000008005440        0x6 ./Core/Src/stm32f1xx_it.o
                0x0000000008005440                UsageFault_Handler
 .text.SVC_Handler
                0x0000000008005446        0xc ./Core/Src/stm32f1xx_it.o
                0x0000000008005446                SVC_Handler
 .text.DebugMon_Handler
                0x0000000008005452        0xc ./Core/Src/stm32f1xx_it.o
                0x0000000008005452                DebugMon_Handler
 .text.PendSV_Handler
                0x000000000800545e        0xc ./Core/Src/stm32f1xx_it.o
                0x000000000800545e                PendSV_Handler
 .text.SysTick_Handler
                0x000000000800546a        0xc ./Core/Src/stm32f1xx_it.o
                0x000000000800546a                SysTick_Handler
 *fill*         0x0000000008005476        0x2 
 .text.DMA1_Channel1_IRQHandler
                0x0000000008005478       0x14 ./Core/Src/stm32f1xx_it.o
                0x0000000008005478                DMA1_Channel1_IRQHandler
 .text.DMA1_Channel2_IRQHandler
                0x000000000800548c       0x14 ./Core/Src/stm32f1xx_it.o
                0x000000000800548c                DMA1_Channel2_IRQHandler
 .text.DMA1_Channel3_IRQHandler
                0x00000000080054a0       0x14 ./Core/Src/stm32f1xx_it.o
                0x00000000080054a0                DMA1_Channel3_IRQHandler
 .text.ADC1_2_IRQHandler
                0x00000000080054b4       0x1c ./Core/Src/stm32f1xx_it.o
                0x00000000080054b4                ADC1_2_IRQHandler
 .text.TIM3_IRQHandler
                0x00000000080054d0       0x14 ./Core/Src/stm32f1xx_it.o
                0x00000000080054d0                TIM3_IRQHandler
 .text.USART3_IRQHandler
                0x00000000080054e4       0x14 ./Core/Src/stm32f1xx_it.o
                0x00000000080054e4                USART3_IRQHandler
 .text._getpid  0x00000000080054f8        0xe ./Core/Src/syscalls.o
                0x00000000080054f8                _getpid
 .text._kill    0x0000000008005506       0x20 ./Core/Src/syscalls.o
                0x0000000008005506                _kill
 .text._exit    0x0000000008005526       0x14 ./Core/Src/syscalls.o
                0x0000000008005526                _exit
 .text.SystemInit
                0x000000000800553a        0xc ./Core/Src/system_stm32f1xx.o
                0x000000000800553a                SystemInit
 *fill*         0x0000000008005546        0x2 
 .text.Reset_Handler
                0x0000000008005548       0x48 ./Core/Startup/startup_stm32f103retx.o
                0x0000000008005548                Reset_Handler
 .text.Default_Handler
                0x0000000008005590        0x2 ./Core/Startup/startup_stm32f103retx.o
                0x0000000008005590                RTC_Alarm_IRQHandler
                0x0000000008005590                EXTI2_IRQHandler
                0x0000000008005590                TIM8_TRG_COM_IRQHandler
                0x0000000008005590                TIM8_CC_IRQHandler
                0x0000000008005590                TIM1_CC_IRQHandler
                0x0000000008005590                TIM6_IRQHandler
                0x0000000008005590                PVD_IRQHandler
                0x0000000008005590                SDIO_IRQHandler
                0x0000000008005590                EXTI3_IRQHandler
                0x0000000008005590                EXTI0_IRQHandler
                0x0000000008005590                I2C2_EV_IRQHandler
                0x0000000008005590                SPI1_IRQHandler
                0x0000000008005590                TAMPER_IRQHandler
                0x0000000008005590                TIM8_UP_IRQHandler
                0x0000000008005590                DMA2_Channel2_IRQHandler
                0x0000000008005590                DMA1_Channel4_IRQHandler
                0x0000000008005590                RTC_IRQHandler
                0x0000000008005590                DMA1_Channel7_IRQHandler
                0x0000000008005590                CAN1_RX1_IRQHandler
                0x0000000008005590                UART5_IRQHandler
                0x0000000008005590                ADC3_IRQHandler
                0x0000000008005590                TIM4_IRQHandler
                0x0000000008005590                DMA2_Channel1_IRQHandler
                0x0000000008005590                I2C1_EV_IRQHandler
                0x0000000008005590                DMA1_Channel6_IRQHandler
                0x0000000008005590                UART4_IRQHandler
                0x0000000008005590                RCC_IRQHandler
                0x0000000008005590                TIM1_TRG_COM_IRQHandler
                0x0000000008005590                Default_Handler
                0x0000000008005590                EXTI15_10_IRQHandler
                0x0000000008005590                TIM7_IRQHandler
                0x0000000008005590                TIM5_IRQHandler
                0x0000000008005590                EXTI9_5_IRQHandler
                0x0000000008005590                SPI2_IRQHandler
                0x0000000008005590                DMA1_Channel5_IRQHandler
                0x0000000008005590                EXTI4_IRQHandler
                0x0000000008005590                USB_LP_CAN1_RX0_IRQHandler
                0x0000000008005590                USB_HP_CAN1_TX_IRQHandler
                0x0000000008005590                FSMC_IRQHandler
                0x0000000008005590                TIM1_UP_IRQHandler
                0x0000000008005590                WWDG_IRQHandler
                0x0000000008005590                TIM2_IRQHandler
                0x0000000008005590                TIM1_BRK_IRQHandler
                0x0000000008005590                EXTI1_IRQHandler
                0x0000000008005590                DMA2_Channel4_5_IRQHandler
                0x0000000008005590                USART2_IRQHandler
                0x0000000008005590                I2C2_ER_IRQHandler
                0x0000000008005590                TIM8_BRK_IRQHandler
                0x0000000008005590                CAN1_SCE_IRQHandler
                0x0000000008005590                FLASH_IRQHandler
                0x0000000008005590                USART1_IRQHandler
                0x0000000008005590                SPI3_IRQHandler
                0x0000000008005590                I2C1_ER_IRQHandler
                0x0000000008005590                USBWakeUp_IRQHandler
                0x0000000008005590                DMA2_Channel3_IRQHandler
 *fill*         0x0000000008005592        0x2 
 .text.HAL_Init
                0x0000000008005594       0x2c ./Drivers/STM32F1xx_HAL_Driver/Src/stm32f1xx_hal.o
                0x0000000008005594                HAL_Init
 .text.HAL_InitTick
                0x00000000080055c0       0x60 ./Drivers/STM32F1xx_HAL_Driver/Src/stm32f1xx_hal.o
                0x00000000080055c0                HAL_InitTick
 .text.HAL_GetTick
                0x0000000008005620       0x14 ./Drivers/STM32F1xx_HAL_Driver/Src/stm32f1xx_hal.o
                0x0000000008005620                HAL_GetTick
 .text.HAL_ADC_Init
                0x0000000008005634      0x1d4 ./Drivers/STM32F1xx_HAL_Driver/Src/stm32f1xx_hal_adc.o
                0x0000000008005634                HAL_ADC_Init
 .text.HAL_ADC_Start_DMA
                0x0000000008005808      0x1bc ./Drivers/STM32F1xx_HAL_Driver/Src/stm32f1xx_hal_adc.o
                0x0000000008005808                HAL_ADC_Start_DMA
 .text.HAL_ADC_Stop_DMA
                0x00000000080059c4       0x96 ./Drivers/STM32F1xx_HAL_Driver/Src/stm32f1xx_hal_adc.o
                0x00000000080059c4                HAL_ADC_Stop_DMA
 .text.HAL_ADC_IRQHandler
                0x0000000008005a5a      0x186 ./Drivers/STM32F1xx_HAL_Driver/Src/stm32f1xx_hal_adc.o
                0x0000000008005a5a                HAL_ADC_IRQHandler
 .text.HAL_ADC_ConvHalfCpltCallback
                0x0000000008005be0       0x12 ./Drivers/STM32F1xx_HAL_Driver/Src/stm32f1xx_hal_adc.o
                0x0000000008005be0                HAL_ADC_ConvHalfCpltCallback
 .text.HAL_ADC_LevelOutOfWindowCallback
                0x0000000008005bf2       0x12 ./Drivers/STM32F1xx_HAL_Driver/Src/stm32f1xx_hal_adc.o
                0x0000000008005bf2                HAL_ADC_LevelOutOfWindowCallback
 .text.HAL_ADC_ErrorCallback
                0x0000000008005c04       0x12 ./Drivers/STM32F1xx_HAL_Driver/Src/stm32f1xx_hal_adc.o
                0x0000000008005c04                HAL_ADC_ErrorCallback
 *fill*         0x0000000008005c16        0x2 
 .text.HAL_ADC_ConfigChannel
                0x0000000008005c18      0x1f0 ./Drivers/STM32F1xx_HAL_Driver/Src/stm32f1xx_hal_adc.o
                0x0000000008005c18                HAL_ADC_ConfigChannel
 .text.HAL_ADC_AnalogWDGConfig
                0x0000000008005e08       0xac ./Drivers/STM32F1xx_HAL_Driver/Src/stm32f1xx_hal_adc.o
                0x0000000008005e08                HAL_ADC_AnalogWDGConfig
 .text.ADC_Enable
                0x0000000008005eb4       0xb4 ./Drivers/STM32F1xx_HAL_Driver/Src/stm32f1xx_hal_adc.o
                0x0000000008005eb4                ADC_Enable
 .text.ADC_ConversionStop_Disable
                0x0000000008005f68       0x82 ./Drivers/STM32F1xx_HAL_Driver/Src/stm32f1xx_hal_adc.o
                0x0000000008005f68                ADC_ConversionStop_Disable
 .text.ADC_DMAConvCplt
                0x0000000008005fea       0x7c ./Drivers/STM32F1xx_HAL_Driver/Src/stm32f1xx_hal_adc.o
                0x0000000008005fea                ADC_DMAConvCplt
 .text.ADC_DMAHalfConvCplt
                0x0000000008006066       0x1c ./Drivers/STM32F1xx_HAL_Driver/Src/stm32f1xx_hal_adc.o
                0x0000000008006066                ADC_DMAHalfConvCplt
 .text.ADC_DMAError
                0x0000000008006082       0x34 ./Drivers/STM32F1xx_HAL_Driver/Src/stm32f1xx_hal_adc.o
                0x0000000008006082                ADC_DMAError
 *fill*         0x00000000080060b6        0x2 
 .text.HAL_ADCEx_InjectedStart_IT
                0x00000000080060b8      0x11c ./Drivers/STM32F1xx_HAL_Driver/Src/stm32f1xx_hal_adc_ex.o
                0x00000000080060b8                HAL_ADCEx_InjectedStart_IT
 .text.HAL_ADCEx_InjectedStop_IT
                0x00000000080061d4       0x94 ./Drivers/STM32F1xx_HAL_Driver/Src/stm32f1xx_hal_adc_ex.o
                0x00000000080061d4                HAL_ADCEx_InjectedStop_IT
 .text.HAL_ADCEx_InjectedGetValue
                0x0000000008006268       0x5c ./Drivers/STM32F1xx_HAL_Driver/Src/stm32f1xx_hal_adc_ex.o
                0x0000000008006268                HAL_ADCEx_InjectedGetValue
 .text.HAL_ADCEx_InjectedConfigChannel
                0x00000000080062c4      0x358 ./Drivers/STM32F1xx_HAL_Driver/Src/stm32f1xx_hal_adc_ex.o
                0x00000000080062c4                HAL_ADCEx_InjectedConfigChannel
 .text.__NVIC_SetPriorityGrouping
                0x000000000800661c       0x48 ./Drivers/STM32F1xx_HAL_Driver/Src/stm32f1xx_hal_cortex.o
 .text.__NVIC_GetPriorityGrouping
                0x0000000008006664       0x1c ./Drivers/STM32F1xx_HAL_Driver/Src/stm32f1xx_hal_cortex.o
 .text.__NVIC_EnableIRQ
                0x0000000008006680       0x38 ./Drivers/STM32F1xx_HAL_Driver/Src/stm32f1xx_hal_cortex.o
 .text.__NVIC_SetPriority
                0x00000000080066b8       0x54 ./Drivers/STM32F1xx_HAL_Driver/Src/stm32f1xx_hal_cortex.o
 .text.NVIC_EncodePriority
                0x000000000800670c       0x64 ./Drivers/STM32F1xx_HAL_Driver/Src/stm32f1xx_hal_cortex.o
 .text.SysTick_Config
                0x0000000008006770       0x44 ./Drivers/STM32F1xx_HAL_Driver/Src/stm32f1xx_hal_cortex.o
 .text.HAL_NVIC_SetPriorityGrouping
                0x00000000080067b4       0x16 ./Drivers/STM32F1xx_HAL_Driver/Src/stm32f1xx_hal_cortex.o
                0x00000000080067b4                HAL_NVIC_SetPriorityGrouping
 .text.HAL_NVIC_SetPriority
                0x00000000080067ca       0x38 ./Drivers/STM32F1xx_HAL_Driver/Src/stm32f1xx_hal_cortex.o
                0x00000000080067ca                HAL_NVIC_SetPriority
 .text.HAL_NVIC_EnableIRQ
                0x0000000008006802       0x1c ./Drivers/STM32F1xx_HAL_Driver/Src/stm32f1xx_hal_cortex.o
                0x0000000008006802                HAL_NVIC_EnableIRQ
 .text.HAL_SYSTICK_Config
                0x000000000800681e       0x18 ./Drivers/STM32F1xx_HAL_Driver/Src/stm32f1xx_hal_cortex.o
                0x000000000800681e                HAL_SYSTICK_Config
 *fill*         0x0000000008006836        0x2 
 .text.HAL_DMA_Init
                0x0000000008006838       0xec ./Drivers/STM32F1xx_HAL_Driver/Src/stm32f1xx_hal_dma.o
                0x0000000008006838                HAL_DMA_Init
 .text.HAL_DMA_Start_IT
                0x0000000008006924       0xbe ./Drivers/STM32F1xx_HAL_Driver/Src/stm32f1xx_hal_dma.o
                0x0000000008006924                HAL_DMA_Start_IT
 .text.HAL_DMA_Abort
                0x00000000080069e2       0x74 ./Drivers/STM32F1xx_HAL_Driver/Src/stm32f1xx_hal_dma.o
                0x00000000080069e2                HAL_DMA_Abort
 *fill*         0x0000000008006a56        0x2 
 .text.HAL_DMA_Abort_IT
                0x0000000008006a58      0x210 ./Drivers/STM32F1xx_HAL_Driver/Src/stm32f1xx_hal_dma.o
                0x0000000008006a58                HAL_DMA_Abort_IT
 .text.HAL_DMA_IRQHandler
                0x0000000008006c68      0x478 ./Drivers/STM32F1xx_HAL_Driver/Src/stm32f1xx_hal_dma.o
                0x0000000008006c68                HAL_DMA_IRQHandler
 .text.DMA_SetConfig
                0x00000000080070e0       0x5a ./Drivers/STM32F1xx_HAL_Driver/Src/stm32f1xx_hal_dma.o
 *fill*         0x000000000800713a        0x2 
 .text.HAL_GPIO_Init
                0x000000000800713c      0x328 ./Drivers/STM32F1xx_HAL_Driver/Src/stm32f1xx_hal_gpio.o
                0x000000000800713c                HAL_GPIO_Init
 .text.HAL_GPIO_ReadPin
                0x0000000008007464       0x2e ./Drivers/STM32F1xx_HAL_Driver/Src/stm32f1xx_hal_gpio.o
                0x0000000008007464                HAL_GPIO_ReadPin
 .text.HAL_GPIO_WritePin
                0x0000000008007492       0x30 ./Drivers/STM32F1xx_HAL_Driver/Src/stm32f1xx_hal_gpio.o
                0x0000000008007492                HAL_GPIO_WritePin
 *fill*         0x00000000080074c2        0x2 
 .text.HAL_RCC_OscConfig
                0x00000000080074c4      0x500 ./Drivers/STM32F1xx_HAL_Driver/Src/stm32f1xx_hal_rcc.o
                0x00000000080074c4                HAL_RCC_OscConfig
 .text.HAL_RCC_ClockConfig
                0x00000000080079c4      0x1d4 ./Drivers/STM32F1xx_HAL_Driver/Src/stm32f1xx_hal_rcc.o
                0x00000000080079c4                HAL_RCC_ClockConfig
 .text.HAL_RCC_GetSysClockFreq
                0x0000000008007b98       0xc4 ./Drivers/STM32F1xx_HAL_Driver/Src/stm32f1xx_hal_rcc.o
                0x0000000008007b98                HAL_RCC_GetSysClockFreq
 .text.HAL_RCC_GetHCLKFreq
                0x0000000008007c5c       0x14 ./Drivers/STM32F1xx_HAL_Driver/Src/stm32f1xx_hal_rcc.o
                0x0000000008007c5c                HAL_RCC_GetHCLKFreq
 .text.HAL_RCC_GetPCLK1Freq
                0x0000000008007c70       0x28 ./Drivers/STM32F1xx_HAL_Driver/Src/stm32f1xx_hal_rcc.o
                0x0000000008007c70                HAL_RCC_GetPCLK1Freq
 .text.HAL_RCC_GetPCLK2Freq
                0x0000000008007c98       0x28 ./Drivers/STM32F1xx_HAL_Driver/Src/stm32f1xx_hal_rcc.o
                0x0000000008007c98                HAL_RCC_GetPCLK2Freq
 .text.RCC_Delay
                0x0000000008007cc0       0x3c ./Drivers/STM32F1xx_HAL_Driver/Src/stm32f1xx_hal_rcc.o
 .text.HAL_RCCEx_PeriphCLKConfig
                0x0000000008007cfc      0x16c ./Drivers/STM32F1xx_HAL_Driver/Src/stm32f1xx_hal_rcc_ex.o
                0x0000000008007cfc                HAL_RCCEx_PeriphCLKConfig
 .text.HAL_TIM_Base_Start_IT
                0x0000000008007e68       0xc0 ./Drivers/STM32F1xx_HAL_Driver/Src/stm32f1xx_hal_tim.o
                0x0000000008007e68                HAL_TIM_Base_Start_IT
 .text.HAL_TIM_Base_Stop_IT
                0x0000000008007f28       0x5c ./Drivers/STM32F1xx_HAL_Driver/Src/stm32f1xx_hal_tim.o
                0x0000000008007f28                HAL_TIM_Base_Stop_IT
 .text.HAL_TIM_OC_Init
                0x0000000008007f84       0x9e ./Drivers/STM32F1xx_HAL_Driver/Src/stm32f1xx_hal_tim.o
                0x0000000008007f84                HAL_TIM_OC_Init
 .text.HAL_TIM_PWM_Init
                0x0000000008008022       0x9e ./Drivers/STM32F1xx_HAL_Driver/Src/stm32f1xx_hal_tim.o
                0x0000000008008022                HAL_TIM_PWM_Init
 .text.HAL_TIM_PWM_Start
                0x00000000080080c0      0x174 ./Drivers/STM32F1xx_HAL_Driver/Src/stm32f1xx_hal_tim.o
                0x00000000080080c0                HAL_TIM_PWM_Start
 .text.HAL_TIM_PWM_Stop
                0x0000000008008234       0xe0 ./Drivers/STM32F1xx_HAL_Driver/Src/stm32f1xx_hal_tim.o
                0x0000000008008234                HAL_TIM_PWM_Stop
 .text.HAL_TIM_IRQHandler
                0x0000000008008314      0x210 ./Drivers/STM32F1xx_HAL_Driver/Src/stm32f1xx_hal_tim.o
                0x0000000008008314                HAL_TIM_IRQHandler
 .text.HAL_TIM_OC_ConfigChannel
                0x0000000008008524       0xb0 ./Drivers/STM32F1xx_HAL_Driver/Src/stm32f1xx_hal_tim.o
                0x0000000008008524                HAL_TIM_OC_ConfigChannel
 .text.HAL_TIM_PWM_ConfigChannel
                0x00000000080085d4      0x17c ./Drivers/STM32F1xx_HAL_Driver/Src/stm32f1xx_hal_tim.o
                0x00000000080085d4                HAL_TIM_PWM_ConfigChannel
 .text.HAL_TIM_OC_DelayElapsedCallback
                0x0000000008008750       0x12 ./Drivers/STM32F1xx_HAL_Driver/Src/stm32f1xx_hal_tim.o
                0x0000000008008750                HAL_TIM_OC_DelayElapsedCallback
 .text.HAL_TIM_IC_CaptureCallback
                0x0000000008008762       0x12 ./Drivers/STM32F1xx_HAL_Driver/Src/stm32f1xx_hal_tim.o
                0x0000000008008762                HAL_TIM_IC_CaptureCallback
 .text.HAL_TIM_PWM_PulseFinishedCallback
                0x0000000008008774       0x12 ./Drivers/STM32F1xx_HAL_Driver/Src/stm32f1xx_hal_tim.o
                0x0000000008008774                HAL_TIM_PWM_PulseFinishedCallback
 .text.HAL_TIM_TriggerCallback
                0x0000000008008786       0x12 ./Drivers/STM32F1xx_HAL_Driver/Src/stm32f1xx_hal_tim.o
                0x0000000008008786                HAL_TIM_TriggerCallback
 .text.TIM_Base_SetConfig
                0x0000000008008798       0xf4 ./Drivers/STM32F1xx_HAL_Driver/Src/stm32f1xx_hal_tim.o
                0x0000000008008798                TIM_Base_SetConfig
 .text.TIM_OC1_SetConfig
                0x000000000800888c       0xe0 ./Drivers/STM32F1xx_HAL_Driver/Src/stm32f1xx_hal_tim.o
 .text.TIM_OC2_SetConfig
                0x000000000800896c       0xe8 ./Drivers/STM32F1xx_HAL_Driver/Src/stm32f1xx_hal_tim.o
                0x000000000800896c                TIM_OC2_SetConfig
 .text.TIM_OC3_SetConfig
                0x0000000008008a54       0xe8 ./Drivers/STM32F1xx_HAL_Driver/Src/stm32f1xx_hal_tim.o
 .text.TIM_OC4_SetConfig
                0x0000000008008b3c       0xa8 ./Drivers/STM32F1xx_HAL_Driver/Src/stm32f1xx_hal_tim.o
 .text.TIM_CCxChannelCmd
                0x0000000008008be4       0x48 ./Drivers/STM32F1xx_HAL_Driver/Src/stm32f1xx_hal_tim.o
                0x0000000008008be4                TIM_CCxChannelCmd
 .text.HAL_TIMEx_PWMN_Start
                0x0000000008008c2c      0x158 ./Drivers/STM32F1xx_HAL_Driver/Src/stm32f1xx_hal_tim_ex.o
                0x0000000008008c2c                HAL_TIMEx_PWMN_Start
 .text.HAL_TIMEx_PWMN_Stop
                0x0000000008008d84       0xba ./Drivers/STM32F1xx_HAL_Driver/Src/stm32f1xx_hal_tim_ex.o
                0x0000000008008d84                HAL_TIMEx_PWMN_Stop
 *fill*         0x0000000008008e3e        0x2 
 .text.HAL_TIMEx_MasterConfigSynchronization
                0x0000000008008e40       0xd8 ./Drivers/STM32F1xx_HAL_Driver/Src/stm32f1xx_hal_tim_ex.o
                0x0000000008008e40                HAL_TIMEx_MasterConfigSynchronization
 .text.HAL_TIMEx_ConfigBreakDeadTime
                0x0000000008008f18       0xa2 ./Drivers/STM32F1xx_HAL_Driver/Src/stm32f1xx_hal_tim_ex.o
                0x0000000008008f18                HAL_TIMEx_ConfigBreakDeadTime
 .text.HAL_TIMEx_CommutCallback
                0x0000000008008fba       0x12 ./Drivers/STM32F1xx_HAL_Driver/Src/stm32f1xx_hal_tim_ex.o
                0x0000000008008fba                HAL_TIMEx_CommutCallback
 .text.HAL_TIMEx_BreakCallback
                0x0000000008008fcc       0x12 ./Drivers/STM32F1xx_HAL_Driver/Src/stm32f1xx_hal_tim_ex.o
                0x0000000008008fcc                HAL_TIMEx_BreakCallback
 .text.TIM_CCxNChannelCmd
                0x0000000008008fde       0x48 ./Drivers/STM32F1xx_HAL_Driver/Src/stm32f1xx_hal_tim_ex.o
 .text.HAL_UART_Init
                0x0000000008009026       0x9a ./Drivers/STM32F1xx_HAL_Driver/Src/stm32f1xx_hal_uart.o
                0x0000000008009026                HAL_UART_Init
 .text.HAL_UART_Transmit_DMA
                0x00000000080090c0       0xd8 ./Drivers/STM32F1xx_HAL_Driver/Src/stm32f1xx_hal_uart.o
                0x00000000080090c0                HAL_UART_Transmit_DMA
 .text.HAL_UARTEx_ReceiveToIdle_DMA
                0x0000000008009198       0x9e ./Drivers/STM32F1xx_HAL_Driver/Src/stm32f1xx_hal_uart.o
                0x0000000008009198                HAL_UARTEx_ReceiveToIdle_DMA
 *fill*         0x0000000008009236        0x2 
 .text.HAL_UART_IRQHandler
                0x0000000008009238      0x354 ./Drivers/STM32F1xx_HAL_Driver/Src/stm32f1xx_hal_uart.o
                0x0000000008009238                HAL_UART_IRQHandler
 .text.HAL_UART_TxHalfCpltCallback
                0x000000000800958c       0x12 ./Drivers/STM32F1xx_HAL_Driver/Src/stm32f1xx_hal_uart.o
                0x000000000800958c                HAL_UART_TxHalfCpltCallback
 .text.HAL_UART_RxCpltCallback
                0x000000000800959e       0x12 ./Drivers/STM32F1xx_HAL_Driver/Src/stm32f1xx_hal_uart.o
                0x000000000800959e                HAL_UART_RxCpltCallback
 .text.HAL_UART_RxHalfCpltCallback
                0x00000000080095b0       0x12 ./Drivers/STM32F1xx_HAL_Driver/Src/stm32f1xx_hal_uart.o
                0x00000000080095b0                HAL_UART_RxHalfCpltCallback
 .text.HAL_UART_ErrorCallback
                0x00000000080095c2       0x12 ./Drivers/STM32F1xx_HAL_Driver/Src/stm32f1xx_hal_uart.o
                0x00000000080095c2                HAL_UART_ErrorCallback
 .text.UART_DMATransmitCplt
                0x00000000080095d4       0x52 ./Drivers/STM32F1xx_HAL_Driver/Src/stm32f1xx_hal_uart.o
 .text.UART_DMATxHalfCplt
                0x0000000008009626       0x1c ./Drivers/STM32F1xx_HAL_Driver/Src/stm32f1xx_hal_uart.o
 .text.UART_DMAReceiveCplt
                0x0000000008009642       0x96 ./Drivers/STM32F1xx_HAL_Driver/Src/stm32f1xx_hal_uart.o
 .text.UART_DMARxHalfCplt
                0x00000000080096d8       0x36 ./Drivers/STM32F1xx_HAL_Driver/Src/stm32f1xx_hal_uart.o
 .text.UART_DMAError
                0x000000000800970e       0x94 ./Drivers/STM32F1xx_HAL_Driver/Src/stm32f1xx_hal_uart.o
 *fill*         0x00000000080097a2        0x2 
 .text.UART_Start_Receive_DMA
                0x00000000080097a4       0xc8 ./Drivers/STM32F1xx_HAL_Driver/Src/stm32f1xx_hal_uart.o
                0x00000000080097a4                UART_Start_Receive_DMA
 .text.UART_EndTxTransfer
                0x000000000800986c       0x2a ./Drivers/STM32F1xx_HAL_Driver/Src/stm32f1xx_hal_uart.o
 .text.UART_EndRxTransfer
                0x0000000008009896       0x58 ./Drivers/STM32F1xx_HAL_Driver/Src/stm32f1xx_hal_uart.o
 .text.UART_DMAAbortOnError
                0x00000000080098ee       0x28 ./Drivers/STM32F1xx_HAL_Driver/Src/stm32f1xx_hal_uart.o
 .text.UART_Transmit_IT
                0x0000000008009916       0x9e ./Drivers/STM32F1xx_HAL_Driver/Src/stm32f1xx_hal_uart.o
 .text.UART_EndTransmit_IT
                0x00000000080099b4       0x30 ./Drivers/STM32F1xx_HAL_Driver/Src/stm32f1xx_hal_uart.o
 .text.UART_Receive_IT
                0x00000000080099e4      0x152 ./Drivers/STM32F1xx_HAL_Driver/Src/stm32f1xx_hal_uart.o
 *fill*         0x0000000008009b36        0x2 
 .text.UART_SetConfig
                0x0000000008009b38      0x11c ./Drivers/STM32F1xx_HAL_Driver/Src/stm32f1xx_hal_uart.o
 .text.__cxa_pure_virtual
                0x0000000008009c54        0x6 c:/st/stm32cubeide_1.7.0/stm32cubeide/plugins/com.st.stm32cube.ide.mcu.externaltools.gnu-tools-for-stm32.9-2020-q2-update.win32_2.0.0.202105311346/tools/bin/../lib/gcc/arm-none-eabi/9.3.1/../../../../arm-none-eabi/lib/thumb/v7-m/nofp\libstdc++_nano.a(pure.o)
                0x0000000008009c54                __cxa_pure_virtual
 .text._ZN10__cxxabiv111__terminateEPFvvE
                0x0000000008009c5a        0x8 c:/st/stm32cubeide_1.7.0/stm32cubeide/plugins/com.st.stm32cube.ide.mcu.externaltools.gnu-tools-for-stm32.9-2020-q2-update.win32_2.0.0.202105311346/tools/bin/../lib/gcc/arm-none-eabi/9.3.1/../../../../arm-none-eabi/lib/thumb/v7-m/nofp\libstdc++_nano.a(eh_terminate.o)
                0x0000000008009c5a                __cxxabiv1::__terminate(void (*)())
 *fill*         0x0000000008009c62        0x2 
 .text._ZSt13get_terminatev
                0x0000000008009c64       0x10 c:/st/stm32cubeide_1.7.0/stm32cubeide/plugins/com.st.stm32cube.ide.mcu.externaltools.gnu-tools-for-stm32.9-2020-q2-update.win32_2.0.0.202105311346/tools/bin/../lib/gcc/arm-none-eabi/9.3.1/../../../../arm-none-eabi/lib/thumb/v7-m/nofp\libstdc++_nano.a(eh_terminate.o)
                0x0000000008009c64                std::get_terminate()
 .text._ZSt9terminatev
                0x0000000008009c74        0xa c:/st/stm32cubeide_1.7.0/stm32cubeide/plugins/com.st.stm32cube.ide.mcu.externaltools.gnu-tools-for-stm32.9-2020-q2-update.win32_2.0.0.202105311346/tools/bin/../lib/gcc/arm-none-eabi/9.3.1/../../../../arm-none-eabi/lib/thumb/v7-m/nofp\libstdc++_nano.a(eh_terminate.o)
                0x0000000008009c74                std::terminate()
 *fill*         0x0000000008009c7e        0x2 
 .text.log1pf   0x0000000008009c80      0x280 c:/st/stm32cubeide_1.7.0/stm32cubeide/plugins/com.st.stm32cube.ide.mcu.externaltools.gnu-tools-for-stm32.9-2020-q2-update.win32_2.0.0.202105311346/tools/bin/../lib/gcc/arm-none-eabi/9.3.1/../../../../arm-none-eabi/lib/thumb/v7-m/nofp\libm.a(lib_a-sf_log1p.o)
                0x0000000008009c80                log1pf
 .text.pow      0x0000000008009f00      0x158 c:/st/stm32cubeide_1.7.0/stm32cubeide/plugins/com.st.stm32cube.ide.mcu.externaltools.gnu-tools-for-stm32.9-2020-q2-update.win32_2.0.0.202105311346/tools/bin/../lib/gcc/arm-none-eabi/9.3.1/../../../../arm-none-eabi/lib/thumb/v7-m/nofp\libm.a(lib_a-w_pow.o)
                0x0000000008009f00                pow
 .text.sqrt     0x000000000800a058       0x58 c:/st/stm32cubeide_1.7.0/stm32cubeide/plugins/com.st.stm32cube.ide.mcu.externaltools.gnu-tools-for-stm32.9-2020-q2-update.win32_2.0.0.202105311346/tools/bin/../lib/gcc/arm-none-eabi/9.3.1/../../../../arm-none-eabi/lib/thumb/v7-m/nofp\libm.a(lib_a-w_sqrt.o)
                0x000000000800a058                sqrt
 .text.__ieee754_pow
                0x000000000800a0b0      0xa2c c:/st/stm32cubeide_1.7.0/stm32cubeide/plugins/com.st.stm32cube.ide.mcu.externaltools.gnu-tools-for-stm32.9-2020-q2-update.win32_2.0.0.202105311346/tools/bin/../lib/gcc/arm-none-eabi/9.3.1/../../../../arm-none-eabi/lib/thumb/v7-m/nofp\libm.a(lib_a-e_pow.o)
                0x000000000800a0b0                __ieee754_pow
 .text.__ieee754_sqrt
                0x000000000800aadc      0x158 c:/st/stm32cubeide_1.7.0/stm32cubeide/plugins/com.st.stm32cube.ide.mcu.externaltools.gnu-tools-for-stm32.9-2020-q2-update.win32_2.0.0.202105311346/tools/bin/../lib/gcc/arm-none-eabi/9.3.1/../../../../arm-none-eabi/lib/thumb/v7-m/nofp\libm.a(lib_a-e_sqrt.o)
                0x000000000800aadc                __ieee754_sqrt
 .text.with_errnof
                0x000000000800ac34       0x10 c:/st/stm32cubeide_1.7.0/stm32cubeide/plugins/com.st.stm32cube.ide.mcu.externaltools.gnu-tools-for-stm32.9-2020-q2-update.win32_2.0.0.202105311346/tools/bin/../lib/gcc/arm-none-eabi/9.3.1/../../../../arm-none-eabi/lib/thumb/v7-m/nofp\libm.a(lib_a-math_errf.o)
 .text.__math_divzerof
                0x000000000800ac44       0x20 c:/st/stm32cubeide_1.7.0/stm32cubeide/plugins/com.st.stm32cube.ide.mcu.externaltools.gnu-tools-for-stm32.9-2020-q2-update.win32_2.0.0.202105311346/tools/bin/../lib/gcc/arm-none-eabi/9.3.1/../../../../arm-none-eabi/lib/thumb/v7-m/nofp\libm.a(lib_a-math_errf.o)
                0x000000000800ac44                __math_divzerof
 .text.__math_invalidf
                0x000000000800ac64       0x2c c:/st/stm32cubeide_1.7.0/stm32cubeide/plugins/com.st.stm32cube.ide.mcu.externaltools.gnu-tools-for-stm32.9-2020-q2-update.win32_2.0.0.202105311346/tools/bin/../lib/gcc/arm-none-eabi/9.3.1/../../../../arm-none-eabi/lib/thumb/v7-m/nofp\libm.a(lib_a-math_errf.o)
                0x000000000800ac64                __math_invalidf
 .text.fabs     0x000000000800ac90        0x6 c:/st/stm32cubeide_1.7.0/stm32cubeide/plugins/com.st.stm32cube.ide.mcu.externaltools.gnu-tools-for-stm32.9-2020-q2-update.win32_2.0.0.202105311346/tools/bin/../lib/gcc/arm-none-eabi/9.3.1/../../../../arm-none-eabi/lib/thumb/v7-m/nofp\libm.a(lib_a-s_fabs.o)
                0x000000000800ac90                fabs
 .text.finite   0x000000000800ac96        0xc c:/st/stm32cubeide_1.7.0/stm32cubeide/plugins/com.st.stm32cube.ide.mcu.externaltools.gnu-tools-for-stm32.9-2020-q2-update.win32_2.0.0.202105311346/tools/bin/../lib/gcc/arm-none-eabi/9.3.1/../../../../arm-none-eabi/lib/thumb/v7-m/nofp\libm.a(lib_a-s_finite.o)
                0x000000000800ac96                finite
 *fill*         0x000000000800aca2        0x2 
 .text.nan      0x000000000800aca4        0xc c:/st/stm32cubeide_1.7.0/stm32cubeide/plugins/com.st.stm32cube.ide.mcu.externaltools.gnu-tools-for-stm32.9-2020-q2-update.win32_2.0.0.202105311346/tools/bin/../lib/gcc/arm-none-eabi/9.3.1/../../../../arm-none-eabi/lib/thumb/v7-m/nofp\libm.a(lib_a-s_nan.o)
                0x000000000800aca4                nan
 .text.rint     0x000000000800acb0      0x114 c:/st/stm32cubeide_1.7.0/stm32cubeide/plugins/com.st.stm32cube.ide.mcu.externaltools.gnu-tools-for-stm32.9-2020-q2-update.win32_2.0.0.202105311346/tools/bin/../lib/gcc/arm-none-eabi/9.3.1/../../../../arm-none-eabi/lib/thumb/v7-m/nofp\libm.a(lib_a-s_rint.o)
                0x000000000800acb0                rint
 *fill*         0x000000000800adc4        0x4 
 .text.scalbn   0x000000000800adc8      0x10c c:/st/stm32cubeide_1.7.0/stm32cubeide/plugins/com.st.stm32cube.ide.mcu.externaltools.gnu-tools-for-stm32.9-2020-q2-update.win32_2.0.0.202105311346/tools/bin/../lib/gcc/arm-none-eabi/9.3.1/../../../../arm-none-eabi/lib/thumb/v7-m/nofp\libm.a(lib_a-s_scalbn.o)
                0x000000000800adc8                scalbn
 .text.abort    0x000000000800aed4        0xe c:/st/stm32cubeide_1.7.0/stm32cubeide/plugins/com.st.stm32cube.ide.mcu.externaltools.gnu-tools-for-stm32.9-2020-q2-update.win32_2.0.0.202105311346/tools/bin/../lib/gcc/arm-none-eabi/9.3.1/../../../../arm-none-eabi/lib/thumb/v7-m/nofp\libc_nano.a(lib_a-abort.o)
                0x000000000800aed4                abort
 *fill*         0x000000000800aee2        0x2 
 .text.__errno  0x000000000800aee4        0xc c:/st/stm32cubeide_1.7.0/stm32cubeide/plugins/com.st.stm32cube.ide.mcu.externaltools.gnu-tools-for-stm32.9-2020-q2-update.win32_2.0.0.202105311346/tools/bin/../lib/gcc/arm-none-eabi/9.3.1/../../../../arm-none-eabi/lib/thumb/v7-m/nofp\libc_nano.a(lib_a-errno.o)
                0x000000000800aee4                __errno
 .text.__libc_init_array
                0x000000000800aef0       0x48 c:/st/stm32cubeide_1.7.0/stm32cubeide/plugins/com.st.stm32cube.ide.mcu.externaltools.gnu-tools-for-stm32.9-2020-q2-update.win32_2.0.0.202105311346/tools/bin/../lib/gcc/arm-none-eabi/9.3.1/../../../../arm-none-eabi/lib/thumb/v7-m/nofp\libc_nano.a(lib_a-init.o)
                0x000000000800aef0                __libc_init_array
 .text.memcpy   0x000000000800af38       0x1c c:/st/stm32cubeide_1.7.0/stm32cubeide/plugins/com.st.stm32cube.ide.mcu.externaltools.gnu-tools-for-stm32.9-2020-q2-update.win32_2.0.0.202105311346/tools/bin/../lib/gcc/arm-none-eabi/9.3.1/../../../../arm-none-eabi/lib/thumb/v7-m/nofp\libc_nano.a(lib_a-memcpy-stub.o)
                0x000000000800af38                memcpy
 .text.memset   0x000000000800af54       0x10 c:/st/stm32cubeide_1.7.0/stm32cubeide/plugins/com.st.stm32cube.ide.mcu.externaltools.gnu-tools-for-stm32.9-2020-q2-update.win32_2.0.0.202105311346/tools/bin/../lib/gcc/arm-none-eabi/9.3.1/../../../../arm-none-eabi/lib/thumb/v7-m/nofp\libc_nano.a(lib_a-memset.o)
                0x000000000800af54                memset
 .text._raise_r
                0x000000000800af64       0x50 c:/st/stm32cubeide_1.7.0/stm32cubeide/plugins/com.st.stm32cube.ide.mcu.externaltools.gnu-tools-for-stm32.9-2020-q2-update.win32_2.0.0.202105311346/tools/bin/../lib/gcc/arm-none-eabi/9.3.1/../../../../arm-none-eabi/lib/thumb/v7-m/nofp\libc_nano.a(lib_a-signal.o)
                0x000000000800af64                _raise_r
 .text.raise    0x000000000800afb4       0x10 c:/st/stm32cubeide_1.7.0/stm32cubeide/plugins/com.st.stm32cube.ide.mcu.externaltools.gnu-tools-for-stm32.9-2020-q2-update.win32_2.0.0.202105311346/tools/bin/../lib/gcc/arm-none-eabi/9.3.1/../../../../arm-none-eabi/lib/thumb/v7-m/nofp\libc_nano.a(lib_a-signal.o)
                0x000000000800afb4                raise
 .text._kill_r  0x000000000800afc4       0x24 c:/st/stm32cubeide_1.7.0/stm32cubeide/plugins/com.st.stm32cube.ide.mcu.externaltools.gnu-tools-for-stm32.9-2020-q2-update.win32_2.0.0.202105311346/tools/bin/../lib/gcc/arm-none-eabi/9.3.1/../../../../arm-none-eabi/lib/thumb/v7-m/nofp\libc_nano.a(lib_a-signalr.o)
                0x000000000800afc4                _kill_r
 .text._getpid_r
                0x000000000800afe8        0x4 c:/st/stm32cubeide_1.7.0/stm32cubeide/plugins/com.st.stm32cube.ide.mcu.externaltools.gnu-tools-for-stm32.9-2020-q2-update.win32_2.0.0.202105311346/tools/bin/../lib/gcc/arm-none-eabi/9.3.1/../../../../arm-none-eabi/lib/thumb/v7-m/nofp\libc_nano.a(lib_a-signalr.o)
                0x000000000800afe8                _getpid_r
 *(.glue_7)
 .glue_7        0x000000000800afec        0x0 linker stubs
 *(.glue_7t)
 .glue_7t       0x000000000800afec        0x0 linker stubs
 *(.eh_frame)
 .eh_frame      0x000000000800afec        0x0 c:/st/stm32cubeide_1.7.0/stm32cubeide/plugins/com.st.stm32cube.ide.mcu.externaltools.gnu-tools-for-stm32.9-2020-q2-update.win32_2.0.0.202105311346/tools/bin/../lib/gcc/arm-none-eabi/9.3.1/thumb/v7-m/nofp/crtbegin.o
 *(.init)
 .init          0x000000000800afec        0x4 c:/st/stm32cubeide_1.7.0/stm32cubeide/plugins/com.st.stm32cube.ide.mcu.externaltools.gnu-tools-for-stm32.9-2020-q2-update.win32_2.0.0.202105311346/tools/bin/../lib/gcc/arm-none-eabi/9.3.1/thumb/v7-m/nofp/crti.o
                0x000000000800afec                _init
 .init          0x000000000800aff0        0x8 c:/st/stm32cubeide_1.7.0/stm32cubeide/plugins/com.st.stm32cube.ide.mcu.externaltools.gnu-tools-for-stm32.9-2020-q2-update.win32_2.0.0.202105311346/tools/bin/../lib/gcc/arm-none-eabi/9.3.1/thumb/v7-m/nofp/crtn.o
 *(.fini)
 .fini          0x000000000800aff8        0x4 c:/st/stm32cubeide_1.7.0/stm32cubeide/plugins/com.st.stm32cube.ide.mcu.externaltools.gnu-tools-for-stm32.9-2020-q2-update.win32_2.0.0.202105311346/tools/bin/../lib/gcc/arm-none-eabi/9.3.1/thumb/v7-m/nofp/crti.o
                0x000000000800aff8                _fini
 .fini          0x000000000800affc        0x8 c:/st/stm32cubeide_1.7.0/stm32cubeide/plugins/com.st.stm32cube.ide.mcu.externaltools.gnu-tools-for-stm32.9-2020-q2-update.win32_2.0.0.202105311346/tools/bin/../lib/gcc/arm-none-eabi/9.3.1/thumb/v7-m/nofp/crtn.o
                0x000000000800b004                . = ALIGN (0x4)
                0x000000000800b004                _etext = .

.vfp11_veneer   0x000000000800b004        0x0
 .vfp11_veneer  0x000000000800b004        0x0 linker stubs

.v4_bx          0x000000000800b004        0x0
 .v4_bx         0x000000000800b004        0x0 linker stubs

.iplt           0x000000000800b004        0x0
 .iplt          0x000000000800b004        0x0 c:/st/stm32cubeide_1.7.0/stm32cubeide/plugins/com.st.stm32cube.ide.mcu.externaltools.gnu-tools-for-stm32.9-2020-q2-update.win32_2.0.0.202105311346/tools/bin/../lib/gcc/arm-none-eabi/9.3.1/thumb/v7-m/nofp/crtbegin.o

.rodata         0x000000000800b008      0x130
                0x000000000800b008                . = ALIGN (0x4)
 *(.rodata)
 .rodata        0x000000000800b008       0x48 ./Core/Src/main.o
 .rodata        0x000000000800b050       0x10 ./Drivers/STM32F1xx_HAL_Driver/Src/stm32f1xx_hal_rcc.o
 *(.rodata*)
 .rodata._ZTVN9Convertor14TIM3_interruptE
                0x000000000800b060        0xc ./Core/Src/main.o
                0x000000000800b060                vtable for Convertor::TIM3_interrupt
 .rodata._ZTVN7ServiceI7In_data8Out_dataE13dma_interruptE
                0x000000000800b06c        0xc ./Core/Src/main.o
                0x000000000800b06c                vtable for Service<In_data, Out_data>::dma_interrupt
 .rodata._ZTVN7ServiceI7In_data8Out_dataE14uart_interruptE
                0x000000000800b078        0xc ./Core/Src/main.o
                0x000000000800b078                vtable for Service<In_data, Out_data>::uart_interrupt
 .rodata._ZTV4ADC_
                0x000000000800b084        0xc ./Core/Src/main.o
                0x000000000800b084                vtable for ADC_
 .rodata._ZTVN4ADC_17ADC_INJ_interruptE
                0x000000000800b090        0xc ./Core/Src/main.o
                0x000000000800b090                vtable for ADC_::ADC_INJ_interrupt
 .rodata._ZTVN4ADC_13ADC_interruptE
                0x000000000800b09c        0xc ./Core/Src/main.o
                0x000000000800b09c                vtable for ADC_::ADC_interrupt
 .rodata._ZTV12Interrupting
                0x000000000800b0a8        0xc ./Core/Src/main.o
                0x000000000800b0a8                vtable for Interrupting
 .rodata._ZTV5Timer
                0x000000000800b0b4        0xc ./Core/Src/main.o
                0x000000000800b0b4                vtable for Timer
 .rodata._ZTV14TickSubscriber
                0x000000000800b0c0        0xc ./Core/Src/main.o
                0x000000000800b0c0                vtable for TickSubscriber
 .rodata._ZTV10Subscriber
                0x000000000800b0cc        0xc ./Core/Src/main.o
                0x000000000800b0cc                vtable for Subscriber
 .rodata.AHBPrescTable
                0x000000000800b0d8       0x10 ./Core/Src/system_stm32f1xx.o
                0x000000000800b0d8                AHBPrescTable
 .rodata.APBPrescTable
                0x000000000800b0e8        0x8 ./Core/Src/system_stm32f1xx.o
                0x000000000800b0e8                APBPrescTable
 .rodata.__ieee754_pow.str1.1
                0x000000000800b0f0        0x1 c:/st/stm32cubeide_1.7.0/stm32cubeide/plugins/com.st.stm32cube.ide.mcu.externaltools.gnu-tools-for-stm32.9-2020-q2-update.win32_2.0.0.202105311346/tools/bin/../lib/gcc/arm-none-eabi/9.3.1/../../../../arm-none-eabi/lib/thumb/v7-m/nofp\libm.a(lib_a-e_pow.o)
 *fill*         0x000000000800b0f1        0x7 
 .rodata.bp     0x000000000800b0f8       0x10 c:/st/stm32cubeide_1.7.0/stm32cubeide/plugins/com.st.stm32cube.ide.mcu.externaltools.gnu-tools-for-stm32.9-2020-q2-update.win32_2.0.0.202105311346/tools/bin/../lib/gcc/arm-none-eabi/9.3.1/../../../../arm-none-eabi/lib/thumb/v7-m/nofp\libm.a(lib_a-e_pow.o)
 .rodata.dp_h   0x000000000800b108       0x10 c:/st/stm32cubeide_1.7.0/stm32cubeide/plugins/com.st.stm32cube.ide.mcu.externaltools.gnu-tools-for-stm32.9-2020-q2-update.win32_2.0.0.202105311346/tools/bin/../lib/gcc/arm-none-eabi/9.3.1/../../../../arm-none-eabi/lib/thumb/v7-m/nofp\libm.a(lib_a-e_pow.o)
 .rodata.dp_l   0x000000000800b118       0x10 c:/st/stm32cubeide_1.7.0/stm32cubeide/plugins/com.st.stm32cube.ide.mcu.externaltools.gnu-tools-for-stm32.9-2020-q2-update.win32_2.0.0.202105311346/tools/bin/../lib/gcc/arm-none-eabi/9.3.1/../../../../arm-none-eabi/lib/thumb/v7-m/nofp\libm.a(lib_a-e_pow.o)
 .rodata.TWO52  0x000000000800b128       0x10 c:/st/stm32cubeide_1.7.0/stm32cubeide/plugins/com.st.stm32cube.ide.mcu.externaltools.gnu-tools-for-stm32.9-2020-q2-update.win32_2.0.0.202105311346/tools/bin/../lib/gcc/arm-none-eabi/9.3.1/../../../../arm-none-eabi/lib/thumb/v7-m/nofp\libm.a(lib_a-s_rint.o)
                0x000000000800b138                . = ALIGN (0x4)

.rel.dyn        0x000000000800b138        0x0
 .rel.iplt      0x000000000800b138        0x0 c:/st/stm32cubeide_1.7.0/stm32cubeide/plugins/com.st.stm32cube.ide.mcu.externaltools.gnu-tools-for-stm32.9-2020-q2-update.win32_2.0.0.202105311346/tools/bin/../lib/gcc/arm-none-eabi/9.3.1/thumb/v7-m/nofp/crtbegin.o

.ARM.extab      0x000000000800b138        0x0
                0x000000000800b138                . = ALIGN (0x4)
 *(.ARM.extab* .gnu.linkonce.armextab.*)
                0x000000000800b138                . = ALIGN (0x4)

.ARM            0x000000000800b138        0x0
                0x000000000800b138                . = ALIGN (0x4)
                0x000000000800b138                __exidx_start = .
 *(.ARM.exidx*)
                0x000000000800b138                __exidx_end = .
                0x000000000800b138                . = ALIGN (0x4)

.preinit_array  0x000000000800b138        0x0
                0x000000000800b138                . = ALIGN (0x4)
                0x000000000800b138                PROVIDE (__preinit_array_start = .)
 *(.preinit_array*)
                0x000000000800b138                PROVIDE (__preinit_array_end = .)
                0x000000000800b138                . = ALIGN (0x4)

.init_array     0x000000000800b138        0x8
                0x000000000800b138                . = ALIGN (0x4)
                0x000000000800b138                PROVIDE (__init_array_start = .)
 *(SORT_BY_NAME(.init_array.*))
 *(.init_array*)
 .init_array    0x000000000800b138        0x4 c:/st/stm32cubeide_1.7.0/stm32cubeide/plugins/com.st.stm32cube.ide.mcu.externaltools.gnu-tools-for-stm32.9-2020-q2-update.win32_2.0.0.202105311346/tools/bin/../lib/gcc/arm-none-eabi/9.3.1/thumb/v7-m/nofp/crtbegin.o
 .init_array    0x000000000800b13c        0x4 ./Core/Src/main.o
                0x000000000800b140                PROVIDE (__init_array_end = .)
                0x000000000800b140                . = ALIGN (0x4)

.fini_array     0x000000000800b140        0x4
                0x000000000800b140                . = ALIGN (0x4)
                [!provide]                        PROVIDE (__fini_array_start = .)
 *(SORT_BY_NAME(.fini_array.*))
 *(.fini_array*)
 .fini_array    0x000000000800b140        0x4 c:/st/stm32cubeide_1.7.0/stm32cubeide/plugins/com.st.stm32cube.ide.mcu.externaltools.gnu-tools-for-stm32.9-2020-q2-update.win32_2.0.0.202105311346/tools/bin/../lib/gcc/arm-none-eabi/9.3.1/thumb/v7-m/nofp/crtbegin.o
                [!provide]                        PROVIDE (__fini_array_end = .)
                0x000000000800b144                . = ALIGN (0x4)
                0x000000000800b144                _sidata = LOADADDR (.data)

.data           0x0000000020000000       0x78 load address 0x000000000800b144
                0x0000000020000000                . = ALIGN (0x4)
                0x0000000020000000                _sdata = .
 *(.data)
 *(.data*)
 .data.SystemCoreClock
                0x0000000020000000        0x4 ./Core/Src/system_stm32f1xx.o
                0x0000000020000000                SystemCoreClock
 .data.uwTickPrio
                0x0000000020000004        0x4 ./Drivers/STM32F1xx_HAL_Driver/Src/stm32f1xx_hal.o
                0x0000000020000004                uwTickPrio
 .data.uwTickFreq
                0x0000000020000008        0x1 ./Drivers/STM32F1xx_HAL_Driver/Src/stm32f1xx_hal.o
                0x0000000020000008                uwTickFreq
 *fill*         0x0000000020000009        0x3 
 .data._ZN10__cxxabiv119__terminate_handlerE
                0x000000002000000c        0x4 c:/st/stm32cubeide_1.7.0/stm32cubeide/plugins/com.st.stm32cube.ide.mcu.externaltools.gnu-tools-for-stm32.9-2020-q2-update.win32_2.0.0.202105311346/tools/bin/../lib/gcc/arm-none-eabi/9.3.1/../../../../arm-none-eabi/lib/thumb/v7-m/nofp\libstdc++_nano.a(eh_term_handler.o)
                0x000000002000000c                __cxxabiv1::__terminate_handler
 .data.__fdlib_version
                0x0000000020000010        0x1 c:/st/stm32cubeide_1.7.0/stm32cubeide/plugins/com.st.stm32cube.ide.mcu.externaltools.gnu-tools-for-stm32.9-2020-q2-update.win32_2.0.0.202105311346/tools/bin/../lib/gcc/arm-none-eabi/9.3.1/../../../../arm-none-eabi/lib/thumb/v7-m/nofp\libm.a(lib_a-s_lib_ver.o)
                0x0000000020000010                __fdlib_version
 *fill*         0x0000000020000011        0x3 
 .data._impure_ptr
                0x0000000020000014        0x4 c:/st/stm32cubeide_1.7.0/stm32cubeide/plugins/com.st.stm32cube.ide.mcu.externaltools.gnu-tools-for-stm32.9-2020-q2-update.win32_2.0.0.202105311346/tools/bin/../lib/gcc/arm-none-eabi/9.3.1/../../../../arm-none-eabi/lib/thumb/v7-m/nofp\libc_nano.a(lib_a-impure.o)
                0x0000000020000014                _impure_ptr
 .data.impure_data
                0x0000000020000018       0x60 c:/st/stm32cubeide_1.7.0/stm32cubeide/plugins/com.st.stm32cube.ide.mcu.externaltools.gnu-tools-for-stm32.9-2020-q2-update.win32_2.0.0.202105311346/tools/bin/../lib/gcc/arm-none-eabi/9.3.1/../../../../arm-none-eabi/lib/thumb/v7-m/nofp\libc_nano.a(lib_a-impure.o)
 *(.RamFunc)
 *(.RamFunc*)
                0x0000000020000078                . = ALIGN (0x4)
                0x0000000020000078                _edata = .

.igot.plt       0x0000000020000078        0x0 load address 0x000000000800b1bc
 .igot.plt      0x0000000020000078        0x0 c:/st/stm32cubeide_1.7.0/stm32cubeide/plugins/com.st.stm32cube.ide.mcu.externaltools.gnu-tools-for-stm32.9-2020-q2-update.win32_2.0.0.202105311346/tools/bin/../lib/gcc/arm-none-eabi/9.3.1/thumb/v7-m/nofp/crtbegin.o
                0x0000000020000078                . = ALIGN (0x4)

.bss            0x0000000020000078      0x2f4 load address 0x000000000800b1bc
                0x0000000020000078                _sbss = .
                0x0000000020000078                __bss_start__ = _sbss
 *(.bss)
 .bss           0x0000000020000078       0x1c c:/st/stm32cubeide_1.7.0/stm32cubeide/plugins/com.st.stm32cube.ide.mcu.externaltools.gnu-tools-for-stm32.9-2020-q2-update.win32_2.0.0.202105311346/tools/bin/../lib/gcc/arm-none-eabi/9.3.1/thumb/v7-m/nofp/crtbegin.o
 *(.bss*)
 .bss.systemtick
                0x0000000020000094        0x1 ./Core/Src/main.o
                0x0000000020000094                systemtick
 *fill*         0x0000000020000095        0x3 
 .bss.tickUpdater
                0x0000000020000098       0x70 ./Core/Src/main.o
                0x0000000020000098                tickUpdater
 .bss.hadc1     0x0000000020000108       0x30 ./Core/Src/main.o
                0x0000000020000108                hadc1
 .bss.hadc2     0x0000000020000138       0x30 ./Core/Src/main.o
                0x0000000020000138                hadc2
 .bss.hdma_adc1
                0x0000000020000168       0x44 ./Core/Src/main.o
                0x0000000020000168                hdma_adc1
 .bss.htim1     0x00000000200001ac       0x48 ./Core/Src/main.o
                0x00000000200001ac                htim1
 .bss.htim3     0x00000000200001f4       0x48 ./Core/Src/main.o
                0x00000000200001f4                htim3
 .bss.htim4     0x000000002000023c       0x48 ./Core/Src/main.o
                0x000000002000023c                htim4
 .bss.huart3    0x0000000020000284       0x44 ./Core/Src/main.o
                0x0000000020000284                huart3
 .bss.hdma_usart3_tx
                0x00000000200002c8       0x44 ./Core/Src/main.o
                0x00000000200002c8                hdma_usart3_tx
 .bss.hdma_usart3_rx
                0x000000002000030c       0x44 ./Core/Src/main.o
                0x000000002000030c                hdma_usart3_rx
 .bss.adc_callback
                0x0000000020000350        0x4 ./Core/Src/main.o
                0x0000000020000350                adc_callback
 .bss.adc_injected_callback
                0x0000000020000354        0x4 ./Core/Src/main.o
                0x0000000020000354                adc_injected_callback
 .bss.interrupt_dma
                0x0000000020000358        0x4 ./Core/Src/main.o
                0x0000000020000358                interrupt_dma
 .bss.interrupt_uart
                0x000000002000035c        0x4 ./Core/Src/main.o
                0x000000002000035c                interrupt_uart
 .bss.period_callback
                0x0000000020000360        0x4 ./Core/Src/main.o
                0x0000000020000360                period_callback
 *(COMMON)
 COMMON         0x0000000020000364        0x4 ./Drivers/STM32F1xx_HAL_Driver/Src/stm32f1xx_hal.o
                0x0000000020000364                uwTick
 COMMON         0x0000000020000368        0x4 c:/st/stm32cubeide_1.7.0/stm32cubeide/plugins/com.st.stm32cube.ide.mcu.externaltools.gnu-tools-for-stm32.9-2020-q2-update.win32_2.0.0.202105311346/tools/bin/../lib/gcc/arm-none-eabi/9.3.1/../../../../arm-none-eabi/lib/thumb/v7-m/nofp\libc_nano.a(lib_a-reent.o)
                0x0000000020000368                errno
                0x000000002000036c                . = ALIGN (0x4)
                0x000000002000036c                _ebss = .
                0x000000002000036c                __bss_end__ = _ebss

._user_heap_stack
                0x000000002000036c      0x604 load address 0x000000000800b1bc
                0x0000000020000370                . = ALIGN (0x8)
 *fill*         0x000000002000036c        0x4 
                [!provide]                        PROVIDE (end = .)
                0x0000000020000370                PROVIDE (_end = .)
                0x0000000020000570                . = (. + _Min_Heap_Size)
 *fill*         0x0000000020000370      0x200 
                0x0000000020000970                . = (. + _Min_Stack_Size)
 *fill*         0x0000000020000570      0x400 
                0x0000000020000970                . = ALIGN (0x8)

/DISCARD/
 libc.a(*)
 libm.a(*)
 libgcc.a(*)

.ARM.attributes
                0x0000000000000000       0x29
 *(.ARM.attributes)
 .ARM.attributes
                0x0000000000000000       0x1d c:/st/stm32cubeide_1.7.0/stm32cubeide/plugins/com.st.stm32cube.ide.mcu.externaltools.gnu-tools-for-stm32.9-2020-q2-update.win32_2.0.0.202105311346/tools/bin/../lib/gcc/arm-none-eabi/9.3.1/thumb/v7-m/nofp/crti.o
 .ARM.attributes
                0x000000000000001d       0x2d c:/st/stm32cubeide_1.7.0/stm32cubeide/plugins/com.st.stm32cube.ide.mcu.externaltools.gnu-tools-for-stm32.9-2020-q2-update.win32_2.0.0.202105311346/tools/bin/../lib/gcc/arm-none-eabi/9.3.1/thumb/v7-m/nofp/crtbegin.o
 .ARM.attributes
                0x000000000000004a       0x2d ./Core/Src/main.o
 .ARM.attributes
                0x0000000000000077       0x2d ./Core/Src/stm32f1xx_hal_msp.o
 .ARM.attributes
                0x00000000000000a4       0x2d ./Core/Src/stm32f1xx_it.o
 .ARM.attributes
                0x00000000000000d1       0x2d ./Core/Src/syscalls.o
 .ARM.attributes
                0x00000000000000fe       0x2d ./Core/Src/system_stm32f1xx.o
 .ARM.attributes
                0x000000000000012b       0x21 ./Core/Startup/startup_stm32f103retx.o
 .ARM.attributes
                0x000000000000014c       0x2d ./Drivers/STM32F1xx_HAL_Driver/Src/stm32f1xx_hal.o
 .ARM.attributes
                0x0000000000000179       0x2d ./Drivers/STM32F1xx_HAL_Driver/Src/stm32f1xx_hal_adc.o
 .ARM.attributes
                0x00000000000001a6       0x2d ./Drivers/STM32F1xx_HAL_Driver/Src/stm32f1xx_hal_adc_ex.o
 .ARM.attributes
                0x00000000000001d3       0x2d ./Drivers/STM32F1xx_HAL_Driver/Src/stm32f1xx_hal_cortex.o
 .ARM.attributes
                0x0000000000000200       0x2d ./Drivers/STM32F1xx_HAL_Driver/Src/stm32f1xx_hal_dma.o
 .ARM.attributes
                0x000000000000022d       0x2d ./Drivers/STM32F1xx_HAL_Driver/Src/stm32f1xx_hal_gpio.o
 .ARM.attributes
                0x000000000000025a       0x2d ./Drivers/STM32F1xx_HAL_Driver/Src/stm32f1xx_hal_rcc.o
 .ARM.attributes
                0x0000000000000287       0x2d ./Drivers/STM32F1xx_HAL_Driver/Src/stm32f1xx_hal_rcc_ex.o
 .ARM.attributes
                0x00000000000002b4       0x2d ./Drivers/STM32F1xx_HAL_Driver/Src/stm32f1xx_hal_tim.o
 .ARM.attributes
                0x00000000000002e1       0x2d ./Drivers/STM32F1xx_HAL_Driver/Src/stm32f1xx_hal_tim_ex.o
 .ARM.attributes
                0x000000000000030e       0x2d ./Drivers/STM32F1xx_HAL_Driver/Src/stm32f1xx_hal_uart.o
 .ARM.attributes
                0x000000000000033b       0x2d c:/st/stm32cubeide_1.7.0/stm32cubeide/plugins/com.st.stm32cube.ide.mcu.externaltools.gnu-tools-for-stm32.9-2020-q2-update.win32_2.0.0.202105311346/tools/bin/../lib/gcc/arm-none-eabi/9.3.1/../../../../arm-none-eabi/lib/thumb/v7-m/nofp\libstdc++_nano.a(pure.o)
 .ARM.attributes
                0x0000000000000368       0x2d c:/st/stm32cubeide_1.7.0/stm32cubeide/plugins/com.st.stm32cube.ide.mcu.externaltools.gnu-tools-for-stm32.9-2020-q2-update.win32_2.0.0.202105311346/tools/bin/../lib/gcc/arm-none-eabi/9.3.1/../../../../arm-none-eabi/lib/thumb/v7-m/nofp\libstdc++_nano.a(eh_terminate.o)
 .ARM.attributes