Archive member included to satisfy reference by file (symbol)

c:/st/stm32cubeide_1.7.0/stm32cubeide/plugins/com.st.stm32cube.ide.mcu.externaltools.gnu-tools-for-stm32.9-2020-q2-update.win32_2.0.0.202105311346/tools/bin/../lib/gcc/arm-none-eabi/9.3.1/../../../../arm-none-eabi/lib/thumb/v7-m/nofp\libstdc++_nano.a(pure.o)
                              ./Core/Src/main.o (__cxa_pure_virtual)
c:/st/stm32cubeide_1.7.0/stm32cubeide/plugins/com.st.stm32cube.ide.mcu.externaltools.gnu-tools-for-stm32.9-2020-q2-update.win32_2.0.0.202105311346/tools/bin/../lib/gcc/arm-none-eabi/9.3.1/../../../../arm-none-eabi/lib/thumb/v7-m/nofp\libstdc++_nano.a(eh_terminate.o)
                              c:/st/stm32cubeide_1.7.0/stm32cubeide/plugins/com.st.stm32cube.ide.mcu.externaltools.gnu-tools-for-stm32.9-2020-q2-update.win32_2.0.0.202105311346/tools/bin/../lib/gcc/arm-none-eabi/9.3.1/../../../../arm-none-eabi/lib/thumb/v7-m/nofp\libstdc++_nano.a(pure.o) (std::terminate())
c:/st/stm32cubeide_1.7.0/stm32cubeide/plugins/com.st.stm32cube.ide.mcu.externaltools.gnu-tools-for-stm32.9-2020-q2-update.win32_2.0.0.202105311346/tools/bin/../lib/gcc/arm-none-eabi/9.3.1/../../../../arm-none-eabi/lib/thumb/v7-m/nofp\libstdc++_nano.a(eh_unex_handler.o)
                              c:/st/stm32cubeide_1.7.0/stm32cubeide/plugins/com.st.stm32cube.ide.mcu.externaltools.gnu-tools-for-stm32.9-2020-q2-update.win32_2.0.0.202105311346/tools/bin/../lib/gcc/arm-none-eabi/9.3.1/../../../../arm-none-eabi/lib/thumb/v7-m/nofp\libstdc++_nano.a(eh_terminate.o) (__cxxabiv1::__unexpected_handler)
c:/st/stm32cubeide_1.7.0/stm32cubeide/plugins/com.st.stm32cube.ide.mcu.externaltools.gnu-tools-for-stm32.9-2020-q2-update.win32_2.0.0.202105311346/tools/bin/../lib/gcc/arm-none-eabi/9.3.1/../../../../arm-none-eabi/lib/thumb/v7-m/nofp\libstdc++_nano.a(eh_term_handler.o)
                              c:/st/stm32cubeide_1.7.0/stm32cubeide/plugins/com.st.stm32cube.ide.mcu.externaltools.gnu-tools-for-stm32.9-2020-q2-update.win32_2.0.0.202105311346/tools/bin/../lib/gcc/arm-none-eabi/9.3.1/../../../../arm-none-eabi/lib/thumb/v7-m/nofp\libstdc++_nano.a(eh_terminate.o) (__cxxabiv1::__terminate_handler)
c:/st/stm32cubeide_1.7.0/stm32cubeide/plugins/com.st.stm32cube.ide.mcu.externaltools.gnu-tools-for-stm32.9-2020-q2-update.win32_2.0.0.202105311346/tools/bin/../lib/gcc/arm-none-eabi/9.3.1/../../../../arm-none-eabi/lib/thumb/v7-m/nofp\libm.a(lib_a-sf_log1p.o)
                              ./Core/Src/main.o (log1pf)
c:/st/stm32cubeide_1.7.0/stm32cubeide/plugins/com.st.stm32cube.ide.mcu.externaltools.gnu-tools-for-stm32.9-2020-q2-update.win32_2.0.0.202105311346/tools/bin/../lib/gcc/arm-none-eabi/9.3.1/../../../../arm-none-eabi/lib/thumb/v7-m/nofp\libm.a(lib_a-w_pow.o)
                              ./Core/Src/main.o (pow)
c:/st/stm32cubeide_1.7.0/stm32cubeide/plugins/com.st.stm32cube.ide.mcu.externaltools.gnu-tools-for-stm32.9-2020-q2-update.win32_2.0.0.202105311346/tools/bin/../lib/gcc/arm-none-eabi/9.3.1/../../../../arm-none-eabi/lib/thumb/v7-m/nofp\libm.a(lib_a-w_sqrt.o)
                              ./Core/Src/main.o (sqrt)
c:/st/stm32cubeide_1.7.0/stm32cubeide/plugins/com.st.stm32cube.ide.mcu.externaltools.gnu-tools-for-stm32.9-2020-q2-update.win32_2.0.0.202105311346/tools/bin/../lib/gcc/arm-none-eabi/9.3.1/../../../../arm-none-eabi/lib/thumb/v7-m/nofp\libm.a(lib_a-e_pow.o)
                              c:/st/stm32cubeide_1.7.0/stm32cubeide/plugins/com.st.stm32cube.ide.mcu.externaltools.gnu-tools-for-stm32.9-2020-q2-update.win32_2.0.0.202105311346/tools/bin/../lib/gcc/arm-none-eabi/9.3.1/../../../../arm-none-eabi/lib/thumb/v7-m/nofp\libm.a(lib_a-w_pow.o) (__ieee754_pow)
c:/st/stm32cubeide_1.7.0/stm32cubeide/plugins/com.st.stm32cube.ide.mcu.externaltools.gnu-tools-for-stm32.9-2020-q2-update.win32_2.0.0.202105311346/tools/bin/../lib/gcc/arm-none-eabi/9.3.1/../../../../arm-none-eabi/lib/thumb/v7-m/nofp\libm.a(lib_a-e_sqrt.o)
                              c:/st/stm32cubeide_1.7.0/stm32cubeide/plugins/com.st.stm32cube.ide.mcu.externaltools.gnu-tools-for-stm32.9-2020-q2-update.win32_2.0.0.202105311346/tools/bin/../lib/gcc/arm-none-eabi/9.3.1/../../../../arm-none-eabi/lib/thumb/v7-m/nofp\libm.a(lib_a-w_sqrt.o) (__ieee754_sqrt)
c:/st/stm32cubeide_1.7.0/stm32cubeide/plugins/com.st.stm32cube.ide.mcu.externaltools.gnu-tools-for-stm32.9-2020-q2-update.win32_2.0.0.202105311346/tools/bin/../lib/gcc/arm-none-eabi/9.3.1/../../../../arm-none-eabi/lib/thumb/v7-m/nofp\libm.a(lib_a-math_errf.o)
                              c:/st/stm32cubeide_1.7.0/stm32cubeide/plugins/com.st.stm32cube.ide.mcu.externaltools.gnu-tools-for-stm32.9-2020-q2-update.win32_2.0.0.202105311346/tools/bin/../lib/gcc/arm-none-eabi/9.3.1/../../../../arm-none-eabi/lib/thumb/v7-m/nofp\libm.a(lib_a-sf_log1p.o) (__math_divzerof)
[...]
Memory Configuration

Name             Origin             Length             Attributes
RAM              0x0000000020000000 0x0000000000010000 xrw
FLASH            0x0000000008000000 0x0000000000080000 xr
*default*        0x0000000000000000 0xffffffffffffffff

Linker script and memory map

LOAD c:/st/stm32cubeide_1.7.0/stm32cubeide/plugins/com.st.stm32cube.ide.mcu.externaltools.gnu-tools-for-stm32.9-2020-q2-update.win32_2.0.0.202105311346/tools/bin/../lib/gcc/arm-none-eabi/9.3.1/thumb/v7-m/nofp/crti.o
LOAD c:/st/stm32cubeide_1.7.0/stm32cubeide/plugins/com.st.stm32cube.ide.mcu.externaltools.gnu-tools-for-stm32.9-2020-q2-update.win32_2.0.0.202105311346/tools/bin/../lib/gcc/arm-none-eabi/9.3.1/thumb/v7-m/nofp/crtbegin.o
LOAD c:/st/stm32cubeide_1.7.0/stm32cubeide/plugins/com.st.stm32cube.ide.mcu.externaltools.gnu-tools-for-stm32.9-2020-q2-update.win32_2.0.0.202105311346/tools/bin/../lib/gcc/arm-none-eabi/9.3.1/../../../../arm-none-eabi/lib/thumb/v7-m/nofp/crt0.o
LOAD ./Core/Src/main.o
LOAD ./Core/Src/stm32f1xx_hal_msp.o
LOAD ./Core/Src/stm32f1xx_it.o
LOAD ./Core/Src/syscalls.o
LOAD ./Core/Src/sysmem.o
LOAD ./Core/Src/system_stm32f1xx.o
LOAD ./Core/Startup/startup_stm32f103retx.o
LOAD ./Drivers/STM32F1xx_HAL_Driver/Src/stm32f1xx_hal.o
LOAD ./Drivers/STM32F1xx_HAL_Driver/Src/stm32f1xx_hal_adc.o
LOAD ./Drivers/STM32F1xx_HAL_Driver/Src/stm32f1xx_hal_adc_ex.o
LOAD ./Drivers/STM32F1xx_HAL_Driver/Src/stm32f1xx_hal_can.o
LOAD ./Drivers/STM32F1xx_HAL_Driver/Src/stm32f1xx_hal_cortex.o
LOAD ./Drivers/STM32F1xx_HAL_Driver/Src/stm32f1xx_hal_dma.o
LOAD ./Drivers/STM32F1xx_HAL_Driver/Src/stm32f1xx_hal_exti.o
LOAD ./Drivers/STM32F1xx_HAL_Driver/Src/stm32f1xx_hal_flash.o
LOAD ./Drivers/STM32F1xx_HAL_Driver/Src/stm32f1xx_hal_flash_ex.o
LOAD ./Drivers/STM32F1xx_HAL_Driver/Src/stm32f1xx_hal_gpio.o
LOAD ./Drivers/STM32F1xx_HAL_Driver/Src/stm32f1xx_hal_gpio_ex.o
LOAD ./Drivers/STM32F1xx_HAL_Driver/Src/stm32f1xx_hal_pwr.o
LOAD ./Drivers/STM32F1xx_HAL_Driver/Src/stm32f1xx_hal_rcc.o
LOAD ./Drivers/STM32F1xx_HAL_Driver/Src/stm32f1xx_hal_rcc_ex.o
LOAD ./Drivers/STM32F1xx_HAL_Driver/Src/stm32f1xx_hal_tim.o
LOAD ./Drivers/STM32F1xx_HAL_Driver/Src/stm32f1xx_hal_tim_ex.o
LOAD ./Drivers/STM32F1xx_HAL_Driver/Src/stm32f1xx_hal_uart.o
START GROUP
LOAD c:/st/stm32cubeide_1.7.0/stm32cubeide/plugins/com.st.stm32cube.ide.mcu.externaltools.gnu-tools-for-stm32.9-2020-q2-update.win32_2.0.0.202105311346/tools/bin/../lib/gcc/arm-none-eabi/9.3.1/../../../../arm-none-eabi/lib/thumb/v7-m/nofp\libstdc++_nano.a
LOAD c:/st/stm32cubeide_1.7.0/stm32cubeide/plugins/com.st.stm32cube.ide.mcu.externaltools.gnu-tools-for-stm32.9-2020-q2-update.win32_2.0.0.202105311346/tools/bin/../lib/gcc/arm-none-eabi/9.3.1/../../../../arm-none-eabi/lib/thumb/v7-m/nofp\libsupc++_nano.a
END GROUP
LOAD c:/st/stm32cubeide_1.7.0/stm32cubeide/plugins/com.st.stm32cube.ide.mcu.externaltools.gnu-tools-for-stm32.9-2020-q2-update.win32_2.0.0.202105311346/tools/bin/../lib/gcc/arm-none-eabi/9.3.1/../../../../arm-none-eabi/lib/thumb/v7-m/nofp\libstdc++_nano.a
LOAD c:/st/stm32cubeide_1.7.0/stm32cubeide/plugins/com.st.stm32cube.ide.mcu.externaltools.gnu-tools-for-stm32.9-2020-q2-update.win32_2.0.0.202105311346/tools/bin/../lib/gcc/arm-none-eabi/9.3.1/../../../../arm-none-eabi/lib/thumb/v7-m/nofp\libm.a
LOAD c:/st/stm32cubeide_1.7.0/stm32cubeide/plugins/com.st.stm32cube.ide.mcu.externaltools.gnu-tools-for-stm32.9-2020-q2-update.win32_2.0.0.202105311346/tools/bin/../lib/gcc/arm-none-eabi/9.3.1/../../../../arm-none-eabi/lib/thumb/v7-m/nofp\libc_nano.a
START GROUP
LOAD c:/st/stm32cubeide_1.7.0/stm32cubeide/plugins/com.st.stm32cube.ide.mcu.externaltools.gnu-tools-for-stm32.9-2020-q2-update.win32_2.0.0.202105311346/tools/bin/../lib/gcc/arm-none-eabi/9.3.1/thumb/v7-m/nofp\libgcc.a
LOAD c:/st/stm32cubeide_1.7.0/stm32cubeide/plugins/com.st.stm32cube.ide.mcu.externaltools.gnu-tools-for-stm32.9-2020-q2-update.win32_2.0.0.202105311346/tools/bin/../lib/gcc/arm-none-eabi/9.3.1/../../../../arm-none-eabi/lib/thumb/v7-m/nofp\libc_nano.a
END GROUP
START GROUP
LOAD c:/st/stm32cubeide_1.7.0/stm32cubeide/plugins/com.st.stm32cube.ide.mcu.externaltools.gnu-tools-for-stm32.9-2020-q2-update.win32_2.0.0.202105311346/tools/bin/../lib/gcc/arm-none-eabi/9.3.1/thumb/v7-m/nofp\libgcc.a
LOAD c:/st/stm32cubeide_1.7.0/stm32cubeide/plugins/com.st.stm32cube.ide.mcu.externaltools.gnu-tools-for-stm32.9-2020-q2-update.win32_2.0.0.202105311346/tools/bin/../lib/gcc/arm-none-eabi/9.3.1/../../../../arm-none-eabi/lib/thumb/v7-m/nofp\libc_nano.a
LOAD c:/st/stm32cubeide_1.7.0/stm32cubeide/plugins/com.st.stm32cube.ide.mcu.externaltools.gnu-tools-for-stm32.9-2020-q2-update.win32_2.0.0.202105311346/tools/bin/../lib/gcc/arm-none-eabi/9.3.1/../../../../arm-none-eabi/lib/thumb/v7-m/nofp\libnosys.a
END GROUP
START GROUP
LOAD c:/st/stm32cubeide_1.7.0/stm32cubeide/plugins/com.st.stm32cube.ide.mcu.externaltools.gnu-tools-for-stm32.9-2020-q2-update.win32_2.0.0.202105311346/tools/bin/../lib/gcc/arm-none-eabi/9.3.1/thumb/v7-m/nofp\libgcc.a
LOAD c:/st/stm32cubeide_1.7.0/stm32cubeide/plugins/com.st.stm32cube.ide.mcu.externaltools.gnu-tools-for-stm32.9-2020-q2-update.win32_2.0.0.202105311346/tools/bin/../lib/gcc/arm-none-eabi/9.3.1/../../../../arm-none-eabi/lib/thumb/v7-m/nofp\libc_nano.a
LOAD c:/st/stm32cubeide_1.7.0/stm32cubeide/plugins/com.st.stm32cube.ide.mcu.externaltools.gnu-tools-for-stm32.9-2020-q2-update.win32_2.0.0.202105311346/tools/bin/../lib/gcc/arm-none-eabi/9.3.1/../../../../arm-none-eabi/lib/thumb/v7-m/nofp\libnosys.a
END GROUP
LOAD c:/st/stm32cubeide_1.7.0/stm32cubeide/plugins/com.st.stm32cube.ide.mcu.externaltools.gnu-tools-for-stm32.9-2020-q2-update.win32_2.0.0.202105311346/tools/bin/../lib/gcc/arm-none-eabi/9.3.1/thumb/v7-m/nofp/crtend.o
LOAD c:/st/stm32cubeide_1.7.0/stm32cubeide/plugins/com.st.stm32cube.ide.mcu.externaltools.gnu-tools-for-stm32.9-2020-q2-update.win32_2.0.0.202105311346/tools/bin/../lib/gcc/arm-none-eabi/9.3.1/thumb/v7-m/nofp/crtn.o
                0x0000000020010000                _estack = (ORIGIN (RAM) + LENGTH (RAM))
                0x0000000000000200                _Min_Heap_Size = 0x200
                0x0000000000000400                _Min_Stack_Size = 0x400

.isr_vector     0x0000000008000000      0x1e4
                0x0000000008000000                . = ALIGN (0x4)
 *(.isr_vector)
 .isr_vector    0x0000000008000000      0x1e4 ./Core/Startup/startup_stm32f103retx.o
                0x0000000008000000                g_pfnVectors
                0x00000000080001e4                . = ALIGN (0x4)

.text           0x00000000080001e8     0xafac
                0x00000000080001e8                . = ALIGN (0x4)
 *(.text)
 .text          0x00000000080001e8       0x40 c:/st/stm32cubeide_1.7.0/stm32cubeide/plugins/com.st.stm32cube.ide.mcu.externaltools.gnu-tools-for-stm32.9-2020-q2-update.win32_2.0.0.202105311346/tools/bin/../lib/gcc/arm-none-eabi/9.3.1/thumb/v7-m/nofp/crtbegin.o
 .text          0x0000000008000228      0x378 c:/st/stm32cubeide_1.7.0/stm32cubeide/plugins/com.st.stm32cube.ide.mcu.externaltools.gnu-tools-for-stm32.9-2020-q2-update.win32_2.0.0.202105311346/tools/bin/../lib/gcc/arm-none-eabi/9.3.1/thumb/v7-m/nofp\libgcc.a(_arm_addsubdf3.o)
                0x0000000008000228                __aeabi_drsub
                0x0000000008000230                __aeabi_dsub
                0x0000000008000230                __subdf3
                0x0000000008000234                __aeabi_dadd
                0x0000000008000234                __adddf3
                0x00000000080004ac                __floatunsidf
                0x00000000080004ac                __aeabi_ui2d
                0x00000000080004cc                __floatsidf
                0x00000000080004cc                __aeabi_i2d
                0x00000000080004f0                __aeabi_f2d
                0x00000000080004f0                __extendsfdf2
                0x0000000008000534                __floatundidf
                0x0000000008000534                __aeabi_ul2d
                0x0000000008000544                __floatdidf
                0x0000000008000544                __aeabi_l2d
 .text          0x00000000080005a0      0x424 c:/st/stm32cubeide_1.7.0/stm32cubeide/plugins/com.st.stm32cube.ide.mcu.externaltools.gnu-tools-for-stm32.9-2020-q2-update.win32_2.0.0.202105311346/tools/bin/../lib/gcc/arm-none-eabi/9.3.1/thumb/v7-m/nofp\libgcc.a(_arm_muldivdf3.o)
                0x00000000080005a0                __aeabi_dmul
                0x00000000080005a0                __muldf3
                0x00000000080007f4                __divdf3
                0x00000000080007f4                __aeabi_ddiv
 .text          0x00000000080009c4      0x110 c:/st/stm32cubeide_1.7.0/stm32cubeide/plugins/com.st.stm32cube.ide.mcu.externaltools.gnu-tools-for-stm32.9-2020-q2-update.win32_2.0.0.202105311346/tools/bin/../lib/gcc/arm-none-eabi/9.3.1/thumb/v7-m/nofp\libgcc.a(_arm_cmpdf2.o)
                0x00000000080009c4                __gtdf2
                0x00000000080009c4                __gedf2
                0x00000000080009cc                __ltdf2
                0x00000000080009cc                __ledf2
                0x00000000080009d4                __nedf2
                0x00000000080009d4                __eqdf2
                0x00000000080009d4                __cmpdf2
                0x0000000008000a50                __aeabi_cdrcmple
                0x0000000008000a60                __aeabi_cdcmpeq
                0x0000000008000a60                __aeabi_cdcmple
                0x0000000008000a70                __aeabi_dcmpeq
                0x0000000008000a84                __aeabi_dcmplt
                0x0000000008000a98                __aeabi_dcmple
                0x0000000008000aac                __aeabi_dcmpge
                0x0000000008000ac0                __aeabi_dcmpgt
 .text          0x0000000008000ad4       0x2c c:/st/stm32cubeide_1.7.0/stm32cubeide/plugins/com.st.stm32cube.ide.mcu.externaltools.gnu-tools-for-stm32.9-2020-q2-update.win32_2.0.0.202105311346/tools/bin/../lib/gcc/arm-none-eabi/9.3.1/thumb/v7-m/nofp\libgcc.a(_arm_unorddf2.o)
                0x0000000008000ad4                __unorddf2
                0x0000000008000ad4                __aeabi_dcmpun
 .text          0x0000000008000b00       0x50 c:/st/stm32cubeide_1.7.0/stm32cubeide/plugins/com.st.stm32cube.ide.mcu.externaltools.gnu-tools-for-stm32.9-2020-q2-update.win32_2.0.0.202105311346/tools/bin/../lib/gcc/arm-none-eabi/9.3.1/thumb/v7-m/nofp\libgcc.a(_arm_fixdfsi.o)
                0x0000000008000b00                __aeabi_d2iz
                0x0000000008000b00                __fixdfsi
 .text          0x0000000008000b50      0x21c c:/st/stm32cubeide_1.7.0/stm32cubeide/plugins/com.st.stm32cube.ide.mcu.externaltools.gnu-tools-for-stm32.9-2020-q2-update.win32_2.0.0.202105311346/tools/bin/../lib/gcc/arm-none-eabi/9.3.1/thumb/v7-m/nofp\libgcc.a(_arm_addsubsf3.o)
                0x0000000008000b50                __aeabi_frsub
                0x0000000008000b58                __subsf3
                0x0000000008000b58                __aeabi_fsub
                0x0000000008000b5c                __aeabi_fadd
                0x0000000008000b5c                __addsf3
                0x0000000008000cbc                __aeabi_ui2f
                0x0000000008000cbc                __floatunsisf
                0x0000000008000cc4                __aeabi_i2f
                0x0000000008000cc4                __floatsisf
                0x0000000008000ce0                __aeabi_ul2f
                0x0000000008000ce0                __floatundisf
                0x0000000008000cf0                __aeabi_l2f
                0x0000000008000cf0                __floatdisf
 .text          0x0000000008000d6c      0x2a0 c:/st/stm32cubeide_1.7.0/stm32cubeide/plugins/com.st.stm32cube.ide.mcu.externaltools.gnu-tools-for-stm32.9-2020-q2-update.win32_2.0.0.202105311346/tools/bin/../lib/gcc/arm-none-eabi/9.3.1/thumb/v7-m/nofp\libgcc.a(_arm_muldivsf3.o)
                0x0000000008000d6c                __mulsf3
                0x0000000008000d6c                __aeabi_fmul
                0x0000000008000ed4                __aeabi_fdiv
                0x0000000008000ed4                __divsf3
 .text          0x000000000800100c       0xec c:/st/stm32cubeide_1.7.0/stm32cubeide/plugins/com.st.stm32cube.ide.mcu.externaltools.gnu-tools-for-stm32.9-2020-q2-update.win32_2.0.0.202105311346/tools/bin/../lib/gcc/arm-none-eabi/9.3.1/thumb/v7-m/nofp\libgcc.a(_arm_cmpsf2.o)
                0x000000000800100c                __gesf2
                0x000000000800100c                __gtsf2
                0x0000000008001014                __lesf2
                0x0000000008001014                __ltsf2
                0x000000000800101c                __nesf2
                0x000000000800101c                __eqsf2
                0x000000000800101c                __cmpsf2
                0x000000000800107c                __aeabi_cfrcmple
                0x0000000008001084                __aeabi_cfcmpeq
                0x0000000008001084                __aeabi_cfcmple
                0x0000000008001094                __aeabi_fcmpeq
                0x00000000080010a8                __aeabi_fcmplt
                0x00000000080010bc                __aeabi_fcmple
                0x00000000080010d0                __aeabi_fcmpge
                0x00000000080010e4                __aeabi_fcmpgt
 .text          0x00000000080010f8       0x2c c:/st/stm32cubeide_1.7.0/stm32cubeide/plugins/com.st.stm32cube.ide.mcu.externaltools.gnu-tools-for-stm32.9-2020-q2-update.win32_2.0.0.202105311346/tools/bin/../lib/gcc/arm-none-eabi/9.3.1/thumb/v7-m/nofp\libgcc.a(_arm_unordsf2.o)
                0x00000000080010f8                __unordsf2
                0x00000000080010f8                __aeabi_fcmpun
 .text          0x0000000008001124       0x4c c:/st/stm32cubeide_1.7.0/stm32cubeide/plugins/com.st.stm32cube.ide.mcu.externaltools.gnu-tools-for-stm32.9-2020-q2-update.win32_2.0.0.202105311346/tools/bin/../lib/gcc/arm-none-eabi/9.3.1/thumb/v7-m/nofp\libgcc.a(_arm_fixsfsi.o)
                0x0000000008001124                __aeabi_f2iz
                0x0000000008001124                __fixsfsi
 .text          0x0000000008001170       0x40 c:/st/stm32cubeide_1.7.0/stm32cubeide/plugins/com.st.stm32cube.ide.mcu.externaltools.gnu-tools-for-stm32.9-2020-q2-update.win32_2.0.0.202105311346/tools/bin/../lib/gcc/arm-none-eabi/9.3.1/thumb/v7-m/nofp\libgcc.a(_arm_fixunssfsi.o)
                0x0000000008001170                __fixunssfsi
                0x0000000008001170                __aeabi_f2uiz
 *(.text*)
 .text._ZN9Publisher9subscribeEP10Subscriber
                0x00000000080011b0       0x1c ./Core/Src/main.o
                0x00000000080011b0                Publisher::subscribe(Subscriber*)
 .text._ZN9Publisher11unsubscribeEP10Subscriber
                0x00000000080011cc       0x1c ./Core/Src/main.o
                0x00000000080011cc                Publisher::unsubscribe(Subscriber*)
 .text._ZN9Publisher6notifyEv
                0x00000000080011e8       0x6e ./Core/Src/main.o
                0x00000000080011e8                Publisher::notify()
 .text._ZN9PublisherC2Ev
                0x0000000008001256       0x1a ./Core/Src/main.o
                0x0000000008001256                Publisher::Publisher()
                0x0000000008001256                Publisher::Publisher()
 .text._ZN11TickUpdater7SubtickC2Ev
                0x0000000008001270       0x1a ./Core/Src/main.o
                0x0000000008001270                TickUpdater::Subtick::Subtick()
                0x0000000008001270                TickUpdater::Subtick::Subtick()
 *fill*         0x000000000800128a        0x2 
 .text._ZN11TickUpdaterC2Ev
                0x000000000800128c       0x48 ./Core/Src/main.o
                0x000000000800128c                TickUpdater::TickUpdater()
                0x000000000800128c                TickUpdater::TickUpdater()
 .text.HAL_IncTick
                0x00000000080012d4       0x14 ./Core/Src/main.o
                0x00000000080012d4                HAL_IncTick
 .text._ZN14TickSubscriber9subscribeEv
                0x00000000080012e8       0x34 ./Core/Src/main.o
                0x00000000080012e8                TickSubscriber::subscribe()
 .text._ZN14TickSubscriber11unsubscribeEv
                0x000000000800131c       0x2c ./Core/Src/main.o
                0x000000000800131c                TickSubscriber::unsubscribe()
 .text._ZN10SubscriberC2Ev
                0x0000000008001348       0x20 ./Core/Src/main.o
                0x0000000008001348                Subscriber::Subscriber()
                0x0000000008001348                Subscriber::Subscriber()
 .text._ZN14TickSubscriberC2Ev
                0x0000000008001368       0x24 ./Core/Src/main.o
                0x0000000008001368                TickSubscriber::TickSubscriber()
                0x0000000008001368                TickSubscriber::TickSubscriber()
 .text._ZN5TimerC2Ev
                0x000000000800138c       0x30 ./Core/Src/main.o
                0x000000000800138c                Timer::Timer()
                0x000000000800138c                Timer::Timer()
 .text._ZN5TimerC2Em
                0x00000000080013bc       0x3c ./Core/Src/main.o
                0x00000000080013bc                Timer::Timer(unsigned long)
                0x00000000080013bc                Timer::Timer(unsigned long)
 .text._ZN5Timer6notifyEv
                0x00000000080013f8       0x1c ./Core/Src/main.o
                0x00000000080013f8                Timer::notify()
 .text._ZN11TickUpdater9interruptEv
                0x0000000008001414       0x18 ./Core/Src/main.o
                0x0000000008001414                TickUpdater::interrupt()
 .text._ZN5Timer5startEm
                0x000000000800142c       0x26 ./Core/Src/main.o
                0x000000000800142c                Timer::start(unsigned long)
 .text._ZN5Timer5eventEv
                0x0000000008001452       0x34 ./Core/Src/main.o
                0x0000000008001452                Timer::event()
 .text._ZN5Timer4stopEv
                0x0000000008001486       0x1e ./Core/Src/main.o
                0x0000000008001486                Timer::stop()
 .text._ZN5Timer4doneEv
                0x00000000080014a4       0x24 ./Core/Src/main.o
                0x00000000080014a4                Timer::done()
 .text._ZN5Timer5startEv
                0x00000000080014c8       0x18 ./Core/Src/main.o
                0x00000000080014c8                Timer::start()
 .text._ZN5Timer7isCountEv
                0x00000000080014e0       0x16 ./Core/Src/main.o
                0x00000000080014e0                Timer::isCount()
 .text._ZN9Interrupt9subscribeEP12Interrupting
                0x00000000080014f6       0x1a ./Core/Src/main.o
                0x00000000080014f6                Interrupt::subscribe(Interrupting*)
 .text._ZN9Interrupt9interruptEv
                0x0000000008001510       0x20 ./Core/Src/main.o
                0x0000000008001510                Interrupt::interrupt()
 .text._ZN4ADC_13adc_interruptEv
                0x0000000008001530       0x48 ./Core/Src/main.o
                0x0000000008001530                ADC_::adc_interrupt()
 .text._ZN4ADC_22adc_injected_interruptEv
                0x0000000008001578      0x6c0 ./Core/Src/main.o
                0x0000000008001578                ADC_::adc_injected_interrupt()
 .text._ZN12InterruptingC2Ev
                0x0000000008001c38       0x20 ./Core/Src/main.o
                0x0000000008001c38                Interrupting::Interrupting()
                0x0000000008001c38                Interrupting::Interrupting()
 .text._ZN4ADC_13ADC_interruptC2ERS_
                0x0000000008001c58       0x3c ./Core/Src/main.o
                0x0000000008001c58                ADC_::ADC_interrupt::ADC_interrupt(ADC_&)
                0x0000000008001c58                ADC_::ADC_interrupt::ADC_interrupt(ADC_&)
 .text._ZN4ADC_13ADC_interrupt9interruptEv
                0x0000000008001c94       0x1a ./Core/Src/main.o
                0x0000000008001c94                ADC_::ADC_interrupt::interrupt()
 *fill*         0x0000000008001cae        0x2 
 .text._ZN4ADC_17ADC_INJ_interruptC2ERS_
                0x0000000008001cb0       0x3c ./Core/Src/main.o
                0x0000000008001cb0                ADC_::ADC_INJ_interrupt::ADC_INJ_interrupt(ADC_&)
                0x0000000008001cb0                ADC_::ADC_INJ_interrupt::ADC_INJ_interrupt(ADC_&)
 .text._ZN4ADC_17ADC_INJ_interrupt9interruptEv
                0x0000000008001cec       0x1a ./Core/Src/main.o
                0x0000000008001cec                ADC_::ADC_INJ_interrupt::interrupt()
 *fill*         0x0000000008001d06        0x2 
 .text._ZN4ADC_C2ER9InterruptS1_ht
                0x0000000008001d08      0x1ec ./Core/Src/main.o
                0x0000000008001d08                ADC_::ADC_(Interrupt&, Interrupt&, unsigned char, unsigned short)
                0x0000000008001d08                ADC_::ADC_(Interrupt&, Interrupt&, unsigned char, unsigned short)
 .text._ZN4ADC_14measure_offsetEv
                0x0000000008001ef4       0x1a ./Core/Src/main.o
                0x0000000008001ef4                ADC_::measure_offset()
 .text._ZN4ADC_13measure_valueEv
                0x0000000008001f0e       0x1a ./Core/Src/main.o
                0x0000000008001f0e                ADC_::measure_value()
 .text._ZN4ADC_ixEh
                0x0000000008001f28       0x22 ./Core/Src/main.o
                0x0000000008001f28                ADC_::operator[](unsigned char)
 .text._ZN4ADC_5valueEh
                0x0000000008001f4a       0x6a ./Core/Src/main.o
                0x0000000008001f4a                ADC_::value(unsigned char)
 .text._ZN4ADC_7currentEv
                0x0000000008001fb4       0x1a ./Core/Src/main.o
                0x0000000008001fb4                ADC_::current()
 .text._ZN4ADC_8value_HVEv
                0x0000000008001fce       0x18 ./Core/Src/main.o
                0x0000000008001fce                ADC_::value_HV()
 .text._ZN4ADC_13reset_measureEv
                0x0000000008001fe6       0x1a ./Core/Src/main.o
                0x0000000008001fe6                ADC_::reset_measure()
 .text._ZN4ADC_11reset_errorEv
                0x0000000008002000       0x1a ./Core/Src/main.o
                0x0000000008002000                ADC_::reset_error()
 .text._ZN4ADC_9is_over_sEv
                0x000000000800201a       0x18 ./Core/Src/main.o
                0x000000000800201a                ADC_::is_over_s()
 .text._ZN4ADC_12reset_over_sEv
                0x0000000008002032       0x1a ./Core/Src/main.o
                0x0000000008002032                ADC_::reset_over_s()
 .text._ZN4ADC_9is_over_aEv
                0x000000000800204c       0x18 ./Core/Src/main.o
                0x000000000800204c                ADC_::is_over_a()
 .text._ZN4ADC_12reset_over_aEv
                0x0000000008002064       0x1a ./Core/Src/main.o
                0x0000000008002064                ADC_::reset_over_a()
 .text._ZN4ADC_9is_over_cEv
                0x000000000800207e       0x18 ./Core/Src/main.o
                0x000000000800207e                ADC_::is_over_c()
 .text._ZN4ADC_12reset_over_cEv
                0x0000000008002096       0x1a ./Core/Src/main.o
                0x0000000008002096                ADC_::reset_over_c()
 .text._ZN4ADC_11is_error_HVEv
                0x00000000080020b0       0x18 ./Core/Src/main.o
                0x00000000080020b0                ADC_::is_error_HV()
 .text._ZN4ADC_14reset_error_HVEv
                0x00000000080020c8       0x1a ./Core/Src/main.o
                0x00000000080020c8                ADC_::reset_error_HV()
 .text._ZN4ADC_7what_KmEt
                0x00000000080020e2       0x28 ./Core/Src/main.o
                0x00000000080020e2                ADC_::what_Km(unsigned short)
 *fill*         0x000000000800210a        0x2 
 .text._ZN4ADC_6notifyEv
                0x000000000800210c       0x78 ./Core/Src/main.o
                0x000000000800210c                ADC_::notify()
 .text._ZN4ADC_15set_max_currentEt
                0x0000000008002184       0x1e ./Core/Src/main.o
                0x0000000008002184                ADC_::set_max_current(unsigned short)
 .text._ZN4ADC_21set_max_current_phaseEt
                0x00000000080021a2       0x1e ./Core/Src/main.o
                0x00000000080021a2                ADC_::set_max_current_phase(unsigned short)
 .text.HAL_ADC_ConvCpltCallback
                0x00000000080021c0       0x28 ./Core/Src/main.o
                0x00000000080021c0                HAL_ADC_ConvCpltCallback
 .text.HAL_ADCEx_InjectedConvCpltCallback
                0x00000000080021e8       0x28 ./Core/Src/main.o
                0x00000000080021e8                HAL_ADCEx_InjectedConvCpltCallback
 .text._ZN3PinC2EP12GPIO_TypeDeft
                0x0000000008002210       0x26 ./Core/Src/main.o
                0x0000000008002210                Pin::Pin(GPIO_TypeDef*, unsigned short)
                0x0000000008002210                Pin::Pin(GPIO_TypeDef*, unsigned short)
 .text._ZN3Pin3setEv
                0x0000000008002236       0x20 ./Core/Src/main.o
                0x0000000008002236                Pin::set()
 .text._ZN3Pin5clearEv
                0x0000000008002256       0x20 ./Core/Src/main.o
                0x0000000008002256                Pin::clear()
 .text._ZN3Pin6is_setEv
                0x0000000008002276       0x2c ./Core/Src/main.o
                0x0000000008002276                Pin::is_set()
 .text._ZN3Pin6toggleEv
                0x00000000080022a2       0x20 ./Core/Src/main.o
                0x00000000080022a2                Pin::toggle()
 .text._ZN3PinaSEb
                0x00000000080022c2       0x2a ./Core/Src/main.o
                0x00000000080022c2                Pin::operator=(bool)
 .text._ZN3PineOEb
                0x00000000080022ec       0x20 ./Core/Src/main.o
                0x00000000080022ec                Pin::operator^=(bool)
 .text._ZN3PincvbEv
                0x000000000800230c       0x18 ./Core/Src/main.o
                0x000000000800230c                Pin::operator bool()
 .text._ZN3NTCC2Ev
                0x0000000008002324       0x28 ./Core/Src/main.o
                0x0000000008002324                NTC::NTC()
                0x0000000008002324                NTC::NTC()
 .text._ZN3NTCclEt
                0x000000000800234c       0xdc ./Core/Src/main.o
                0x000000000800234c                NTC::operator()(unsigned short)
 .text.HAL_UART_TxCpltCallback
                0x0000000008002428       0x28 ./Core/Src/main.o
                0x0000000008002428                HAL_UART_TxCpltCallback
 .text.HAL_UARTEx_RxEventCallback
                0x0000000008002450       0x2c ./Core/Src/main.o
                0x0000000008002450                HAL_UARTEx_RxEventCallback
 .text._ZN9ContactorC2ER4ADC_R7ServiceI7In_data8Out_dataE
                0x000000000800247c       0x3e ./Core/Src/main.o
                0x000000000800247c                Contactor::Contactor(ADC_&, Service<In_data, Out_data>&)
                0x000000000800247c                Contactor::Contactor(ADC_&, Service<In_data, Out_data>&)
 .text._ZN9Contactor5startEv
                0x00000000080024ba       0x26 ./Core/Src/main.o
                0x00000000080024ba                Contactor::start()
 .text._ZN9Contactor4stopEv
                0x00000000080024e0       0x3c ./Core/Src/main.o
                0x00000000080024e0                Contactor::stop()
 .text._ZN9Contactor5is_onEv
                0x000000000800251c       0x16 ./Core/Src/main.o
                0x000000000800251c                Contactor::is_on()
 *fill*         0x0000000008002532        0x2 
 .text._ZN9ContactorclEv
                0x0000000008002534      0x114 ./Core/Src/main.o
                0x0000000008002534                Contactor::operator()()
 .text._ZN9Convertor14TIM3_interruptC2ERS_
                0x0000000008002648       0x3c ./Core/Src/main.o
                0x0000000008002648                Convertor::TIM3_interrupt::TIM3_interrupt(Convertor&)
                0x0000000008002648                Convertor::TIM3_interrupt::TIM3_interrupt(Convertor&)
 .text._ZN9Convertor14TIM3_interrupt9interruptEv
                0x0000000008002684       0x1a ./Core/Src/main.o
                0x0000000008002684                Convertor::TIM3_interrupt::interrupt()
 *fill*         0x000000000800269e        0x2 
 .text._ZN9Convertor16period_interruptEv
                0x00000000080026a0      0x128 ./Core/Src/main.o
                0x00000000080026a0                Convertor::period_interrupt()
 .text._ZN9ConvertorC2ER4ADC_R7ServiceI7In_data8Out_dataER9ContactorR9InterruptR3PinSC_SC_SC_SC_SC_SC_SC_SC_
                0x00000000080027c8      0x214 ./Core/Src/main.o
                0x00000000080027c8                Convertor::Convertor(ADC_&, Service<In_data, Out_data>&, Contactor&, Interrupt&, Pin&, Pin&, Pin&, Pin&, Pin&, Pin&, Pin&, Pin&, Pin&)
                0x00000000080027c8                Convertor::Convertor(ADC_&, Service<In_data, Out_data>&, Contactor&, Interrupt&, Pin&, Pin&, Pin&, Pin&, Pin&, Pin&, Pin&, Pin&, Pin&)
 .text._ZN9ConvertorclEv
                0x00000000080029dc      0xc4c ./Core/Src/main.o
                0x00000000080029dc                Convertor::operator()()
 .text._ZN9Convertor4puskEv
                0x0000000008003628      0x180 ./Core/Src/main.o
                0x0000000008003628                Convertor::pusk()
 .text._ZN9Convertor4stopEv
                0x00000000080037a8       0xac ./Core/Src/main.o
                0x00000000080037a8                Convertor::stop()
 .text._ZN9Convertor5alarmEv
                0x0000000008003854      0x4a8 ./Core/Src/main.o
                0x0000000008003854                Convertor::alarm()
 .text.HAL_TIM_PeriodElapsedCallback
                0x0000000008003cfc       0x28 ./Core/Src/main.o
                0x0000000008003cfc                HAL_TIM_PeriodElapsedCallback
 .text.main     0x0000000008003d24      0x198 ./Core/Src/main.o
                0x0000000008003d24                main
 .text._Z18SystemClock_Configv
                0x0000000008003ebc       0xda ./Core/Src/main.o
                0x0000000008003ebc                SystemClock_Config()
 *fill*         0x0000000008003f96        0x2 
 .text._ZL12MX_ADC1_Initv
                0x0000000008003f98      0x104 ./Core/Src/main.o
 .text._ZL12MX_ADC2_Initv
                0x000000000800409c      0x144 ./Core/Src/main.o
 .text._ZL12MX_TIM1_Initv
                0x00000000080041e0      0x174 ./Core/Src/main.o
 .text._ZL12MX_TIM3_Initv
                0x0000000008004354       0xcc ./Core/Src/main.o
 .text._ZL12MX_TIM4_Initv
                0x0000000008004420       0xd0 ./Core/Src/main.o
 .text._ZL19MX_USART3_UART_Initv
                0x00000000080044f0       0x5c ./Core/Src/main.o
 .text._ZL11MX_DMA_Initv
                0x000000000800454c       0x5c ./Core/Src/main.o
 .text._ZL12MX_GPIO_Initv
                0x00000000080045a8      0x154 ./Core/Src/main.o
 .text.Error_Handler
                0x00000000080046fc        0xa ./Core/Src/main.o
                0x00000000080046fc                Error_Handler
 .text._ZN13Static_vectorIP10SubscriberLj12EE9push_backES1_
                0x0000000008004706       0x2e ./Core/Src/main.o
                0x0000000008004706                Static_vector<Subscriber*, 12u>::push_back(Subscriber*)
 .text._ZN13Static_vectorIP10SubscriberLj12EE6removeES1_
                0x0000000008004734       0x74 ./Core/Src/main.o
                0x0000000008004734                Static_vector<Subscriber*, 12u>::remove(Subscriber*)
 .text._ZNK13Static_vectorIP10SubscriberLj12EE4cendEv
                0x00000000080047a8       0x18 ./Core/Src/main.o
                0x00000000080047a8                Static_vector<Subscriber*, 12u>::cend() const
 .text._ZNK13Static_vectorIP10SubscriberLj12EEixEj
                0x00000000080047c0       0x1c ./Core/Src/main.o
                0x00000000080047c0                Static_vector<Subscriber*, 12u>::operator[](unsigned int) const
 .text._ZN13Static_vectorIP10SubscriberLj12EEC2Ev
                0x00000000080047dc       0x14 ./Core/Src/main.o
                0x00000000080047dc                Static_vector<Subscriber*, 12u>::Static_vector()
                0x00000000080047dc                Static_vector<Subscriber*, 12u>::Static_vector()
 .text._ZN10SystemTick13initInterruptILt1000EEEvv
                0x00000000080047f0       0x2c ./Core/Src/main.o
                0x00000000080047f0                void SystemTick::initInterrupt<(unsigned short)1000>()
 .text._ZSt3powIiiEN9__gnu_cxx11__promote_2IT_T0_NS0_9__promoteIS2_XsrSt12__is_integerIS2_E7__valueEE6__typeENS4_IS3_XsrS5_IS3_E7__valueEE6__typeEE6__typeES2_S3_
                0x000000000800481c       0x34 ./Core/Src/main.o
                0x000000000800481c                __gnu_cxx::__promote_2<int, int, __gnu_cxx::__promote<int, std::__is_integer<int>::__value>::__type, __gnu_cxx::__promote<int, std::__is_integer<int>::__value>::__type>::__type std::pow<int, int>(int, int)
 .text._ZN7ServiceI7In_data8Out_dataEclEv
                0x0000000008004850      0x3c8 ./Core/Src/main.o
                0x0000000008004850                Service<In_data, Out_data>::operator()()
 .text._ZN5UART_ILj26EEC2ER3Pin
                0x0000000008004c18       0x24 ./Core/Src/main.o
                0x0000000008004c18                UART_<26u>::UART_(Pin&)
                0x0000000008004c18                UART_<26u>::UART_(Pin&)
 .text._ZN7ServiceI7In_data8Out_dataEC2ER4ADC_R3NTCR5UART_ILj26EER9InterruptSB_
                0x0000000008004c3c       0xd0 ./Core/Src/main.o
                0x0000000008004c3c                Service<In_data, Out_data>::Service(ADC_&, NTC&, UART_<26u>&, Interrupt&, Interrupt&)
                0x0000000008004c3c                Service<In_data, Out_data>::Service(ADC_&, NTC&, UART_<26u>&, Interrupt&, Interrupt&)
 .text._ZN10Net_bufferILh26EEixEi
                0x0000000008004d0c       0x1e ./Core/Src/main.o
                0x0000000008004d0c                Net_buffer<(unsigned char)26>::operator[](int)
 .text._ZN10Net_bufferILh26EE5clearEv
                0x0000000008004d2a       0x1e ./Core/Src/main.o
                0x0000000008004d2a                Net_buffer<(unsigned char)26>::clear()
 .text._ZN10Net_bufferILh26EElsEt
                0x0000000008004d48       0x3c ./Core/Src/main.o
                0x0000000008004d48                Net_buffer<(unsigned char)26>::operator<<(unsigned short)
 .text._ZN10Net_bufferILh26EElsEs
                0x0000000008004d84       0x3c ./Core/Src/main.o
                0x0000000008004d84                Net_buffer<(unsigned char)26>::operator<<(short)
 .text._ZN10Net_bufferILh26EElsEc
                0x0000000008004dc0       0x3a ./Core/Src/main.o
                0x0000000008004dc0                Net_buffer<(unsigned char)26>::operator<<(char)
 .text._ZN10Net_bufferILh26EE4sizeEv
                0x0000000008004dfa       0x1e ./Core/Src/main.o
                0x0000000008004dfa                Net_buffer<(unsigned char)26>::size()
 .text._ZN5UART_ILj26EE8transmitEv
                0x0000000008004e18       0x44 ./Core/Src/main.o
                0x0000000008004e18                UART_<26u>::transmit()
 .text._ZN5UART_ILj26EE7receiveEv
                0x0000000008004e5c       0x38 ./Core/Src/main.o
                0x0000000008004e5c                UART_<26u>::receive()
 .text._ZN10Net_bufferILh26EEC2Ev
                0x0000000008004e94       0x18 ./Core/Src/main.o
                0x0000000008004e94                Net_buffer<(unsigned char)26>::Net_buffer()
                0x0000000008004e94                Net_buffer<(unsigned char)26>::Net_buffer()
 .text._ZN7ServiceI7In_data8Out_dataE14uart_interruptC2ERS2_
                0x0000000008004eac       0x3c ./Core/Src/main.o
                0x0000000008004eac                Service<In_data, Out_data>::uart_interrupt::uart_interrupt(Service<In_data, Out_data>&)
                0x0000000008004eac                Service<In_data, Out_data>::uart_interrupt::uart_interrupt(Service<In_data, Out_data>&)
 .text._ZN7ServiceI7In_data8Out_dataE13dma_interruptC2ERS2_
                0x0000000008004ee8       0x3c ./Core/Src/main.o
                0x0000000008004ee8                Service<In_data, Out_data>::dma_interrupt::dma_interrupt(Service<In_data, Out_data>&)
                0x0000000008004ee8                Service<In_data, Out_data>::dma_interrupt::dma_interrupt(Service<In_data, Out_data>&)
 .text._ZN10Net_bufferILh26EE8to_bytesEtRhS1_
                0x0000000008004f24       0x2a ./Core/Src/main.o
                0x0000000008004f24                Net_buffer<(unsigned char)26>::to_bytes(unsigned short, unsigned char&, unsigned char&)
 .text._ZN10Net_bufferILh26EElsEh
                0x0000000008004f4e       0x3a ./Core/Src/main.o
                0x0000000008004f4e                Net_buffer<(unsigned char)26>::operator<<(unsigned char)
 .text._ZN10Net_bufferILh26EE3ptrEv
                0x0000000008004f88       0x16 ./Core/Src/main.o
                0x0000000008004f88                Net_buffer<(unsigned char)26>::ptr()
 *fill*         0x0000000008004f9e        0x2 
 .text._Z41__static_initialization_and_destruction_0ii
                0x0000000008004fa0       0x2c ./Core/Src/main.o
 .text._ZN7ServiceI7In_data8Out_dataE13dma_interrupt9interruptEv
                0x0000000008004fcc       0x1a ./Core/Src/main.o
                0x0000000008004fcc                Service<In_data, Out_data>::dma_interrupt::interrupt()
 .text._ZN7ServiceI7In_data8Out_dataE14uart_interrupt9interruptEv
                0x0000000008004fe6       0x1a ./Core/Src/main.o
                0x0000000008004fe6                Service<In_data, Out_data>::uart_interrupt::interrupt()
 .text._ZN7ServiceI7In_data8Out_dataE12dmaInterruptEv
                0x0000000008005000       0x1a ./Core/Src/main.o
                0x0000000008005000                Service<In_data, Out_data>::dmaInterrupt()
 .text._ZN7ServiceI7In_data8Out_dataE13uartInterruptEv
                0x000000000800501a       0x22 ./Core/Src/main.o
                0x000000000800501a                Service<In_data, Out_data>::uartInterrupt()
 .text._GLOBAL__sub_I_systemtick
                0x000000000800503c       0x10 ./Core/Src/main.o
 .text.HAL_MspInit
                0x000000000800504c       0x64 ./Core/Src/stm32f1xx_hal_msp.o
                0x000000000800504c                HAL_MspInit
 .text.HAL_ADC_MspInit
                0x00000000080050b0      0x144 ./Core/Src/stm32f1xx_hal_msp.o
                0x00000000080050b0                HAL_ADC_MspInit
 .text.HAL_TIM_PWM_MspInit
                0x00000000080051f4       0x64 ./Core/Src/stm32f1xx_hal_msp.o
                0x00000000080051f4                HAL_TIM_PWM_MspInit
 .text.HAL_TIM_OC_MspInit
                0x0000000008005258       0x4c ./Core/Src/stm32f1xx_hal_msp.o
                0x0000000008005258                HAL_TIM_OC_MspInit
 .text.HAL_TIM_MspPostInit
                0x00000000080052a4       0xdc ./Core/Src/stm32f1xx_hal_msp.o
                0x00000000080052a4                HAL_TIM_MspPostInit
 .text.HAL_UART_MspInit
                0x0000000008005380      0x17c ./Core/Src/stm32f1xx_hal_msp.o
                0x0000000008005380                HAL_UART_MspInit
 .text.NMI_Handler
                0x00000000080054fc        0x6 ./Core/Src/stm32f1xx_it.o
                0x00000000080054fc                NMI_Handler
 *fill*         0x0000000008005502        0x2 
 .text.HardFault_Handler
                0x0000000008005504       0x8c ./Core/Src/stm32f1xx_it.o
                0x0000000008005504                HardFault_Handler
 .text.MemManage_Handler
                0x0000000008005590        0x6 ./Core/Src/stm32f1xx_it.o
                0x0000000008005590                MemManage_Handler
 .text.BusFault_Handler
                0x0000000008005596        0x6 ./Core/Src/stm32f1xx_it.o
                0x0000000008005596                BusFault_Handler
 .text.UsageFault_Handler
                0x000000000800559c        0x6 ./Core/Src/stm32f1xx_it.o
                0x000000000800559c                UsageFault_Handler
 .text.SVC_Handler
                0x00000000080055a2        0xc ./Core/Src/stm32f1xx_it.o
                0x00000000080055a2                SVC_Handler
 .text.DebugMon_Handler
                0x00000000080055ae        0xc ./Core/Src/stm32f1xx_it.o
                0x00000000080055ae                DebugMon_Handler
 .text.PendSV_Handler
                0x00000000080055ba        0xc ./Core/Src/stm32f1xx_it.o
                0x00000000080055ba                PendSV_Handler
 .text.SysTick_Handler
                0x00000000080055c6        0xc ./Core/Src/stm32f1xx_it.o
                0x00000000080055c6                SysTick_Handler
 *fill*         0x00000000080055d2        0x2 
 .text.DMA1_Channel1_IRQHandler
                0x00000000080055d4       0x14 ./Core/Src/stm32f1xx_it.o
                0x00000000080055d4                DMA1_Channel1_IRQHandler
 .text.DMA1_Channel2_IRQHandler
                0x00000000080055e8       0x14 ./Core/Src/stm32f1xx_it.o
                0x00000000080055e8                DMA1_Channel2_IRQHandler
 .text.DMA1_Channel3_IRQHandler
                0x00000000080055fc       0x14 ./Core/Src/stm32f1xx_it.o
                0x00000000080055fc                DMA1_Channel3_IRQHandler
 .text.ADC1_2_IRQHandler
                0x0000000008005610       0x1c ./Core/Src/stm32f1xx_it.o
                0x0000000008005610                ADC1_2_IRQHandler
 .text.TIM3_IRQHandler
                0x000000000800562c       0x14 ./Core/Src/stm32f1xx_it.o
                0x000000000800562c                TIM3_IRQHandler
 .text.USART3_IRQHandler
                0x0000000008005640       0x14 ./Core/Src/stm32f1xx_it.o
                0x0000000008005640                USART3_IRQHandler
 .text._getpid  0x0000000008005654        0xe ./Core/Src/syscalls.o
                0x0000000008005654                _getpid
 .text._kill    0x0000000008005662       0x20 ./Core/Src/syscalls.o
                0x0000000008005662                _kill
 .text._exit    0x0000000008005682       0x14 ./Core/Src/syscalls.o
                0x0000000008005682                _exit
 .text.SystemInit
                0x0000000008005696        0xc ./Core/Src/system_stm32f1xx.o
                0x0000000008005696                SystemInit
 *fill*         0x00000000080056a2        0x2 
 .text.Reset_Handler
                0x00000000080056a4       0x48 ./Core/Startup/startup_stm32f103retx.o
                0x00000000080056a4                Reset_Handler
 .text.Default_Handler
                0x00000000080056ec        0x2 ./Core/Startup/startup_stm32f103retx.o
                0x00000000080056ec                RTC_Alarm_IRQHandler
                0x00000000080056ec                EXTI2_IRQHandler
                0x00000000080056ec                TIM8_TRG_COM_IRQHandler
                0x00000000080056ec                TIM8_CC_IRQHandler
                0x00000000080056ec                TIM1_CC_IRQHandler
                0x00000000080056ec                TIM6_IRQHandler
                0x00000000080056ec                PVD_IRQHandler
                0x00000000080056ec                SDIO_IRQHandler
                0x00000000080056ec                EXTI3_IRQHandler
                0x00000000080056ec                EXTI0_IRQHandler
                0x00000000080056ec                I2C2_EV_IRQHandler
                0x00000000080056ec                SPI1_IRQHandler
                0x00000000080056ec                TAMPER_IRQHandler
                0x00000000080056ec                TIM8_UP_IRQHandler
                0x00000000080056ec                DMA2_Channel2_IRQHandler
                0x00000000080056ec                DMA1_Channel4_IRQHandler
                0x00000000080056ec                RTC_IRQHandler
                0x00000000080056ec                DMA1_Channel7_IRQHandler
                0x00000000080056ec                CAN1_RX1_IRQHandler
                0x00000000080056ec                UART5_IRQHandler
                0x00000000080056ec                ADC3_IRQHandler
                0x00000000080056ec                TIM4_IRQHandler
                0x00000000080056ec                DMA2_Channel1_IRQHandler
                0x00000000080056ec                I2C1_EV_IRQHandler
                0x00000000080056ec                DMA1_Channel6_IRQHandler
                0x00000000080056ec                UART4_IRQHandler
                0x00000000080056ec                RCC_IRQHandler
                0x00000000080056ec                TIM1_TRG_COM_IRQHandler
                0x00000000080056ec                Default_Handler
                0x00000000080056ec                EXTI15_10_IRQHandler
                0x00000000080056ec                TIM7_IRQHandler
                0x00000000080056ec                TIM5_IRQHandler
                0x00000000080056ec                EXTI9_5_IRQHandler
                0x00000000080056ec                SPI2_IRQHandler
                0x00000000080056ec                DMA1_Channel5_IRQHandler
                0x00000000080056ec                EXTI4_IRQHandler
                0x00000000080056ec                USB_LP_CAN1_RX0_IRQHandler
                0x00000000080056ec                USB_HP_CAN1_TX_IRQHandler
                0x00000000080056ec                FSMC_IRQHandler
                0x00000000080056ec                TIM1_UP_IRQHandler
                0x00000000080056ec                WWDG_IRQHandler
                0x00000000080056ec                TIM2_IRQHandler
                0x00000000080056ec                TIM1_BRK_IRQHandler
                0x00000000080056ec                EXTI1_IRQHandler
                0x00000000080056ec                DMA2_Channel4_5_IRQHandler
                0x00000000080056ec                USART2_IRQHandler
                0x00000000080056ec                I2C2_ER_IRQHandler
                0x00000000080056ec                TIM8_BRK_IRQHandler
                0x00000000080056ec                CAN1_SCE_IRQHandler
                0x00000000080056ec                FLASH_IRQHandler
                0x00000000080056ec                USART1_IRQHandler
                0x00000000080056ec                SPI3_IRQHandler
                0x00000000080056ec                I2C1_ER_IRQHandler
                0x00000000080056ec                USBWakeUp_IRQHandler
                0x00000000080056ec                DMA2_Channel3_IRQHandler
 *fill*         0x00000000080056ee        0x2 
 .text.HAL_Init
                0x00000000080056f0       0x2c ./Drivers/STM32F1xx_HAL_Driver/Src/stm32f1xx_hal.o
                0x00000000080056f0                HAL_Init
 .text.HAL_InitTick
                0x000000000800571c       0x60 ./Drivers/STM32F1xx_HAL_Driver/Src/stm32f1xx_hal.o
                0x000000000800571c                HAL_InitTick
 .text.HAL_GetTick
                0x000000000800577c       0x14 ./Drivers/STM32F1xx_HAL_Driver/Src/stm32f1xx_hal.o
                0x000000000800577c                HAL_GetTick
 .text.HAL_ADC_Init
                0x0000000008005790      0x1d4 ./Drivers/STM32F1xx_HAL_Driver/Src/stm32f1xx_hal_adc.o
                0x0000000008005790                HAL_ADC_Init
 .text.HAL_ADC_Start_DMA
                0x0000000008005964      0x1bc ./Drivers/STM32F1xx_HAL_Driver/Src/stm32f1xx_hal_adc.o
                0x0000000008005964                HAL_ADC_Start_DMA
 .text.HAL_ADC_Stop_DMA
                0x0000000008005b20       0x96 ./Drivers/STM32F1xx_HAL_Driver/Src/stm32f1xx_hal_adc.o
                0x0000000008005b20                HAL_ADC_Stop_DMA
 .text.HAL_ADC_IRQHandler
                0x0000000008005bb6      0x186 ./Drivers/STM32F1xx_HAL_Driver/Src/stm32f1xx_hal_adc.o
                0x0000000008005bb6                HAL_ADC_IRQHandler
 .text.HAL_ADC_ConvHalfCpltCallback
                0x0000000008005d3c       0x12 ./Drivers/STM32F1xx_HAL_Driver/Src/stm32f1xx_hal_adc.o
                0x0000000008005d3c                HAL_ADC_ConvHalfCpltCallback
 .text.HAL_ADC_LevelOutOfWindowCallback
                0x0000000008005d4e       0x12 ./Drivers/STM32F1xx_HAL_Driver/Src/stm32f1xx_hal_adc.o
                0x0000000008005d4e                HAL_ADC_LevelOutOfWindowCallback
 .text.HAL_ADC_ErrorCallback
                0x0000000008005d60       0x12 ./Drivers/STM32F1xx_HAL_Driver/Src/stm32f1xx_hal_adc.o
                0x0000000008005d60                HAL_ADC_ErrorCallback
 *fill*         0x0000000008005d72        0x2 
 .text.HAL_ADC_ConfigChannel
                0x0000000008005d74      0x1f0 ./Drivers/STM32F1xx_HAL_Driver/Src/stm32f1xx_hal_adc.o
                0x0000000008005d74                HAL_ADC_ConfigChannel
 .text.HAL_ADC_AnalogWDGConfig
                0x0000000008005f64       0xac ./Drivers/STM32F1xx_HAL_Driver/Src/stm32f1xx_hal_adc.o
                0x0000000008005f64                HAL_ADC_AnalogWDGConfig
 .text.ADC_Enable
                0x0000000008006010       0xb4 ./Drivers/STM32F1xx_HAL_Driver/Src/stm32f1xx_hal_adc.o
                0x0000000008006010                ADC_Enable
 .text.ADC_ConversionStop_Disable
                0x00000000080060c4       0x82 ./Drivers/STM32F1xx_HAL_Driver/Src/stm32f1xx_hal_adc.o
                0x00000000080060c4                ADC_ConversionStop_Disable
 .text.ADC_DMAConvCplt
                0x0000000008006146       0x7c ./Drivers/STM32F1xx_HAL_Driver/Src/stm32f1xx_hal_adc.o
                0x0000000008006146                ADC_DMAConvCplt
 .text.ADC_DMAHalfConvCplt
                0x00000000080061c2       0x1c ./Drivers/STM32F1xx_HAL_Driver/Src/stm32f1xx_hal_adc.o
                0x00000000080061c2                ADC_DMAHalfConvCplt
 .text.ADC_DMAError
                0x00000000080061de       0x34 ./Drivers/STM32F1xx_HAL_Driver/Src/stm32f1xx_hal_adc.o
                0x00000000080061de                ADC_DMAError
 *fill*         0x0000000008006212        0x2 
 .text.HAL_ADCEx_InjectedStart_IT
                0x0000000008006214      0x11c ./Drivers/STM32F1xx_HAL_Driver/Src/stm32f1xx_hal_adc_ex.o
                0x0000000008006214                HAL_ADCEx_InjectedStart_IT
 .text.HAL_ADCEx_InjectedStop_IT
                0x0000000008006330       0x94 ./Drivers/STM32F1xx_HAL_Driver/Src/stm32f1xx_hal_adc_ex.o
                0x0000000008006330                HAL_ADCEx_InjectedStop_IT
 .text.HAL_ADCEx_InjectedGetValue
                0x00000000080063c4       0x5c ./Drivers/STM32F1xx_HAL_Driver/Src/stm32f1xx_hal_adc_ex.o
                0x00000000080063c4                HAL_ADCEx_InjectedGetValue
 .text.HAL_ADCEx_InjectedConfigChannel
                0x0000000008006420      0x358 ./Drivers/STM32F1xx_HAL_Driver/Src/stm32f1xx_hal_adc_ex.o
                0x0000000008006420                HAL_ADCEx_InjectedConfigChannel
 .text.__NVIC_SetPriorityGrouping
                0x0000000008006778       0x48 ./Drivers/STM32F1xx_HAL_Driver/Src/stm32f1xx_hal_cortex.o
 .text.__NVIC_GetPriorityGrouping
                0x00000000080067c0       0x1c ./Drivers/STM32F1xx_HAL_Driver/Src/stm32f1xx_hal_cortex.o
 .text.__NVIC_EnableIRQ
                0x00000000080067dc       0x38 ./Drivers/STM32F1xx_HAL_Driver/Src/stm32f1xx_hal_cortex.o
 .text.__NVIC_SetPriority
                0x0000000008006814       0x54 ./Drivers/STM32F1xx_HAL_Driver/Src/stm32f1xx_hal_cortex.o
 .text.NVIC_EncodePriority
                0x0000000008006868       0x64 ./Drivers/STM32F1xx_HAL_Driver/Src/stm32f1xx_hal_cortex.o
 .text.SysTick_Config
                0x00000000080068cc       0x44 ./Drivers/STM32F1xx_HAL_Driver/Src/stm32f1xx_hal_cortex.o
 .text.HAL_NVIC_SetPriorityGrouping
                0x0000000008006910       0x16 ./Drivers/STM32F1xx_HAL_Driver/Src/stm32f1xx_hal_cortex.o
                0x0000000008006910                HAL_NVIC_SetPriorityGrouping
 .text.HAL_NVIC_SetPriority
                0x0000000008006926       0x38 ./Drivers/STM32F1xx_HAL_Driver/Src/stm32f1xx_hal_cortex.o
                0x0000000008006926                HAL_NVIC_SetPriority
 .text.HAL_NVIC_EnableIRQ
                0x000000000800695e       0x1c ./Drivers/STM32F1xx_HAL_Driver/Src/stm32f1xx_hal_cortex.o
                0x000000000800695e                HAL_NVIC_EnableIRQ
 .text.HAL_SYSTICK_Config
                0x000000000800697a       0x18 ./Drivers/STM32F1xx_HAL_Driver/Src/stm32f1xx_hal_cortex.o
                0x000000000800697a                HAL_SYSTICK_Config
 *fill*         0x0000000008006992        0x2 
 .text.HAL_DMA_Init
                0x0000000008006994       0xec ./Drivers/STM32F1xx_HAL_Driver/Src/stm32f1xx_hal_dma.o
                0x0000000008006994                HAL_DMA_Init
 .text.HAL_DMA_Start_IT
                0x0000000008006a80       0xbe ./Drivers/STM32F1xx_HAL_Driver/Src/stm32f1xx_hal_dma.o
                0x0000000008006a80                HAL_DMA_Start_IT
 .text.HAL_DMA_Abort
                0x0000000008006b3e       0x74 ./Drivers/STM32F1xx_HAL_Driver/Src/stm32f1xx_hal_dma.o
                0x0000000008006b3e                HAL_DMA_Abort
 *fill*         0x0000000008006bb2        0x2 
 .text.HAL_DMA_Abort_IT
                0x0000000008006bb4      0x210 ./Drivers/STM32F1xx_HAL_Driver/Src/stm32f1xx_hal_dma.o
                0x0000000008006bb4                HAL_DMA_Abort_IT
 .text.HAL_DMA_IRQHandler
                0x0000000008006dc4      0x478 ./Drivers/STM32F1xx_HAL_Driver/Src/stm32f1xx_hal_dma.o
                0x0000000008006dc4                HAL_DMA_IRQHandler
 .text.DMA_SetConfig
                0x000000000800723c       0x5a ./Drivers/STM32F1xx_HAL_Driver/Src/stm32f1xx_hal_dma.o
 *fill*         0x0000000008007296        0x2 
 .text.HAL_GPIO_Init
                0x0000000008007298      0x328 ./Drivers/STM32F1xx_HAL_Driver/Src/stm32f1xx_hal_gpio.o
                0x0000000008007298                HAL_GPIO_Init
 .text.HAL_GPIO_ReadPin
                0x00000000080075c0       0x2e ./Drivers/STM32F1xx_HAL_Driver/Src/stm32f1xx_hal_gpio.o
                0x00000000080075c0                HAL_GPIO_ReadPin
 .text.HAL_GPIO_WritePin
                0x00000000080075ee       0x30 ./Drivers/STM32F1xx_HAL_Driver/Src/stm32f1xx_hal_gpio.o
                0x00000000080075ee                HAL_GPIO_WritePin
 .text.HAL_GPIO_TogglePin
                0x000000000800761e       0x32 ./Drivers/STM32F1xx_HAL_Driver/Src/stm32f1xx_hal_gpio.o
                0x000000000800761e                HAL_GPIO_TogglePin
 .text.HAL_RCC_OscConfig
                0x0000000008007650      0x500 ./Drivers/STM32F1xx_HAL_Driver/Src/stm32f1xx_hal_rcc.o
                0x0000000008007650                HAL_RCC_OscConfig
 .text.HAL_RCC_ClockConfig
                0x0000000008007b50      0x1d4 ./Drivers/STM32F1xx_HAL_Driver/Src/stm32f1xx_hal_rcc.o
                0x0000000008007b50                HAL_RCC_ClockConfig
 .text.HAL_RCC_GetSysClockFreq
                0x0000000008007d24       0xc4 ./Drivers/STM32F1xx_HAL_Driver/Src/stm32f1xx_hal_rcc.o
                0x0000000008007d24                HAL_RCC_GetSysClockFreq
 .text.HAL_RCC_GetHCLKFreq
                0x0000000008007de8       0x14 ./Drivers/STM32F1xx_HAL_Driver/Src/stm32f1xx_hal_rcc.o
                0x0000000008007de8                HAL_RCC_GetHCLKFreq
 .text.HAL_RCC_GetPCLK1Freq
                0x0000000008007dfc       0x28 ./Drivers/STM32F1xx_HAL_Driver/Src/stm32f1xx_hal_rcc.o
                0x0000000008007dfc                HAL_RCC_GetPCLK1Freq
 .text.HAL_RCC_GetPCLK2Freq
                0x0000000008007e24       0x28 ./Drivers/STM32F1xx_HAL_Driver/Src/stm32f1xx_hal_rcc.o
                0x0000000008007e24                HAL_RCC_GetPCLK2Freq
 .text.RCC_Delay
                0x0000000008007e4c       0x3c ./Drivers/STM32F1xx_HAL_Driver/Src/stm32f1xx_hal_rcc.o
 .text.HAL_RCCEx_PeriphCLKConfig
                0x0000000008007e88      0x16c ./Drivers/STM32F1xx_HAL_Driver/Src/stm32f1xx_hal_rcc_ex.o
                0x0000000008007e88                HAL_RCCEx_PeriphCLKConfig
 .text.HAL_TIM_Base_Start_IT
                0x0000000008007ff4       0xc0 ./Drivers/STM32F1xx_HAL_Driver/Src/stm32f1xx_hal_tim.o
                0x0000000008007ff4                HAL_TIM_Base_Start_IT
 .text.HAL_TIM_Base_Stop_IT
                0x00000000080080b4       0x5c ./Drivers/STM32F1xx_HAL_Driver/Src/stm32f1xx_hal_tim.o
                0x00000000080080b4                HAL_TIM_Base_Stop_IT
 .text.HAL_TIM_OC_Init
                0x0000000008008110       0x9e ./Drivers/STM32F1xx_HAL_Driver/Src/stm32f1xx_hal_tim.o
                0x0000000008008110                HAL_TIM_OC_Init
 .text.HAL_TIM_PWM_Init
                0x00000000080081ae       0x9e ./Drivers/STM32F1xx_HAL_Driver/Src/stm32f1xx_hal_tim.o
                0x00000000080081ae                HAL_TIM_PWM_Init
 .text.HAL_TIM_PWM_Start
                0x000000000800824c      0x174 ./Drivers/STM32F1xx_HAL_Driver/Src/stm32f1xx_hal_tim.o
                0x000000000800824c                HAL_TIM_PWM_Start
 .text.HAL_TIM_PWM_Stop
                0x00000000080083c0       0xe0 ./Drivers/STM32F1xx_HAL_Driver/Src/stm32f1xx_hal_tim.o
                0x00000000080083c0                HAL_TIM_PWM_Stop
 .text.HAL_TIM_IRQHandler
                0x00000000080084a0      0x210 ./Drivers/STM32F1xx_HAL_Driver/Src/stm32f1xx_hal_tim.o
                0x00000000080084a0                HAL_TIM_IRQHandler
 .text.HAL_TIM_OC_ConfigChannel
                0x00000000080086b0       0xb0 ./Drivers/STM32F1xx_HAL_Driver/Src/stm32f1xx_hal_tim.o
                0x00000000080086b0                HAL_TIM_OC_ConfigChannel
 .text.HAL_TIM_PWM_ConfigChannel
                0x0000000008008760      0x17c ./Drivers/STM32F1xx_HAL_Driver/Src/stm32f1xx_hal_tim.o
                0x0000000008008760                HAL_TIM_PWM_ConfigChannel
 .text.HAL_TIM_OC_DelayElapsedCallback
                0x00000000080088dc       0x12 ./Drivers/STM32F1xx_HAL_Driver/Src/stm32f1xx_hal_tim.o
                0x00000000080088dc                HAL_TIM_OC_DelayElapsedCallback
 .text.HAL_TIM_IC_CaptureCallback
                0x00000000080088ee       0x12 ./Drivers/STM32F1xx_HAL_Driver/Src/stm32f1xx_hal_tim.o
                0x00000000080088ee                HAL_TIM_IC_CaptureCallback
 .text.HAL_TIM_PWM_PulseFinishedCallback
                0x0000000008008900       0x12 ./Drivers/STM32F1xx_HAL_Driver/Src/stm32f1xx_hal_tim.o
                0x0000000008008900                HAL_TIM_PWM_PulseFinishedCallback
 .text.HAL_TIM_TriggerCallback
                0x0000000008008912       0x12 ./Drivers/STM32F1xx_HAL_Driver/Src/stm32f1xx_hal_tim.o
                0x0000000008008912                HAL_TIM_TriggerCallback
 .text.TIM_Base_SetConfig
                0x0000000008008924       0xf4 ./Drivers/STM32F1xx_HAL_Driver/Src/stm32f1xx_hal_tim.o
                0x0000000008008924                TIM_Base_SetConfig
 .text.TIM_OC1_SetConfig
                0x0000000008008a18       0xe0 ./Drivers/STM32F1xx_HAL_Driver/Src/stm32f1xx_hal_tim.o
 .text.TIM_OC2_SetConfig
                0x0000000008008af8       0xe8 ./Drivers/STM32F1xx_HAL_Driver/Src/stm32f1xx_hal_tim.o
                0x0000000008008af8                TIM_OC2_SetConfig
 .text.TIM_OC3_SetConfig
                0x0000000008008be0       0xe8 ./Drivers/STM32F1xx_HAL_Driver/Src/stm32f1xx_hal_tim.o
 .text.TIM_OC4_SetConfig
                0x0000000008008cc8       0xa8 ./Drivers/STM32F1xx_HAL_Driver/Src/stm32f1xx_hal_tim.o
 .text.TIM_CCxChannelCmd
                0x0000000008008d70       0x48 ./Drivers/STM32F1xx_HAL_Driver/Src/stm32f1xx_hal_tim.o
                0x0000000008008d70                TIM_CCxChannelCmd
 .text.HAL_TIMEx_PWMN_Start
                0x0000000008008db8      0x158 ./Drivers/STM32F1xx_HAL_Driver/Src/stm32f1xx_hal_tim_ex.o
                0x0000000008008db8                HAL_TIMEx_PWMN_Start
 .text.HAL_TIMEx_PWMN_Stop
                0x0000000008008f10       0xba ./Drivers/STM32F1xx_HAL_Driver/Src/stm32f1xx_hal_tim_ex.o
                0x0000000008008f10                HAL_TIMEx_PWMN_Stop
 *fill*         0x0000000008008fca        0x2 
 .text.HAL_TIMEx_MasterConfigSynchronization
                0x0000000008008fcc       0xd8 ./Drivers/STM32F1xx_HAL_Driver/Src/stm32f1xx_hal_tim_ex.o
                0x0000000008008fcc                HAL_TIMEx_MasterConfigSynchronization
 .text.HAL_TIMEx_ConfigBreakDeadTime
                0x00000000080090a4       0xa2 ./Drivers/STM32F1xx_HAL_Driver/Src/stm32f1xx_hal_tim_ex.o
                0x00000000080090a4                HAL_TIMEx_ConfigBreakDeadTime
 .text.HAL_TIMEx_CommutCallback
                0x0000000008009146       0x12 ./Drivers/STM32F1xx_HAL_Driver/Src/stm32f1xx_hal_tim_ex.o
                0x0000000008009146                HAL_TIMEx_CommutCallback
 .text.HAL_TIMEx_BreakCallback
                0x0000000008009158       0x12 ./Drivers/STM32F1xx_HAL_Driver/Src/stm32f1xx_hal_tim_ex.o
                0x0000000008009158                HAL_TIMEx_BreakCallback
 .text.TIM_CCxNChannelCmd
                0x000000000800916a       0x48 ./Drivers/STM32F1xx_HAL_Driver/Src/stm32f1xx_hal_tim_ex.o
 .text.HAL_UART_Init
                0x00000000080091b2       0x9a ./Drivers/STM32F1xx_HAL_Driver/Src/stm32f1xx_hal_uart.o
                0x00000000080091b2                HAL_UART_Init
 .text.HAL_UART_Transmit_DMA
                0x000000000800924c       0xd8 ./Drivers/STM32F1xx_HAL_Driver/Src/stm32f1xx_hal_uart.o
                0x000000000800924c                HAL_UART_Transmit_DMA
 .text.HAL_UARTEx_ReceiveToIdle_DMA
                0x0000000008009324       0x9e ./Drivers/STM32F1xx_HAL_Driver/Src/stm32f1xx_hal_uart.o
                0x0000000008009324                HAL_UARTEx_ReceiveToIdle_DMA
 *fill*         0x00000000080093c2        0x2 
 .text.HAL_UART_IRQHandler
                0x00000000080093c4      0x354 ./Drivers/STM32F1xx_HAL_Driver/Src/stm32f1xx_hal_uart.o
                0x00000000080093c4                HAL_UART_IRQHandler
 .text.HAL_UART_TxHalfCpltCallback
                0x0000000008009718       0x12 ./Drivers/STM32F1xx_HAL_Driver/Src/stm32f1xx_hal_uart.o
                0x0000000008009718                HAL_UART_TxHalfCpltCallback
 .text.HAL_UART_RxCpltCallback
                0x000000000800972a       0x12 ./Drivers/STM32F1xx_HAL_Driver/Src/stm32f1xx_hal_uart.o
                0x000000000800972a                HAL_UART_RxCpltCallback
 .text.HAL_UART_RxHalfCpltCallback
                0x000000000800973c       0x12 ./Drivers/STM32F1xx_HAL_Driver/Src/stm32f1xx_hal_uart.o
                0x000000000800973c                HAL_UART_RxHalfCpltCallback
 .text.HAL_UART_ErrorCallback
                0x000000000800974e       0x12 ./Drivers/STM32F1xx_HAL_Driver/Src/stm32f1xx_hal_uart.o
                0x000000000800974e                HAL_UART_ErrorCallback
 .text.UART_DMATransmitCplt
                0x0000000008009760       0x52 ./Drivers/STM32F1xx_HAL_Driver/Src/stm32f1xx_hal_uart.o
 .text.UART_DMATxHalfCplt
                0x00000000080097b2       0x1c ./Drivers/STM32F1xx_HAL_Driver/Src/stm32f1xx_hal_uart.o
 .text.UART_DMAReceiveCplt
                0x00000000080097ce       0x96 ./Drivers/STM32F1xx_HAL_Driver/Src/stm32f1xx_hal_uart.o
 .text.UART_DMARxHalfCplt
                0x0000000008009864       0x36 ./Drivers/STM32F1xx_HAL_Driver/Src/stm32f1xx_hal_uart.o
 .text.UART_DMAError
                0x000000000800989a       0x94 ./Drivers/STM32F1xx_HAL_Driver/Src/stm32f1xx_hal_uart.o
 *fill*         0x000000000800992e        0x2 
 .text.UART_Start_Receive_DMA
                0x0000000008009930       0xc8 ./Drivers/STM32F1xx_HAL_Driver/Src/stm32f1xx_hal_uart.o
                0x0000000008009930                UART_Start_Receive_DMA
 .text.UART_EndTxTransfer
                0x00000000080099f8       0x2a ./Drivers/STM32F1xx_HAL_Driver/Src/stm32f1xx_hal_uart.o
 .text.UART_EndRxTransfer
                0x0000000008009a22       0x58 ./Drivers/STM32F1xx_HAL_Driver/Src/stm32f1xx_hal_uart.o
 .text.UART_DMAAbortOnError
                0x0000000008009a7a       0x28 ./Drivers/STM32F1xx_HAL_Driver/Src/stm32f1xx_hal_uart.o
 .text.UART_Transmit_IT
                0x0000000008009aa2       0x9e ./Drivers/STM32F1xx_HAL_Driver/Src/stm32f1xx_hal_uart.o
 .text.UART_EndTransmit_IT
                0x0000000008009b40       0x30 ./Drivers/STM32F1xx_HAL_Driver/Src/stm32f1xx_hal_uart.o
 .text.UART_Receive_IT
                0x0000000008009b70      0x152 ./Drivers/STM32F1xx_HAL_Driver/Src/stm32f1xx_hal_uart.o
 *fill*         0x0000000008009cc2        0x2 
 .text.UART_SetConfig
                0x0000000008009cc4      0x11c ./Drivers/STM32F1xx_HAL_Driver/Src/stm32f1xx_hal_uart.o
 .text.__cxa_pure_virtual
                0x0000000008009de0        0x6 c:/st/stm32cubeide_1.7.0/stm32cubeide/plugins/com.st.stm32cube.ide.mcu.externaltools.gnu-tools-for-stm32.9-2020-q2-update.win32_2.0.0.202105311346/tools/bin/../lib/gcc/arm-none-eabi/9.3.1/../../../../arm-none-eabi/lib/thumb/v7-m/nofp\libstdc++_nano.a(pure.o)
                0x0000000008009de0                __cxa_pure_virtual
 .text._ZN10__cxxabiv111__terminateEPFvvE
                0x0000000008009de6        0x8 c:/st/stm32cubeide_1.7.0/stm32cubeide/plugins/com.st.stm32cube.ide.mcu.externaltools.gnu-tools-for-stm32.9-2020-q2-update.win32_2.0.0.202105311346/tools/bin/../lib/gcc/arm-none-eabi/9.3.1/../../../../arm-none-eabi/lib/thumb/v7-m/nofp\libstdc++_nano.a(eh_terminate.o)
                0x0000000008009de6                __cxxabiv1::__terminate(void (*)())
 *fill*         0x0000000008009dee        0x2 
 .text._ZSt13get_terminatev
                0x0000000008009df0       0x10 c:/st/stm32cubeide_1.7.0/stm32cubeide/plugins/com.st.stm32cube.ide.mcu.externaltools.gnu-tools-for-stm32.9-2020-q2-update.win32_2.0.0.202105311346/tools/bin/../lib/gcc/arm-none-eabi/9.3.1/../../../../arm-none-eabi/lib/thumb/v7-m/nofp\libstdc++_nano.a(eh_terminate.o)
                0x0000000008009df0                std::get_terminate()
 .text._ZSt9terminatev
                0x0000000008009e00        0xa c:/st/stm32cubeide_1.7.0/stm32cubeide/plugins/com.st.stm32cube.ide.mcu.externaltools.gnu-tools-for-stm32.9-2020-q2-update.win32_2.0.0.202105311346/tools/bin/../lib/gcc/arm-none-eabi/9.3.1/../../../../arm-none-eabi/lib/thumb/v7-m/nofp\libstdc++_nano.a(eh_terminate.o)
                0x0000000008009e00                std::terminate()
 *fill*         0x0000000008009e0a        0x2 
 .text.log1pf   0x0000000008009e0c      0x280 c:/st/stm32cubeide_1.7.0/stm32cubeide/plugins/com.st.stm32cube.ide.mcu.externaltools.gnu-tools-for-stm32.9-2020-q2-update.win32_2.0.0.202105311346/tools/bin/../lib/gcc/arm-none-eabi/9.3.1/../../../../arm-none-eabi/lib/thumb/v7-m/nofp\libm.a(lib_a-sf_log1p.o)
                0x0000000008009e0c                log1pf
 .text.pow      0x000000000800a08c      0x158 c:/st/stm32cubeide_1.7.0/stm32cubeide/plugins/com.st.stm32cube.ide.mcu.externaltools.gnu-tools-for-stm32.9-2020-q2-update.win32_2.0.0.202105311346/tools/bin/../lib/gcc/arm-none-eabi/9.3.1/../../../../arm-none-eabi/lib/thumb/v7-m/nofp\libm.a(lib_a-w_pow.o)
                0x000000000800a08c                pow
 .text.sqrt     0x000000000800a1e4       0x58 c:/st/stm32cubeide_1.7.0/stm32cubeide/plugins/com.st.stm32cube.ide.mcu.externaltools.gnu-tools-for-stm32.9-2020-q2-update.win32_2.0.0.202105311346/tools/bin/../lib/gcc/arm-none-eabi/9.3.1/../../../../arm-none-eabi/lib/thumb/v7-m/nofp\libm.a(lib_a-w_sqrt.o)
                0x000000000800a1e4                sqrt
 *fill*         0x000000000800a23c        0x4 
 .text.__ieee754_pow
                0x000000000800a240      0xa2c c:/st/stm32cubeide_1.7.0/stm32cubeide/plugins/com.st.stm32cube.ide.mcu.externaltools.gnu-tools-for-stm32.9-2020-q2-update.win32_2.0.0.202105311346/tools/bin/../lib/gcc/arm-none-eabi/9.3.1/../../../../arm-none-eabi/lib/thumb/v7-m/nofp\libm.a(lib_a-e_pow.o)
                0x000000000800a240                __ieee754_pow
 .text.__ieee754_sqrt
                0x000000000800ac6c      0x158 c:/st/stm32cubeide_1.7.0/stm32cubeide/plugins/com.st.stm32cube.ide.mcu.externaltools.gnu-tools-for-stm32.9-2020-q2-update.win32_2.0.0.202105311346/tools/bin/../lib/gcc/arm-none-eabi/9.3.1/../../../../arm-none-eabi/lib/thumb/v7-m/nofp\libm.a(lib_a-e_sqrt.o)
                0x000000000800ac6c                __ieee754_sqrt
 .text.with_errnof
                0x000000000800adc4       0x10 c:/st/stm32cubeide_1.7.0/stm32cubeide/plugins/com.st.stm32cube.ide.mcu.externaltools.gnu-tools-for-stm32.9-2020-q2-update.win32_2.0.0.202105311346/tools/bin/../lib/gcc/arm-none-eabi/9.3.1/../../../../arm-none-eabi/lib/thumb/v7-m/nofp\libm.a(lib_a-math_errf.o)
 .text.__math_divzerof
                0x000000000800add4       0x20 c:/st/stm32cubeide_1.7.0/stm32cubeide/plugins/com.st.stm32cube.ide.mcu.externaltools.gnu-tools-for-stm32.9-2020-q2-update.win32_2.0.0.202105311346/tools/bin/../lib/gcc/arm-none-eabi/9.3.1/../../../../arm-none-eabi/lib/thumb/v7-m/nofp\libm.a(lib_a-math_errf.o)
                0x000000000800add4                __math_divzerof
 .text.__math_invalidf
                0x000000000800adf4       0x2c c:/st/stm32cubeide_1.7.0/stm32cubeide/plugins/com.st.stm32cube.ide.mcu.externaltools.gnu-tools-for-stm32.9-2020-q2-update.win32_2.0.0.202105311346/tools/bin/../lib/gcc/arm-none-eabi/9.3.1/../../../../arm-none-eabi/lib/thumb/v7-m/nofp\libm.a(lib_a-math_errf.o)
                0x000000000800adf4                __math_invalidf
 .text.fabs     0x000000000800ae20        0x6 c:/st/stm32cubeide_1.7.0/stm32cubeide/plugins/com.st.stm32cube.ide.mcu.externaltools.gnu-tools-for-stm32.9-2020-q2-update.win32_2.0.0.202105311346/tools/bin/../lib/gcc/arm-none-eabi/9.3.1/../../../../arm-none-eabi/lib/thumb/v7-m/nofp\libm.a(lib_a-s_fabs.o)
                0x000000000800ae20                fabs
 .text.finite   0x000000000800ae26        0xc c:/st/stm32cubeide_1.7.0/stm32cubeide/plugins/com.st.stm32cube.ide.mcu.externaltools.gnu-tools-for-stm32.9-2020-q2-update.win32_2.0.0.202105311346/tools/bin/../lib/gcc/arm-none-eabi/9.3.1/../../../../arm-none-eabi/lib/thumb/v7-m/nofp\libm.a(lib_a-s_finite.o)
                0x000000000800ae26                finite
 *fill*         0x000000000800ae32        0x2 
 .text.nan      0x000000000800ae34        0xc c:/st/stm32cubeide_1.7.0/stm32cubeide/plugins/com.st.stm32cube.ide.mcu.externaltools.gnu-tools-for-stm32.9-2020-q2-update.win32_2.0.0.202105311346/tools/bin/../lib/gcc/arm-none-eabi/9.3.1/../../../../arm-none-eabi/lib/thumb/v7-m/nofp\libm.a(lib_a-s_nan.o)
                0x000000000800ae34                nan
 .text.rint     0x000000000800ae40      0x114 c:/st/stm32cubeide_1.7.0/stm32cubeide/plugins/com.st.stm32cube.ide.mcu.externaltools.gnu-tools-for-stm32.9-2020-q2-update.win32_2.0.0.202105311346/tools/bin/../lib/gcc/arm-none-eabi/9.3.1/../../../../arm-none-eabi/lib/thumb/v7-m/nofp\libm.a(lib_a-s_rint.o)
                0x000000000800ae40                rint
 *fill*         0x000000000800af54        0x4 
 .text.scalbn   0x000000000800af58      0x10c c:/st/stm32cubeide_1.7.0/stm32cubeide/plugins/com.st.stm32cube.ide.mcu.externaltools.gnu-tools-for-stm32.9-2020-q2-update.win32_2.0.0.202105311346/tools/bin/../lib/gcc/arm-none-eabi/9.3.1/../../../../arm-none-eabi/lib/thumb/v7-m/nofp\libm.a(lib_a-s_scalbn.o)
                0x000000000800af58                scalbn
 .text.abort    0x000000000800b064        0xe c:/st/stm32cubeide_1.7.0/stm32cubeide/plugins/com.st.stm32cube.ide.mcu.externaltools.gnu-tools-for-stm32.9-2020-q2-update.win32_2.0.0.202105311346/tools/bin/../lib/gcc/arm-none-eabi/9.3.1/../../../../arm-none-eabi/lib/thumb/v7-m/nofp\libc_nano.a(lib_a-abort.o)
                0x000000000800b064                abort
 *fill*         0x000000000800b072        0x2 
 .text.__errno  0x000000000800b074        0xc c:/st/stm32cubeide_1.7.0/stm32cubeide/plugins/com.st.stm32cube.ide.mcu.externaltools.gnu-tools-for-stm32.9-2020-q2-update.win32_2.0.0.202105311346/tools/bin/../lib/gcc/arm-none-eabi/9.3.1/../../../../arm-none-eabi/lib/thumb/v7-m/nofp\libc_nano.a(lib_a-errno.o)
                0x000000000800b074                __errno
 .text.__libc_init_array
                0x000000000800b080       0x48 c:/st/stm32cubeide_1.7.0/stm32cubeide/plugins/com.st.stm32cube.ide.mcu.externaltools.gnu-tools-for-stm32.9-2020-q2-update.win32_2.0.0.202105311346/tools/bin/../lib/gcc/arm-none-eabi/9.3.1/../../../../arm-none-eabi/lib/thumb/v7-m/nofp\libc_nano.a(lib_a-init.o)
                0x000000000800b080                __libc_init_array
 .text.memcpy   0x000000000800b0c8       0x1c c:/st/stm32cubeide_1.7.0/stm32cubeide/plugins/com.st.stm32cube.ide.mcu.externaltools.gnu-tools-for-stm32.9-2020-q2-update.win32_2.0.0.202105311346/tools/bin/../lib/gcc/arm-none-eabi/9.3.1/../../../../arm-none-eabi/lib/thumb/v7-m/nofp\libc_nano.a(lib_a-memcpy-stub.o)
                0x000000000800b0c8                memcpy
 .text.memset   0x000000000800b0e4       0x10 c:/st/stm32cubeide_1.7.0/stm32cubeide/plugins/com.st.stm32cube.ide.mcu.externaltools.gnu-tools-for-stm32.9-2020-q2-update.win32_2.0.0.202105311346/tools/bin/../lib/gcc/arm-none-eabi/9.3.1/../../../../arm-none-eabi/lib/thumb/v7-m/nofp\libc_nano.a(lib_a-memset.o)
                0x000000000800b0e4                memset
 .text._raise_r
                0x000000000800b0f4       0x50 c:/st/stm32cubeide_1.7.0/stm32cubeide/plugins/com.st.stm32cube.ide.mcu.externaltools.gnu-tools-for-stm32.9-2020-q2-update.win32_2.0.0.202105311346/tools/bin/../lib/gcc/arm-none-eabi/9.3.1/../../../../arm-none-eabi/lib/thumb/v7-m/nofp\libc_nano.a(lib_a-signal.o)
                0x000000000800b0f4                _raise_r
 .text.raise    0x000000000800b144       0x10 c:/st/stm32cubeide_1.7.0/stm32cubeide/plugins/com.st.stm32cube.ide.mcu.externaltools.gnu-tools-for-stm32.9-2020-q2-update.win32_2.0.0.202105311346/tools/bin/../lib/gcc/arm-none-eabi/9.3.1/../../../../arm-none-eabi/lib/thumb/v7-m/nofp\libc_nano.a(lib_a-signal.o)
                0x000000000800b144                raise
 .text._kill_r  0x000000000800b154       0x24 c:/st/stm32cubeide_1.7.0/stm32cubeide/plugins/com.st.stm32cube.ide.mcu.externaltools.gnu-tools-for-stm32.9-2020-q2-update.win32_2.0.0.202105311346/tools/bin/../lib/gcc/arm-none-eabi/9.3.1/../../../../arm-none-eabi/lib/thumb/v7-m/nofp\libc_nano.a(lib_a-signalr.o)
                0x000000000800b154                _kill_r
 .text._getpid_r
                0x000000000800b178        0x4 c:/st/stm32cubeide_1.7.0/stm32cubeide/plugins/com.st.stm32cube.ide.mcu.externaltools.gnu-tools-for-stm32.9-2020-q2-update.win32_2.0.0.202105311346/tools/bin/../lib/gcc/arm-none-eabi/9.3.1/../../../../arm-none-eabi/lib/thumb/v7-m/nofp\libc_nano.a(lib_a-signalr.o)
                0x000000000800b178                _getpid_r
 *(.glue_7)
 .glue_7        0x000000000800b17c        0x0 linker stubs
 *(.glue_7t)
 .glue_7t       0x000000000800b17c        0x0 linker stubs
 *(.eh_frame)
 .eh_frame      0x000000000800b17c        0x0 c:/st/stm32cubeide_1.7.0/stm32cubeide/plugins/com.st.stm32cube.ide.mcu.externaltools.gnu-tools-for-stm32.9-2020-q2-update.win32_2.0.0.202105311346/tools/bin/../lib/gcc/arm-none-eabi/9.3.1/thumb/v7-m/nofp/crtbegin.o
 *(.init)
 .init          0x000000000800b17c        0x4 c:/st/stm32cubeide_1.7.0/stm32cubeide/plugins/com.st.stm32cube.ide.mcu.externaltools.gnu-tools-for-stm32.9-2020-q2-update.win32_2.0.0.202105311346/tools/bin/../lib/gcc/arm-none-eabi/9.3.1/thumb/v7-m/nofp/crti.o
                0x000000000800b17c                _init
 .init          0x000000000800b180        0x8 c:/st/stm32cubeide_1.7.0/stm32cubeide/plugins/com.st.stm32cube.ide.mcu.externaltools.gnu-tools-for-stm32.9-2020-q2-update.win32_2.0.0.202105311346/tools/bin/../lib/gcc/arm-none-eabi/9.3.1/thumb/v7-m/nofp/crtn.o
 *(.fini)
 .fini          0x000000000800b188        0x4 c:/st/stm32cubeide_1.7.0/stm32cubeide/plugins/com.st.stm32cube.ide.mcu.externaltools.gnu-tools-for-stm32.9-2020-q2-update.win32_2.0.0.202105311346/tools/bin/../lib/gcc/arm-none-eabi/9.3.1/thumb/v7-m/nofp/crti.o
                0x000000000800b188                _fini
 .fini          0x000000000800b18c        0x8 c:/st/stm32cubeide_1.7.0/stm32cubeide/plugins/com.st.stm32cube.ide.mcu.externaltools.gnu-tools-for-stm32.9-2020-q2-update.win32_2.0.0.202105311346/tools/bin/../lib/gcc/arm-none-eabi/9.3.1/thumb/v7-m/nofp/crtn.o
                0x000000000800b194                . = ALIGN (0x4)
                0x000000000800b194                _etext = .

.vfp11_veneer   0x000000000800b194        0x0
 .vfp11_veneer  0x000000000800b194        0x0 linker stubs

.v4_bx          0x000000000800b194        0x0
 .v4_bx         0x000000000800b194        0x0 linker stubs

.iplt           0x000000000800b194        0x0
 .iplt          0x000000000800b194        0x0 c:/st/stm32cubeide_1.7.0/stm32cubeide/plugins/com.st.stm32cube.ide.mcu.externaltools.gnu-tools-for-stm32.9-2020-q2-update.win32_2.0.0.202105311346/tools/bin/../lib/gcc/arm-none-eabi/9.3.1/thumb/v7-m/nofp/crtbegin.o

.rodata         0x000000000800b198      0x130
                0x000000000800b198                . = ALIGN (0x4)
 *(.rodata)
 .rodata        0x000000000800b198       0x48 ./Core/Src/main.o
 .rodata        0x000000000800b1e0       0x10 ./Drivers/STM32F1xx_HAL_Driver/Src/stm32f1xx_hal_rcc.o
 *(.rodata*)
 .rodata._ZTVN9Convertor14TIM3_interruptE
                0x000000000800b1f0        0xc ./Core/Src/main.o
                0x000000000800b1f0                vtable for Convertor::TIM3_interrupt
 .rodata._ZTVN7ServiceI7In_data8Out_dataE13dma_interruptE
                0x000000000800b1fc        0xc ./Core/Src/main.o
                0x000000000800b1fc                vtable for Service<In_data, Out_data>::dma_interrupt
 .rodata._ZTVN7ServiceI7In_data8Out_dataE14uart_interruptE
                0x000000000800b208        0xc ./Core/Src/main.o
                0x000000000800b208                vtable for Service<In_data, Out_data>::uart_interrupt
 .rodata._ZTV4ADC_
                0x000000000800b214        0xc ./Core/Src/main.o
                0x000000000800b214                vtable for ADC_
 .rodata._ZTVN4ADC_17ADC_INJ_interruptE
                0x000000000800b220        0xc ./Core/Src/main.o
                0x000000000800b220                vtable for ADC_::ADC_INJ_interrupt
 .rodata._ZTVN4ADC_13ADC_interruptE
                0x000000000800b22c        0xc ./Core/Src/main.o
                0x000000000800b22c                vtable for ADC_::ADC_interrupt
 .rodata._ZTV12Interrupting
                0x000000000800b238        0xc ./Core/Src/main.o
                0x000000000800b238                vtable for Interrupting
 .rodata._ZTV5Timer
                0x000000000800b244        0xc ./Core/Src/main.o
                0x000000000800b244                vtable for Timer
 .rodata._ZTV14TickSubscriber
                0x000000000800b250        0xc ./Core/Src/main.o
                0x000000000800b250                vtable for TickSubscriber
 .rodata._ZTV10Subscriber
                0x000000000800b25c        0xc ./Core/Src/main.o
                0x000000000800b25c                vtable for Subscriber
 .rodata.AHBPrescTable
                0x000000000800b268       0x10 ./Core/Src/system_stm32f1xx.o
                0x000000000800b268                AHBPrescTable
 .rodata.APBPrescTable
                0x000000000800b278        0x8 ./Core/Src/system_stm32f1xx.o
                0x000000000800b278                APBPrescTable
 .rodata.__ieee754_pow.str1.1
                0x000000000800b280        0x1 c:/st/stm32cubeide_1.7.0/stm32cubeide/plugins/com.st.stm32cube.ide.mcu.externaltools.gnu-tools-for-stm32.9-2020-q2-update.win32_2.0.0.202105311346/tools/bin/../lib/gcc/arm-none-eabi/9.3.1/../../../../arm-none-eabi/lib/thumb/v7-m/nofp\libm.a(lib_a-e_pow.o)
 *fill*         0x000000000800b281        0x7 
 .rodata.bp     0x000000000800b288       0x10 c:/st/stm32cubeide_1.7.0/stm32cubeide/plugins/com.st.stm32cube.ide.mcu.externaltools.gnu-tools-for-stm32.9-2020-q2-update.win32_2.0.0.202105311346/tools/bin/../lib/gcc/arm-none-eabi/9.3.1/../../../../arm-none-eabi/lib/thumb/v7-m/nofp\libm.a(lib_a-e_pow.o)
 .rodata.dp_h   0x000000000800b298       0x10 c:/st/stm32cubeide_1.7.0/stm32cubeide/plugins/com.st.stm32cube.ide.mcu.externaltools.gnu-tools-for-stm32.9-2020-q2-update.win32_2.0.0.202105311346/tools/bin/../lib/gcc/arm-none-eabi/9.3.1/../../../../arm-none-eabi/lib/thumb/v7-m/nofp\libm.a(lib_a-e_pow.o)
 .rodata.dp_l   0x000000000800b2a8       0x10 c:/st/stm32cubeide_1.7.0/stm32cubeide/plugins/com.st.stm32cube.ide.mcu.externaltools.gnu-tools-for-stm32.9-2020-q2-update.win32_2.0.0.202105311346/tools/bin/../lib/gcc/arm-none-eabi/9.3.1/../../../../arm-none-eabi/lib/thumb/v7-m/nofp\libm.a(lib_a-e_pow.o)
 .rodata.TWO52  0x000000000800b2b8       0x10 c:/st/stm32cubeide_1.7.0/stm32cubeide/plugins/com.st.stm32cube.ide.mcu.externaltools.gnu-tools-for-stm32.9-2020-q2-update.win32_2.0.0.202105311346/tools/bin/../lib/gcc/arm-none-eabi/9.3.1/../../../../arm-none-eabi/lib/thumb/v7-m/nofp\libm.a(lib_a-s_rint.o)
                0x000000000800b2c8                . = ALIGN (0x4)

.rel.dyn        0x000000000800b2c8        0x0
 .rel.iplt      0x000000000800b2c8        0x0 c:/st/stm32cubeide_1.7.0/stm32cubeide/plugins/com.st.stm32cube.ide.mcu.externaltools.gnu-tools-for-stm32.9-2020-q2-update.win32_2.0.0.202105311346/tools/bin/../lib/gcc/arm-none-eabi/9.3.1/thumb/v7-m/nofp/crtbegin.o

.ARM.extab      0x000000000800b2c8        0x0
                0x000000000800b2c8                . = ALIGN (0x4)
 *(.ARM.extab* .gnu.linkonce.armextab.*)
                0x000000000800b2c8                . = ALIGN (0x4)

.ARM            0x000000000800b2c8        0x0
                0x000000000800b2c8                . = ALIGN (0x4)
                0x000000000800b2c8                __exidx_start = .
 *(.ARM.exidx*)
                0x000000000800b2c8                __exidx_end = .
                0x000000000800b2c8                . = ALIGN (0x4)

.preinit_array  0x000000000800b2c8        0x0
                0x000000000800b2c8                . = ALIGN (0x4)
                0x000000000800b2c8                PROVIDE (__preinit_array_start = .)
 *(.preinit_array*)
                0x000000000800b2c8                PROVIDE (__preinit_array_end = .)
                0x000000000800b2c8                . = ALIGN (0x4)

.init_array     0x000000000800b2c8        0x8
                0x000000000800b2c8                . = ALIGN (0x4)
                0x000000000800b2c8                PROVIDE (__init_array_start = .)
 *(SORT_BY_NAME(.init_array.*))
 *(.init_array*)
 .init_array    0x000000000800b2c8        0x4 c:/st/stm32cubeide_1.7.0/stm32cubeide/plugins/com.st.stm32cube.ide.mcu.externaltools.gnu-tools-for-stm32.9-2020-q2-update.win32_2.0.0.202105311346/tools/bin/../lib/gcc/arm-none-eabi/9.3.1/thumb/v7-m/nofp/crtbegin.o
 .init_array    0x000000000800b2cc        0x4 ./Core/Src/main.o
                0x000000000800b2d0                PROVIDE (__init_array_end = .)
                0x000000000800b2d0                . = ALIGN (0x4)

.fini_array     0x000000000800b2d0        0x4
                0x000000000800b2d0                . = ALIGN (0x4)
                [!provide]                        PROVIDE (__fini_array_start = .)
 *(SORT_BY_NAME(.fini_array.*))
 *(.fini_array*)
 .fini_array    0x000000000800b2d0        0x4 c:/st/stm32cubeide_1.7.0/stm32cubeide/plugins/com.st.stm32cube.ide.mcu.externaltools.gnu-tools-for-stm32.9-2020-q2-update.win32_2.0.0.202105311346/tools/bin/../lib/gcc/arm-none-eabi/9.3.1/thumb/v7-m/nofp/crtbegin.o
                [!provide]                        PROVIDE (__fini_array_end = .)
                0x000000000800b2d4                . = ALIGN (0x4)
                0x000000000800b2d4                _sidata = LOADADDR (.data)

.data           0x0000000020000000       0x78 load address 0x000000000800b2d4
                0x0000000020000000                . = ALIGN (0x4)
                0x0000000020000000                _sdata = .
 *(.data)
 *(.data*)
 .data.SystemCoreClock
                0x0000000020000000        0x4 ./Core/Src/system_stm32f1xx.o
                0x0000000020000000                SystemCoreClock
 .data.uwTickPrio
                0x0000000020000004        0x4 ./Drivers/STM32F1xx_HAL_Driver/Src/stm32f1xx_hal.o
                0x0000000020000004                uwTickPrio
 .data.uwTickFreq
                0x0000000020000008        0x1 ./Drivers/STM32F1xx_HAL_Driver/Src/stm32f1xx_hal.o
                0x0000000020000008                uwTickFreq
 *fill*         0x0000000020000009        0x3 
 .data._ZN10__cxxabiv119__terminate_handlerE
                0x000000002000000c        0x4 c:/st/stm32cubeide_1.7.0/stm32cubeide/plugins/com.st.stm32cube.ide.mcu.externaltools.gnu-tools-for-stm32.9-2020-q2-update.win32_2.0.0.202105311346/tools/bin/../lib/gcc/arm-none-eabi/9.3.1/../../../../arm-none-eabi/lib/thumb/v7-m/nofp\libstdc++_nano.a(eh_term_handler.o)
                0x000000002000000c                __cxxabiv1::__terminate_handler
 .data.__fdlib_version
                0x0000000020000010        0x1 c:/st/stm32cubeide_1.7.0/stm32cubeide/plugins/com.st.stm32cube.ide.mcu.externaltools.gnu-tools-for-stm32.9-2020-q2-update.win32_2.0.0.202105311346/tools/bin/../lib/gcc/arm-none-eabi/9.3.1/../../../../arm-none-eabi/lib/thumb/v7-m/nofp\libm.a(lib_a-s_lib_ver.o)
                0x0000000020000010                __fdlib_version
 *fill*         0x0000000020000011        0x3 
 .data._impure_ptr
                0x0000000020000014        0x4 c:/st/stm32cubeide_1.7.0/stm32cubeide/plugins/com.st.stm32cube.ide.mcu.externaltools.gnu-tools-for-stm32.9-2020-q2-update.win32_2.0.0.202105311346/tools/bin/../lib/gcc/arm-none-eabi/9.3.1/../../../../arm-none-eabi/lib/thumb/v7-m/nofp\libc_nano.a(lib_a-impure.o)
                0x0000000020000014                _impure_ptr
 .data.impure_data
                0x0000000020000018       0x60 c:/st/stm32cubeide_1.7.0/stm32cubeide/plugins/com.st.stm32cube.ide.mcu.externaltools.gnu-tools-for-stm32.9-2020-q2-update.win32_2.0.0.202105311346/tools/bin/../lib/gcc/arm-none-eabi/9.3.1/../../../../arm-none-eabi/lib/thumb/v7-m/nofp\libc_nano.a(lib_a-impure.o)
 *(.RamFunc)
 *(.RamFunc*)
                0x0000000020000078                . = ALIGN (0x4)
                0x0000000020000078                _edata = .

.igot.plt       0x0000000020000078        0x0 load address 0x000000000800b34c
 .igot.plt      0x0000000020000078        0x0 c:/st/stm32cubeide_1.7.0/stm32cubeide/plugins/com.st.stm32cube.ide.mcu.externaltools.gnu-tools-for-stm32.9-2020-q2-update.win32_2.0.0.202105311346/tools/bin/../lib/gcc/arm-none-eabi/9.3.1/thumb/v7-m/nofp/crtbegin.o
                0x0000000020000078                . = ALIGN (0x4)

.bss            0x0000000020000078      0x2f4 load address 0x000000000800b34c
                0x0000000020000078                _sbss = .
                0x0000000020000078                __bss_start__ = _sbss
 *(.bss)
 .bss           0x0000000020000078       0x1c c:/st/stm32cubeide_1.7.0/stm32cubeide/plugins/com.st.stm32cube.ide.mcu.externaltools.gnu-tools-for-stm32.9-2020-q2-update.win32_2.0.0.202105311346/tools/bin/../lib/gcc/arm-none-eabi/9.3.1/thumb/v7-m/nofp/crtbegin.o
 *(.bss*)
 .bss.systemtick
                0x0000000020000094        0x1 ./Core/Src/main.o
                0x0000000020000094                systemtick
 *fill*         0x0000000020000095        0x3 
 .bss.tickUpdater
                0x0000000020000098       0x70 ./Core/Src/main.o
                0x0000000020000098                tickUpdater
 .bss.hadc1     0x0000000020000108       0x30 ./Core/Src/main.o
                0x0000000020000108                hadc1
 .bss.hadc2     0x0000000020000138       0x30 ./Core/Src/main.o
                0x0000000020000138                hadc2
 .bss.hdma_adc1
                0x0000000020000168       0x44 ./Core/Src/main.o
                0x0000000020000168                hdma_adc1
 .bss.htim1     0x00000000200001ac       0x48 ./Core/Src/main.o
                0x00000000200001ac                htim1
 .bss.htim3     0x00000000200001f4       0x48 ./Core/Src/main.o
                0x00000000200001f4                htim3
 .bss.htim4     0x000000002000023c       0x48 ./Core/Src/main.o
                0x000000002000023c                htim4
 .bss.huart3    0x0000000020000284       0x44 ./Core/Src/main.o
                0x0000000020000284                huart3
 .bss.hdma_usart3_tx
                0x00000000200002c8       0x44 ./Core/Src/main.o
                0x00000000200002c8                hdma_usart3_tx
 .bss.hdma_usart3_rx
                0x000000002000030c       0x44 ./Core/Src/main.o
                0x000000002000030c                hdma_usart3_rx
 .bss.adc_callback
                0x0000000020000350        0x4 ./Core/Src/main.o
                0x0000000020000350                adc_callback
 .bss.adc_injected_callback
                0x0000000020000354        0x4 ./Core/Src/main.o
                0x0000000020000354                adc_injected_callback
 .bss.interrupt_dma
                0x0000000020000358        0x4 ./Core/Src/main.o
                0x0000000020000358                interrupt_dma
 .bss.interrupt_uart
                0x000000002000035c        0x4 ./Core/Src/main.o
                0x000000002000035c                interrupt_uart
 .bss.period_callback
                0x0000000020000360        0x4 ./Core/Src/main.o
                0x0000000020000360                period_callback
 *(COMMON)
 COMMON         0x0000000020000364        0x4 ./Drivers/STM32F1xx_HAL_Driver/Src/stm32f1xx_hal.o
                0x0000000020000364                uwTick
 COMMON         0x0000000020000368        0x4 c:/st/stm32cubeide_1.7.0/stm32cubeide/plugins/com.st.stm32cube.ide.mcu.externaltools.gnu-tools-for-stm32.9-2020-q2-update.win32_2.0.0.202105311346/tools/bin/../lib/gcc/arm-none-eabi/9.3.1/../../../../arm-none-eabi/lib/thumb/v7-m/nofp\libc_nano.a(lib_a-reent.o)
                0x0000000020000368                errno
                0x000000002000036c                . = ALIGN (0x4)
                0x000000002000036c                _ebss = .
                0x000000002000036c                __bss_end__ = _ebss

._user_heap_stack
                0x000000002000036c      0x604 load address 0x000000000800b34c
                0x0000000020000370                . = ALIGN (0x8)
 *fill*         0x000000002000036c        0x4 
                [!provide]                        PROVIDE (end = .)
                0x0000000020000370                PROVIDE (_end = .)
                0x0000000020000570                . = (. + _Min_Heap_Size)
 *fill*         0x0000000020000370      0x200 
                0x0000000020000970                . = (. + _Min_Stack_Size)
 *fill*         0x0000000020000570      0x400 
                0x0000000020000970                . = ALIGN (0x8)

/DISCARD/
 libc.a(*)
 libm.a(*)
 libgcc.a(*)

.ARM.attributes
                0x0000000000000000       0x29
 *(.ARM.attributes)
 .ARM.attributes
                0x0000000000000000       0x1d c:/st/stm32cubeide_1.7.0/stm32cubeide/plugins/com.st.stm32cube.ide.mcu.externaltools.gnu-tools-for-stm32.9-2020-q2-update.win32_2.0.0.202105311346/tools/bin/../lib/gcc/arm-none-eabi/9.3.1/thumb/v7-m/nofp/crti.o
 .ARM.attributes
                0x000000000000001d       0x2d c:/st/stm32cubeide_1.7.0/stm32cubeide/plugins/com.st.stm32cube.ide.mcu.externaltools.gnu-tools-for-stm32.9-2020-q2-update.win32_2.0.0.202105311346/tools/bin/../lib/gcc/arm-none-eabi/9.3.1/thumb/v7-m/nofp/crtbegin.o
 .ARM.attributes
                0x000000000000004a       0x2d ./Core/Src/main.o
 .ARM.attributes
                0x0000000000000077       0x2d ./Core/Src/stm32f1xx_hal_msp.o
 .ARM.attributes
                0x00000000000000a4       0x2d ./Core/Src/stm32f1xx_it.o
 .ARM.attributes
                0x00000000000000d1       0x2d ./Core/Src/syscalls.o
 .ARM.attributes
                0x00000000000000fe       0x2d ./Core/Src/system_stm32f1xx.o
 .ARM.attributes
                0x000000000000012b       0x21 ./Core/Startup/startup_stm32f103retx.o
 .ARM.attributes
                0x000000000000014c       0x2d ./Drivers/STM32F1xx_HAL_Driver/Src/stm32f1xx_hal.o
 .ARM.attributes
                0x0000000000000179       0x2d ./Drivers/STM32F1xx_HAL_Driver/Src/stm32f1xx_hal_adc.o
 .ARM.attributes
                0x00000000000001a6       0x2d ./Drivers/STM32F1xx_HAL_Driver/Src/stm32f1xx_hal_adc_ex.o
 .ARM.attributes
                0x00000000000001d3       0x2d ./Drivers/STM32F1xx_HAL_Driver/Src/stm32f1xx_hal_cortex.o
 .ARM.attributes
                0x0000000000000200       0x2d ./Drivers/STM32F1xx_HAL_Driver/Src/stm32f1xx_hal_dma.o
 .ARM.attributes
                0x000000000000022d       0x2d ./Drivers/STM32F1xx_HAL_Driver/Src/stm32f1xx_hal_gpio.o
 .ARM.attributes
                0x000000000000025a       0x2d ./Drivers/STM32F1xx_HAL_Driver/Src/stm32f1xx_hal_rcc.o
 .ARM.attributes
                0x0000000000000287       0x2d ./Drivers/STM32F1xx_HAL_Driver/Src/stm32f1xx_hal_rcc_ex.o
 .ARM.attributes
                0x00000000000002b4       0x2d ./Drivers/STM32F1xx_HAL_Driver/Src/stm32f1xx_hal_tim.o
 .ARM.attributes
                0x00000000000002e1       0x2d ./Drivers/STM32F1xx_HAL_Driver/Src/stm32f1xx_hal_tim_ex.o
 .ARM.attributes
                0x000000000000030e       0x2d ./Drivers/STM32F1xx_HAL_Driver/Src/stm32f1xx_hal_uart.o
 .ARM.attributes