gthr-default.h:229:1:int __gthread_key_delete(__gthread_key_t)	16	static
subscriber.h:23:10:void Publisher::subscribe(Subscriber*)	16	static
subscriber.h:24:10:void Publisher::unsubscribe(Subscriber*)	16	static
subscriber.h:25:10:void Publisher::notify()	24	static
subscriber.h:19:8:Publisher::Publisher()	16	static
timers.h:30:12:TickUpdater::Subtick::Subtick()	16	static
timers.h:23:5:TickUpdater::TickUpdater()	16	static
timers.h:37:6:void HAL_IncTick()	8	static
timers.h:46:9:void TickSubscriber::subscribe()	16	static
timers.h:53:9:void TickSubscriber::unsubscribe()	16	static
subscriber.h:15:8:constexpr Subscriber::Subscriber()	16	static
timers.h:42:7:TickSubscriber::TickSubscriber()	16	static
timers.h:67:3:Timer::Timer()	16	static
timers.h:71:3:Timer::Timer(uint32_t)	16	static
timers.h:92:8:virtual void Timer::notify()	16	static
timers.h:116:51:TickUpdater::interrupt()::<lambda()>	16	static
timers.h:113:6:void TickUpdater::interrupt()	16	static
timers.h:122:6:void Timer::start(uint32_t)	16	static
timers.h:128:6:bool Timer::event()	16	static
timers.h:147:6:void Timer::stop()	16	static
timers.h:152:10:bool Timer::done()	16	static
timers.h:153:10:void Timer::pause()	16	static
timers.h:154:10:void Timer::start()	16	static
timers.h:155:10:bool Timer::isCount()	16	static
timers.h:156:10:uint32_t Timer::timePassed()	16	static
timers.h:157:10:uint32_t Timer::timeLeft()	16	static
timers.h:158:10:bool Timer::isGreater(uint32_t)	16	static
interrupt.h:14:10:void Interrupt::subscribe(Interrupting*)	16	static
interrupt.h:21:10:void Interrupt::interrupt()	16	static
adc.h:68:7:void ADC_::adc_interrupt()	16	static
adc.h:77:7:void ADC_::adc_injected_interrupt()	32	static
interrupt.h:3:8:constexpr Interrupting::Interrupting()	16	static
adc.h:203:3:ADC_::ADC_interrupt::ADC_interrupt(ADC_::Parent&)	16	static
adc.h:207:8:virtual void ADC_::ADC_interrupt::interrupt()	16	static
adc.h:214:3:ADC_::ADC_INJ_interrupt::ADC_INJ_interrupt(ADC_::Parent&)	16	static
adc.h:218:8:virtual void ADC_::ADC_INJ_interrupt::interrupt()	16	static
adc.h:225:2:ADC_::ADC_(Interrupt&, Interrupt&, uint8_t, uint16_t)	24	static
adc.h:240:7:void ADC_::measure_offset()	16	static
adc.h:244:7:void ADC_::measure_value()	16	static
adc.h:248:11:uint16_t ADC_::operator[](uint8_t)	16	static
adc.h:252:11:uint16_t ADC_::value(uint8_t)	16	static
adc.h:263:11:uint16_t ADC_::current()	16	static
adc.h:267:11:uint16_t ADC_::value_HV()	16	static
adc.h:272:7:void ADC_::reset_measure()	16	static
adc.h:274:7:void ADC_::reset_error()	16	static
adc.h:275:7:bool ADC_::is_over_s()	16	static
adc.h:276:7:void ADC_::reset_over_s()	16	static
adc.h:277:7:bool ADC_::is_over_a()	16	static
adc.h:278:7:void ADC_::reset_over_a()	16	static
adc.h:279:7:bool ADC_::is_over_c()	16	static
adc.h:280:7:void ADC_::reset_over_c()	16	static
adc.h:281:7:bool ADC_::is_error_HV()	16	static
adc.h:282:7:void ADC_::reset_error_HV()	16	static
adc.h:283:7:void ADC_::what_Km(uint16_t)	16	static
adc.h:285:7:virtual void ADC_::notify()	16	static
adc.h:294:7:void ADC_::set_max_current(uint16_t)	16	static
adc.h:298:7:void ADC_::set_max_current_phase(uint16_t)	16	static
adc.h:308:6:void HAL_ADC_ConvCpltCallback(ADC_HandleTypeDef*)	16	static
adc.h:315:6:void HAL_ADCEx_InjectedConvCpltCallback(ADC_HandleTypeDef*)	16	static
pin.h:9:2:Pin::Pin(GPIO_TypeDef*, uint16_t)	24	static
pin.h:16:9:void Pin::set()	16	static
pin.h:17:9:void Pin::clear()	16	static
pin.h:18:9:bool Pin::is_set()	16	static
pin.h:24:9:bool Pin::operator=(bool)	16	static
pin.h:36:4:Pin::operator bool()	16	static
ntc.h:26:5:NTC::NTC()	16	static
ntc.h:32:14:uint16_t NTC::operator()(uint16_t)	24	static
service.h:244:6:void HAL_UART_TxCpltCallback(UART_HandleTypeDef*)	16	static
service.h:250:6:void HAL_UARTEx_RxEventCallback(UART_HandleTypeDef*, uint16_t)	16	static
contactor.h:16:2:Contactor::Contactor(ADC_&, Service<In_data, Out_data>&)	24	static
contactor.h:18:7:void Contactor::start()	16	static
contactor.h:24:7:void Contactor::stop()	16	static
contactor.h:32:7:bool Contactor::is_on()	16	static
contactor.h:36:7:void Contactor::operator()()	16	static
convertor.h:77:3:Convertor::TIM3_interrupt::TIM3_interrupt(Convertor::Parent&)	16	static
convertor.h:81:8:virtual void Convertor::TIM3_interrupt::interrupt()	16	static
convertor.h:88:3:Convertor::adc_comparator_interrupt::adc_comparator_interrupt(Convertor::Parent&)	16	static
convertor.h:92:8:virtual void Convertor::adc_comparator_interrupt::interrupt()	16	static
convertor.h:97:7:void Convertor::period_interrupt()	16	static
convertor.h:113:7:void Convertor::comparator_interrupt()	16	static
convertor.h:119:2:Convertor::Convertor(ADC_&, Service<In_data, Out_data>&, Contactor&, Interrupt&, Interrupt&, Pin&, Pin&, Pin&, Pin&, Pin&, Pin&, Pin&, Pin&, Pin&)	32	static
convertor.h:125:7:void Convertor::operator()()	24	static
convertor.h:471:7:void Convertor::pusk()	16	static
convertor.h:510:7:void Convertor::stop()	16	static
convertor.h:534:7:void Convertor::alarm()	16	static
convertor.h:621:6:void HAL_TIM_PeriodElapsedCallback(TIM_HandleTypeDef*)	16	static
convertor.h:628:6:void HAL_ADC_LevelOutOfWindowCallback(ADC_HandleTypeDef*)	16	static
main.cpp:93:5:int main()	864	static
main.cpp:179:6:void SystemClock_Config()	96	static
main.cpp:225:13:void MX_ADC1_Init()	24	static
main.cpp:294:13:void MX_ADC2_Init()	64	static
main.cpp:408:13:void MX_TIM1_Init()	80	static
main.cpp:481:13:void MX_TIM3_Init()	48	static
main.cpp:529:13:void MX_TIM4_Init()	48	static
main.cpp:578:13:void MX_USART3_UART_Init()	8	static
main.cpp:609:13:void MX_DMA_Init()	16	static
main.cpp:633:13:void MX_GPIO_Init()	40	static
main.cpp:701:6:void Error_Handler()	4	static,ignoring_inline_asm
static_vector.h:22:10:void Static_vector<T, size_>::push_back(T) [with T = Subscriber*; unsigned int size_ = 12]	16	static
static_vector.h:27:10:void Static_vector<T, size_>::remove(T) [with T = Subscriber*; unsigned int size_ = 12]	24	static
static_vector.h:20:13:uint8_t Static_vector<T, size_>::cend() const [with T = Subscriber*; unsigned int size_ = 12]	16	static
static_vector.h:44:7:T Static_vector<T, size_>::operator[](size_t) const [with T = Subscriber*; unsigned int size_ = 12]	16	static
static_vector.h:18:5:Static_vector<T, size_>::Static_vector() [with T = Subscriber*; unsigned int size_ = 12]	16	static
systick.h:13:30:void SystemTick::initInterrupt() [with short unsigned int us = 1000]	16	static
timers.h:107:13:void every_qty_cnt_call(size_t&, size_t, Function) [with Function = TickUpdater::interrupt()::<lambda()>]	24	static
cmath:415:5:constexpr typename __gnu_cxx::__promote_2<_Tp, _Up>::__type std::pow(_Tp, _Up) [with _Tp = int; _Up = int]	24	static
service.h:155:7:void Service<In_data_t, Out_data_t>::operator()() [with In_data_t = In_data; Out_data_t = Out_data]	32	static
uart.h:15:2:UART_<buffer_size>::UART_(Pin&) [with unsigned int buffer_size = 26]	16	static
service.h:138:2:Service<In_data_t, Out_data_t>::Service(ADC_&, NTC&, UART_<>&, Interrupt&, Interrupt&) [with In_data_t = In_data; Out_data_t = Out_data]	24	static
net_buffer.h:29:13:uint8_t Net_buffer<size_>::operator[](int) [with unsigned char size_ = 26]	16	static
net_buffer.h:11:10:void Net_buffer<size_>::clear() [with unsigned char size_ = 26]	16	static
net_buffer.h:101:20:Net_buffer<size_>& Net_buffer<size_>::operator<<(uint16_t) [with unsigned char size_ = 26]	24	static
net_buffer.h:110:20:Net_buffer<size_>& Net_buffer<size_>::operator<<(int16_t) [with unsigned char size_ = 26]	24	static
net_buffer.h:81:20:Net_buffer<size_>& Net_buffer<size_>::operator<<(char) [with unsigned char size_ = 26]	16	static
net_buffer.h:14:13:uint8_t Net_buffer<size_>::size() [with unsigned char size_ = 26]	16	static
uart.h:19:7:void UART_<buffer_size>::transmit() [with unsigned int buffer_size = 26]	24	static
uart.h:25:7:void UART_<buffer_size>::receive() [with unsigned int buffer_size = 26]	16	static
net_buffer.h:7:5:Net_buffer<size_>::Net_buffer() [with unsigned char size_ = 26]	16	static
service.h:96:3:Service<In_data_t, Out_data_t>::uart_interrupt::uart_interrupt(Service<In_data_t, Out_data_t>::Parent&) [with In_data_t = In_data; Out_data_t = Out_data]	16	static
service.h:107:3:Service<In_data_t, Out_data_t>::dma_interrupt::dma_interrupt(Service<In_data_t, Out_data_t>::Parent&) [with In_data_t = In_data; Out_data_t = Out_data]	16	static
net_buffer.h:39:10:void Net_buffer<size_>::to_bytes(uint16_t, uint8_t&, uint8_t&) [with unsigned char size_ = 26]	32	static
net_buffer.h:71:20:Net_buffer<size_>& Net_buffer<size_>::operator<<(uint8_t) [with unsigned char size_ = 26]	16	static
net_buffer.h:16:14:uint8_t* Net_buffer<size_>::ptr() [with unsigned char size_ = 26]	16	static
main.cpp:710:1:void __static_initialization_and_destruction_0(int, int)	16	static
service.h:111:8:void Service<In_data_t, Out_data_t>::dma_interrupt::interrupt() [with In_data_t = In_data; Out_data_t = Out_data]	16	static
service.h:100:8:void Service<In_data_t, Out_data_t>::uart_interrupt::interrupt() [with In_data_t = In_data; Out_data_t = Out_data]	16	static
service.h:88:7:void Service<In_data_t, Out_data_t>::dmaInterrupt() [with In_data_t = In_data; Out_data_t = Out_data]	16	static
service.h:83:7:void Service<In_data_t, Out_data_t>::uartInterrupt() [with In_data_t = In_data; Out_data_t = Out_data]	16	static
main.cpp:710:1:cpp)	8	static
