stm32f1xx_it.c:77:6:NMI_Handler	4	static
stm32f1xx_it.c:92:6:HardFault_Handler	8	static
stm32f1xx_it.c:125:6:MemManage_Handler	4	static
stm32f1xx_it.c:140:6:BusFault_Handler	4	static
stm32f1xx_it.c:155:6:UsageFault_Handler	4	static
stm32f1xx_it.c:170:6:SVC_Handler	4	static
stm32f1xx_it.c:183:6:DebugMon_Handler	4	static
stm32f1xx_it.c:196:6:PendSV_Handler	4	static
stm32f1xx_it.c:209:6:SysTick_Handler	8	static
stm32f1xx_it.c:231:6:DMA1_Channel1_IRQHandler	8	static
stm32f1xx_it.c:245:6:DMA1_Channel2_IRQHandler	8	static
stm32f1xx_it.c:259:6:DMA1_Channel3_IRQHandler	8	static
stm32f1xx_it.c:273:6:ADC1_2_IRQHandler	8	static
stm32f1xx_it.c:288:6:TIM3_IRQHandler	8	static
stm32f1xx_it.c:302:6:USART3_IRQHandler	8	static
